Component: ARM Compiler 5.05 update 1 (build 106) Tool: armlink [4d0efa]

==============================================================================

Section Cross References

    startup_stm32f407xx.o(RESET) refers to startup_stm32f407xx.o(STACK) for __initial_sp
    startup_stm32f407xx.o(RESET) refers to startup_stm32f407xx.o(.text) for Reset_Handler
    startup_stm32f407xx.o(RESET) refers to port.o(.emb_text) for SVC_Handler
    startup_stm32f407xx.o(RESET) refers to stm32f4xx_it.o(i.SysTick_Handler) for SysTick_Handler
    startup_stm32f407xx.o(RESET) refers to stm32f4xx_it.o(i.EXTI0_IRQHandler) for EXTI0_IRQHandler
    startup_stm32f407xx.o(RESET) refers to stm32f4xx_it.o(i.EXTI1_IRQHandler) for EXTI1_IRQHandler
    startup_stm32f407xx.o(RESET) refers to stm32f4xx_it.o(i.EXTI9_5_IRQHandler) for EXTI9_5_IRQHandler
    startup_stm32f407xx.o(.text) refers to system_stm32f4xx.o(i.SystemInit) for SystemInit
    startup_stm32f407xx.o(.text) refers to entry.o(.ARM.Collect$$$$00000000) for __main
    system_stm32f4xx.o(i.SystemCoreClockUpdate) refers to system_stm32f4xx.o(.data) for SystemCoreClock
    system_stm32f4xx.o(i.SystemCoreClockUpdate) refers to system_stm32f4xx.o(.constdata) for AHBPrescTable
    stm32f4xx_hal_msp.o(i.HAL_I2C_MspDeInit) refers to stm32f4xx_hal_gpio.o(i.HAL_GPIO_DeInit) for HAL_GPIO_DeInit
    stm32f4xx_hal_msp.o(i.HAL_I2C_MspInit) refers to stm32f4xx_hal_gpio.o(i.HAL_GPIO_Init) for HAL_GPIO_Init
    stm32f4xx_hal_msp.o(i.HAL_MspInit) refers to stm32f4xx_hal_cortex.o(i.HAL_NVIC_SetPriorityGrouping) for HAL_NVIC_SetPriorityGrouping
    stm32f4xx_hal_msp.o(i.HAL_MspInit) refers to stm32f4xx_hal_cortex.o(i.HAL_NVIC_SetPriority) for HAL_NVIC_SetPriority
    stm32f4xx_hal_msp.o(i.HAL_SPI_MspDeInit) refers to stm32f4xx_hal_gpio.o(i.HAL_GPIO_DeInit) for HAL_GPIO_DeInit
    stm32f4xx_hal_msp.o(i.HAL_SPI_MspInit) refers to stm32f4xx_hal_gpio.o(i.HAL_GPIO_Init) for HAL_GPIO_Init
    stm32f4xx_hal_msp.o(i.HAL_UART_MspDeInit) refers to stm32f4xx_hal_gpio.o(i.HAL_GPIO_DeInit) for HAL_GPIO_DeInit
    stm32f4xx_hal_msp.o(i.HAL_UART_MspInit) refers to stm32f4xx_hal_gpio.o(i.HAL_GPIO_Init) for HAL_GPIO_Init
    main.o(i.MX_GPIO_Init) refers to stm32f4xx_hal_gpio.o(i.HAL_GPIO_Init) for HAL_GPIO_Init
    main.o(i.MX_GPIO_Init) refers to stm32f4xx_hal_cortex.o(i.HAL_NVIC_SetPriority) for HAL_NVIC_SetPriority
    main.o(i.MX_GPIO_Init) refers to stm32f4xx_hal_cortex.o(i.HAL_NVIC_EnableIRQ) for HAL_NVIC_EnableIRQ
    main.o(i.MX_I2C1_Init) refers to stm32f4xx_hal_i2c.o(i.HAL_I2C_Init) for HAL_I2C_Init
    main.o(i.MX_I2C1_Init) refers to main.o(.bss) for hi2c1
    main.o(i.MX_SPI1_Init) refers to stm32f4xx_hal_spi.o(i.HAL_SPI_Init) for HAL_SPI_Init
    main.o(i.MX_SPI1_Init) refers to main.o(.bss) for hspi1
    main.o(i.MX_SPI3_Init) refers to stm32f4xx_hal_spi.o(i.HAL_SPI_Init) for HAL_SPI_Init
    main.o(i.MX_SPI3_Init) refers to main.o(.bss) for hspi3
    main.o(i.MX_TIM6_Init) refers to stm32f4xx_hal_tim.o(i.HAL_TIM_Base_Init) for HAL_TIM_Base_Init
    main.o(i.MX_TIM6_Init) refers to stm32f4xx_hal_tim_ex.o(i.HAL_TIMEx_MasterConfigSynchronization) for HAL_TIMEx_MasterConfigSynchronization
    main.o(i.MX_TIM6_Init) refers to main.o(.bss) for htim6
    main.o(i.MX_USART2_UART_Init) refers to stm32f4xx_hal_uart.o(i.HAL_UART_Init) for HAL_UART_Init
    main.o(i.MX_USART2_UART_Init) refers to main.o(.bss) for huart2
    main.o(i.StartDefaultTask) refers to stm32f4xx_hal.o(i.HAL_Delay) for HAL_Delay
    main.o(i.SystemClock_Config) refers to stm32f4xx_hal_rcc.o(i.HAL_RCC_OscConfig) for HAL_RCC_OscConfig
    main.o(i.SystemClock_Config) refers to stm32f4xx_hal_rcc.o(i.HAL_RCC_ClockConfig) for HAL_RCC_ClockConfig
    main.o(i.SystemClock_Config) refers to stm32f4xx_hal_rcc.o(i.HAL_RCC_GetHCLKFreq) for HAL_RCC_GetHCLKFreq
    main.o(i.SystemClock_Config) refers to stm32f4xx_hal_cortex.o(i.HAL_SYSTICK_Config) for HAL_SYSTICK_Config
    main.o(i.SystemClock_Config) refers to stm32f4xx_hal_cortex.o(i.HAL_SYSTICK_CLKSourceConfig) for HAL_SYSTICK_CLKSourceConfig
    main.o(i.main) refers to stm32f4xx_hal.o(i.HAL_Init) for HAL_Init
    main.o(i.main) refers to main.o(i.SystemClock_Config) for SystemClock_Config
    main.o(i.main) refers to main.o(i.MX_GPIO_Init) for MX_GPIO_Init
    main.o(i.main) refers to main.o(i.MX_I2C1_Init) for MX_I2C1_Init
    main.o(i.main) refers to main.o(i.MX_SPI1_Init) for MX_SPI1_Init
    main.o(i.main) refers to main.o(i.MX_SPI3_Init) for MX_SPI3_Init
    main.o(i.main) refers to main.o(i.MX_TIM6_Init) for MX_TIM6_Init
    main.o(i.main) refers to main.o(i.MX_USART2_UART_Init) for MX_USART2_UART_Init
    main.o(i.main) refers to stm32f4xx_hal_gpio.o(i.HAL_GPIO_WritePin) for HAL_GPIO_WritePin
    main.o(i.main) refers to tasks.o(i.xTaskGenericCreate) for xTaskGenericCreate
    main.o(i.main) refers to tasks.o(i.vTaskStartScheduler) for vTaskStartScheduler
    main.o(i.main) refers to main.o(.data) for aqManagerHandle
    main.o(i.main) refers to boias.o(i.boias) for boias
[...]
    i.HMM_Init_models                        0x0800278c   Section        0  hmm.o(i.HMM_Init_models)
    i.MX_GPIO_Init                           0x080027fc   Section        0  main.o(i.MX_GPIO_Init)
    MX_GPIO_Init                             0x080027fd   Thumb Code   546  main.o(i.MX_GPIO_Init)
    i.MX_I2C1_Init                           0x08002a40   Section        0  main.o(i.MX_I2C1_Init)
    MX_I2C1_Init                             0x08002a41   Thumb Code    42  main.o(i.MX_I2C1_Init)
    i.MX_SPI1_Init                           0x08002a78   Section        0  main.o(i.MX_SPI1_Init)
    MX_SPI1_Init                             0x08002a79   Thumb Code    54  main.o(i.MX_SPI1_Init)
    i.MX_SPI3_Init                           0x08002ab8   Section        0  main.o(i.MX_SPI3_Init)
    MX_SPI3_Init                             0x08002ab9   Thumb Code    52  main.o(i.MX_SPI3_Init)
    i.MX_TIM6_Init                           0x08002af4   Section        0  main.o(i.MX_TIM6_Init)
    MX_TIM6_Init                             0x08002af5   Thumb Code    40  main.o(i.MX_TIM6_Init)
    i.MX_USART2_UART_Init                    0x08002b24   Section        0  main.o(i.MX_USART2_UART_Init)
    MX_USART2_UART_Init                      0x08002b25   Thumb Code    38  main.o(i.MX_USART2_UART_Init)
    i.NVIC_GetPriorityGrouping               0x08002b58   Section        0  stm32f4xx_hal_cortex.o(i.NVIC_GetPriorityGrouping)
    NVIC_GetPriorityGrouping                 0x08002b59   Thumb Code    10  stm32f4xx_hal_cortex.o(i.NVIC_GetPriorityGrouping)
    i.NVIC_SetPriority                       0x08002b68   Section        0  stm32f4xx_hal_cortex.o(i.NVIC_SetPriority)
    NVIC_SetPriority                         0x08002b69   Thumb Code    32  stm32f4xx_hal_cortex.o(i.NVIC_SetPriority)
    i.SPI_Send                               0x08002b90   Section        0  nrf24l01.o(i.SPI_Send)
    i.SPI_WaitOnFlagUntilTimeout             0x08002bb0   Section        0  stm32f4xx_hal_spi.o(i.SPI_WaitOnFlagUntilTimeout)
    SPI_WaitOnFlagUntilTimeout               0x08002bb1   Thumb Code   276  stm32f4xx_hal_spi.o(i.SPI_WaitOnFlagUntilTimeout)
    i.SysTick_Handler                        0x08002cc4   Section        0  stm32f4xx_it.o(i.SysTick_Handler)
    i.SystemClock_Config                     0x08002cd0   Section        0  main.o(i.SystemClock_Config)
    i.SystemInit                             0x08002d78   Section        0  system_stm32f4xx.o(i.SystemInit)
    i.TIM_Base_SetConfig                     0x08002ddc   Section        0  stm32f4xx_hal_tim.o(i.TIM_Base_SetConfig)
    i.TIM_CCxChannelCmd                      0x08002ec0   Section        0  stm32f4xx_hal_tim.o(i.TIM_CCxChannelCmd)
    i.UART_SetConfig                         0x08002edc   Section        0  stm32f4xx_hal_uart.o(i.UART_SetConfig)
    UART_SetConfig                           0x08002edd   Thumb Code   538  stm32f4xx_hal_uart.o(i.UART_SetConfig)
    i.UART_WaitOnFlagUntilTimeout            0x08003100   Section        0  stm32f4xx_hal_uart.o(i.UART_WaitOnFlagUntilTimeout)
    UART_WaitOnFlagUntilTimeout              0x08003101   Thumb Code   250  stm32f4xx_hal_uart.o(i.UART_WaitOnFlagUntilTimeout)
    i.__0printf                              0x080031fc   Section        0  printfa.o(i.__0printf)
    i.__hardfp_log                           0x08003220   Section        0  log.o(i.__hardfp_log)
    i.__hardfp_log10                         0x080035e8   Section        0  log10.o(i.__hardfp_log10)
    i.__kernel_poly                          0x08003718   Section        0  poly.o(i.__kernel_poly)
    i.__mathlib_dbl_divzero                  0x08003810   Section        0  dunder.o(i.__mathlib_dbl_divzero)
    i.__mathlib_dbl_infnan                   0x08003840   Section        0  dunder.o(i.__mathlib_dbl_infnan)
    i.__mathlib_dbl_invalid                  0x08003858   Section        0  dunder.o(i.__mathlib_dbl_invalid)
    i.__scatterload_copy                     0x08003878   Section       14  handlers.o(i.__scatterload_copy)
    i.__scatterload_null                     0x08003886   Section        2  handlers.o(i.__scatterload_null)
    i.__scatterload_zeroinit                 0x08003888   Section       14  handlers.o(i.__scatterload_zeroinit)
    i.__set_errno                            0x08003898   Section        0  errno.o(i.__set_errno)
    i._fp_digits                             0x080038a4   Section        0  printfa.o(i._fp_digits)
    _fp_digits                               0x080038a5   Thumb Code   334  printfa.o(i._fp_digits)
    i._printf_core                           0x08003a08   Section        0  printfa.o(i._printf_core)
    _printf_core                             0x08003a09   Thumb Code  1744  printfa.o(i._printf_core)
    i._printf_post_padding                   0x080040e4   Section        0  printfa.o(i._printf_post_padding)
    _printf_post_padding                     0x080040e5   Thumb Code    36  printfa.o(i._printf_post_padding)
    i._printf_pre_padding                    0x08004108   Section        0  printfa.o(i._printf_pre_padding)
    _printf_pre_padding                      0x08004109   Thumb Code    46  printfa.o(i._printf_pre_padding)
    i.boias                                  0x08004138   Section        0  boias.o(i.boias)
    i.clear_results                          0x08004190   Section        0  kdtree.o(i.clear_results)
    clear_results                            0x08004191   Thumb Code    32  kdtree.o(i.clear_results)
    i.codeBook_init                          0x080041b0   Section        0  codebook.o(i.codeBook_init)
    i.codebook_idx                           0x0800428c   Section        0  codebook.o(i.codebook_idx)
    i.codebook_vecToIdx                      0x080042d4   Section        0  codebook.o(i.codebook_vecToIdx)
    i.error                                  0x08004340   Section        0  error.o(i.error)
    i.fputc                                  0x0800441c   Section        0  retarget.o(i.fputc)
    i.hyperrect_create                       0x08004454   Section        0  kdtree.o(i.hyperrect_create)
    hyperrect_create                         0x08004455   Thumb Code   100  kdtree.o(i.hyperrect_create)
    i.hyperrect_dist_sq                      0x080044b8   Section        0  kdtree.o(i.hyperrect_dist_sq)
    hyperrect_dist_sq                        0x080044b9   Thumb Code   396  kdtree.o(i.hyperrect_dist_sq)
    i.hyperrect_duplicate                    0x0800464c   Section        0  kdtree.o(i.hyperrect_duplicate)
    hyperrect_duplicate                      0x0800464d   Thumb Code    14  kdtree.o(i.hyperrect_duplicate)
    i.hyperrect_extend                       0x0800465a   Section        0  kdtree.o(i.hyperrect_extend)
    hyperrect_extend                         0x0800465b   Thumb Code   152  kdtree.o(i.hyperrect_extend)
    i.hyperrect_free                         0x080046f2   Section        0  kdtree.o(i.hyperrect_free)
    hyperrect_free                           0x080046f3   Thumb Code    24  kdtree.o(i.hyperrect_free)
    i.insert_rec                             0x0800470a   Section        0  kdtree.o(i.insert_rec)
    insert_rec                               0x0800470b   Thumb Code   188  kdtree.o(i.insert_rec)
    i.kd_create                              0x080047c6   Section        0  kdtree.o(i.kd_create)
    i.kd_insert                              0x080047e4   Section        0  kdtree.o(i.kd_insert)
    i.kd_insertf                             0x08004824   Section        0  kdtree.o(i.kd_insertf)
    i.kd_nearest                             0x0800488c   Section        0  kdtree.o(i.kd_nearest)
    i.kd_nearest_i                           0x080049e8   Section        0  kdtree.o(i.kd_nearest_i)
    kd_nearest_i                             0x080049e9   Thumb Code   452  kdtree.o(i.kd_nearest_i)
    i.kd_nearestf                            0x08004bb4   Section        0  kdtree.o(i.kd_nearestf)
    i.kd_res_free                            0x08004c18   Section        0  kdtree.o(i.kd_res_free)
    i.kd_res_item                            0x08004c30   Section        0  kdtree.o(i.kd_res_item)
    i.kd_res_item_data                       0x08004c5a   Section        0  kdtree.o(i.kd_res_item_data)
    i.kd_res_rewind                          0x08004c68   Section        0  kdtree.o(i.kd_res_rewind)
    i.log                                    0x08004c70   Section        0  log.o(i.log)
    i.main                                   0x08004c80   Section        0  main.o(i.main)
    i.malloc                                 0x08004d24   Section        0  malloc.o(i.malloc)
    i.nrf24l01_flushTXfifo                   0x08004d90   Section        0  nrf24l01.o(i.nrf24l01_flushTXfifo)
    i.nrf24l01_getStatus                     0x08004db4   Section        0  nrf24l01.o(i.nrf24l01_getStatus)
    i.nrf24l01_readregister                  0x08004ddc   Section        0  nrf24l01.o(i.nrf24l01_readregister)
    i.nrf24l01_setTX                         0x08004e0c   Section        0  nrf24l01.o(i.nrf24l01_setTX)
    i.nrf24l01_txSend                        0x08004e54   Section        0  nrf24l01.o(i.nrf24l01_txSend)
    i.nrf24l01_write                         0x08004e6c   Section        0  nrf24l01.o(i.nrf24l01_write)
    i.nrf24l01_writeRegister                 0x08004f04   Section        0  nrf24l01.o(i.nrf24l01_writeRegister)
    i.preprocessing                          0x08004f38   Section        0  pre_processing.o(i.preprocessing)
    i.printIdx                               0x08004fb8   Section        0  pre_processing.o(i.printIdx)
    i.processing_init                        0x08004fe4   Section        0  pre_processing.o(i.processing_init)
    i.prvAddCurrentTaskToDelayedList         0x0800504c   Section        0  tasks.o(i.prvAddCurrentTaskToDelayedList)
    prvAddCurrentTaskToDelayedList           0x0800504d   Thumb Code    62  tasks.o(i.prvAddCurrentTaskToDelayedList)
    i.prvAllocateTCBAndStack                 0x080050a0   Section        0  tasks.o(i.prvAllocateTCBAndStack)
    prvAllocateTCBAndStack                   0x080050a1   Thumb Code    66  tasks.o(i.prvAllocateTCBAndStack)
    i.prvCheckTasksWaitingTermination        0x080050e4   Section        0  tasks.o(i.prvCheckTasksWaitingTermination)
    prvCheckTasksWaitingTermination          0x080050e5   Thumb Code    86  tasks.o(i.prvCheckTasksWaitingTermination)
    i.prvCopyDataFromQueue                   0x08005148   Section        0  queue.o(i.prvCopyDataFromQueue)
    prvCopyDataFromQueue                     0x08005149   Thumb Code    42  queue.o(i.prvCopyDataFromQueue)
    i.prvCopyDataToQueue                     0x08005172   Section        0  queue.o(i.prvCopyDataToQueue)
    prvCopyDataToQueue                       0x08005173   Thumb Code   128  queue.o(i.prvCopyDataToQueue)
    i.prvDeleteTCB                           0x080051f2   Section        0  tasks.o(i.prvDeleteTCB)
    prvDeleteTCB                             0x080051f3   Thumb Code    18  tasks.o(i.prvDeleteTCB)
    i.prvHeapInit                            0x08005204   Section        0  heap_4.o(i.prvHeapInit)
    prvHeapInit                              0x08005205   Thumb Code    98  heap_4.o(i.prvHeapInit)
    i.prvIdleTask                            0x08005280   Section        0  tasks.o(i.prvIdleTask)
    prvIdleTask                              0x08005281   Thumb Code    32  tasks.o(i.prvIdleTask)
    i.prvInitialiseTCBVariables              0x080052a8   Section        0  tasks.o(i.prvInitialiseTCBVariables)
    prvInitialiseTCBVariables                0x080052a9   Thumb Code    98  tasks.o(i.prvInitialiseTCBVariables)
    i.prvInitialiseTaskLists                 0x0800530c   Section        0  tasks.o(i.prvInitialiseTaskLists)
    prvInitialiseTaskLists                   0x0800530d   Thumb Code    70  tasks.o(i.prvInitialiseTaskLists)
    i.prvInsertBlockIntoFreeList             0x08005374   Section        0  heap_4.o(i.prvInsertBlockIntoFreeList)
    prvInsertBlockIntoFreeList               0x08005375   Thumb Code    96  heap_4.o(i.prvInsertBlockIntoFreeList)
    i.prvIsQueueEmpty                        0x080053dc   Section        0  queue.o(i.prvIsQueueEmpty)
    prvIsQueueEmpty                          0x080053dd   Thumb Code    26  queue.o(i.prvIsQueueEmpty)
    i.prvIsQueueFull                         0x080053f6   Section        0  queue.o(i.prvIsQueueFull)
    prvIsQueueFull                           0x080053f7   Thumb Code    30  queue.o(i.prvIsQueueFull)
    i.prvResetNextTaskUnblockTime            0x08005414   Section        0  tasks.o(i.prvResetNextTaskUnblockTime)
    prvResetNextTaskUnblockTime              0x08005415   Thumb Code    42  tasks.o(i.prvResetNextTaskUnblockTime)
    i.prvTaskExitError                       0x08005448   Section        0  port.o(i.prvTaskExitError)
    prvTaskExitError                         0x08005449   Thumb Code    60  port.o(i.prvTaskExitError)
    i.prvTestWaitCondition                   0x08005488   Section        0  event_groups.o(i.prvTestWaitCondition)
    prvTestWaitCondition                     0x08005489   Thumb Code    30  event_groups.o(i.prvTestWaitCondition)
    i.prvUnlockQueue                         0x080054a6   Section        0  queue.o(i.prvUnlockQueue)
    prvUnlockQueue                           0x080054a7   Thumb Code   126  queue.o(i.prvUnlockQueue)
    i.pvPortMalloc                           0x08005524   Section        0  heap_4.o(i.pvPortMalloc)
    i.pvTaskIncrementMutexHeldCount          0x08005660   Section        0  tasks.o(i.pvTaskIncrementMutexHeldCount)
    i.pxPortInitialiseStack                  0x08005680   Section        0  port.o(i.pxPortInitialiseStack)
    i.rlist_insert                           0x080056a8   Section        0  kdtree.o(i.rlist_insert)
    rlist_insert                             0x080056a9   Thumb Code   106  kdtree.o(i.rlist_insert)
    i.simpleProc                             0x0800571c   Section        0  pre_processing.o(i.simpleProc)
    i.simpleProcessing                       0x08005798   Section        0  simpleprocessing.o(i.simpleProcessing)
    i.usDelay                                0x08005834   Section        0  usdelay.o(i.usDelay)
    i.uxListRemove                           0x08005880   Section        0  list.o(i.uxListRemove)
    i.uxTaskResetEventItemValue              0x080058a8   Section        0  tasks.o(i.uxTaskResetEventItemValue)
    i.vListInitialise                        0x080058c4   Section        0  list.o(i.vListInitialise)
    i.vListInitialiseItem                    0x080058de   Section        0  list.o(i.vListInitialiseItem)
    i.vListInsert                            0x080058e4   Section        0  list.o(i.vListInsert)
    i.vListInsertEnd                         0x08005918   Section        0  list.o(i.vListInsertEnd)
    i.vPortEnterCritical                     0x08005930   Section        0  port.o(i.vPortEnterCritical)
    i.vPortExitCritical                      0x08005984   Section        0  port.o(i.vPortExitCritical)
    i.vPortFree                              0x080059c0   Section        0  heap_4.o(i.vPortFree)
    i.vPortSetupTimerInterrupt               0x08005a54   Section        0  port.o(i.vPortSetupTimerInterrupt)
    i.vPortValidateInterruptPriority         0x08005a74   Section        0  port.o(i.vPortValidateInterruptPriority)
    i.vTaskMissedYield                       0x08005aec   Section        0  tasks.o(i.vTaskMissedYield)
    i.vTaskPlaceOnEventList                  0x08005af8   Section        0  tasks.o(i.vTaskPlaceOnEventList)
    i.vTaskPlaceOnUnorderedEventList         0x08005b74   Section        0  tasks.o(i.vTaskPlaceOnUnorderedEventList)
    i.vTaskPriorityInherit                   0x08005c28   Section        0  tasks.o(i.vTaskPriorityInherit)
    i.vTaskSetTimeOutState                   0x08005cd8   Section        0  tasks.o(i.vTaskSetTimeOutState)
    i.vTaskStartScheduler                    0x08005d08   Section        0  tasks.o(i.vTaskStartScheduler)
    i.vTaskSuspendAll                        0x08005d80   Section        0  tasks.o(i.vTaskSuspendAll)
    i.vTaskSwitchContext                     0x08005d90   Section        0  tasks.o(i.vTaskSwitchContext)
    i.vec_content_sum                        0x08005e1c   Section        0  hmm.o(i.vec_content_sum)
    i.xEventGroupCreate                      0x08005e48   Section        0  event_groups.o(i.xEventGroupCreate)
    i.xEventGroupSetBits                     0x08005e62   Section        0  event_groups.o(i.xEventGroupSetBits)
    i.xEventGroupWaitBits                    0x08005f30   Section        0  event_groups.o(i.xEventGroupWaitBits)
    i.xPortStartScheduler                    0x08006084   Section        0  port.o(i.xPortStartScheduler)
    i.xPortSysTickHandler                    0x080061c0   Section        0  port.o(i.xPortSysTickHandler)
    i.xQueueGenericCreate                    0x080061f4   Section        0  queue.o(i.xQueueGenericCreate)
    i.xQueueGenericReceive                   0x08006280   Section        0  queue.o(i.xQueueGenericReceive)
    i.xQueueGenericReset                     0x0800642c   Section        0  queue.o(i.xQueueGenericReset)
    i.xQueueGenericSend                      0x080064c0   Section        0  queue.o(i.xQueueGenericSend)
    i.xQueueGiveFromISR                      0x08006660   Section        0  queue.o(i.xQueueGiveFromISR)
    i.xTaskCheckForTimeOut                   0x08006738   Section        0  tasks.o(i.xTaskCheckForTimeOut)
    i.xTaskGenericCreate                     0x080067c4   Section        0  tasks.o(i.xTaskGenericCreate)
    i.xTaskGetSchedulerState                 0x08006934   Section        0  tasks.o(i.xTaskGetSchedulerState)
    i.xTaskIncrementTick                     0x08006954   Section        0  tasks.o(i.xTaskIncrementTick)
    i.xTaskNotifyFromISR                     0x08006aa0   Section        0  tasks.o(i.xTaskNotifyFromISR)
    i.xTaskPriorityDisinherit                0x08006bc8   Section        0  tasks.o(i.xTaskPriorityDisinherit)
    i.xTaskRemoveFromEventList               0x08006c90   Section        0  tasks.o(i.xTaskRemoveFromEventList)
    i.xTaskRemoveFromUnorderedEventList      0x08006d28   Section        0  tasks.o(i.xTaskRemoveFromUnorderedEventList)
    i.xTaskResumeAll                         0x08006dd8   Section        0  tasks.o(i.xTaskResumeAll)
    .constdata                               0x08006edc   Section       16  stm32f4xx_hal_rcc.o(.constdata)
    .constdata                               0x08006eec   Section     9952  hmm_param.o(.constdata)
    .constdata                               0x080095d0   Section       56  log.o(.constdata)
    Lg2                                      0x080095d0   Data          24  log.o(.constdata)
    Lg                                       0x080095e8   Data          32  log.o(.constdata)
    .constdata                               0x08009608   Section        8  qnan.o(.constdata)
    .data                                    0x20000000   Section        4  system_stm32f4xx.o(.data)
    .data                                    0x20000004   Section       12  main.o(.data)
    .data                                    0x20000010   Section       12  gmoteisr.o(.data)
    state                                    0x20000010   Data           4  gmoteisr.o(.data)
    semophoreWoke                            0x20000014   Data           4  gmoteisr.o(.data)
    notificationWoke                         0x20000018   Data           4  gmoteisr.o(.data)
    .data                                    0x2000001c   Section     3120  boias.o(.data)
    .data                                    0x20000c4c   Section        4  stm32f4xx_hal.o(.data)
    uwTick                                   0x20000c4c   Data           4  stm32f4xx_hal.o(.data)
    .data                                    0x20000c50   Section       24  heap_4.o(.data)
    xStart                                   0x20000c50   Data           8  heap_4.o(.data)
    pxEnd                                    0x20000c58   Data           4  heap_4.o(.data)
    xFreeBytesRemaining                      0x20000c5c   Data           4  heap_4.o(.data)
    xMinimumEverFreeBytesRemaining           0x20000c60   Data           4  heap_4.o(.data)
    xBlockAllocatedBit                       0x20000c64   Data           4  heap_4.o(.data)
    .data                                    0x20000c68   Section       12  port.o(.data)
    uxCriticalNesting                        0x20000c68   Data           4  port.o(.data)
    ucMaxSysCallPriority                     0x20000c6c   Data           1  port.o(.data)
    ulMaxPRIGROUPValue                       0x20000c70   Data           4  port.o(.data)
    .data                                    0x20000c74   Section       60  tasks.o(.data)
    pxDelayedTaskList                        0x20000c78   Data           4  tasks.o(.data)
    pxOverflowDelayedTaskList                0x20000c7c   Data           4  tasks.o(.data)
    uxTasksDeleted                           0x20000c80   Data           4  tasks.o(.data)
    xIdleTaskHandle                          0x20000c84   Data           4  tasks.o(.data)
    uxCurrentNumberOfTasks                   0x20000c88   Data           4  tasks.o(.data)
    xTickCount                               0x20000c8c   Data           4  tasks.o(.data)
    uxTopReadyPriority                       0x20000c90   Data           4  tasks.o(.data)
    xSchedulerRunning                        0x20000c94   Data           4  tasks.o(.data)
    uxPendedTicks                            0x20000c98   Data           4  tasks.o(.data)
    xYieldPending                            0x20000c9c   Data           4  tasks.o(.data)
    xNumOfOverflows                          0x20000ca0   Data           4  tasks.o(.data)
    uxTaskNumber                             0x20000ca4   Data           4  tasks.o(.data)
    xNextTaskUnblockTime                     0x20000ca8   Data           4  tasks.o(.data)
    uxSchedulerSuspended                     0x20000cac   Data           4  tasks.o(.data)
    .data                                    0x20000cb0   Section       12  accelerometeraq.o(.data)
    .data                                    0x20000cbc   Section       16  gyroaq.o(.data)
    .data                                    0x20000ccc   Section        4  codebook.o(.data)
    .data                                    0x20000cd0   Section       20  hmm.o(.data)
    .data                                    0x20000ce4   Section       16  pre_processing.o(.data)
    begin                                    0x20000cf0   Data           4  pre_processing.o(.data)
    .data                                    0x20000cf4   Section       12  retarget.o(.data)
    .data                                    0x20000d00   Section        4  mvars.o(.data)
    .data                                    0x20000d04   Section        4  mvars.o(.data)
    .data                                    0x20000d08   Section        4  errno.o(.data)
    _errno                                   0x20000d08   Data           4  errno.o(.data)
    .bss                                     0x20000d0c   Section      360  main.o(.bss)
    .bss                                     0x20000e74   Section    60000  heap_4.o(.bss)
    ucHeap                                   0x20000e74   Data       60000  heap_4.o(.bss)
    .bss                                     0x2000f8d4   Section      260  tasks.o(.bss)
    pxReadyTasksLists                        0x2000f8d4   Data         160  tasks.o(.bss)
    xDelayedTaskList1                        0x2000f974   Data          20  tasks.o(.bss)
    xDelayedTaskList2                        0x2000f988   Data          20  tasks.o(.bss)
    xPendingReadyList                        0x2000f99c   Data          20  tasks.o(.bss)
    xTasksWaitingTermination                 0x2000f9b0   Data          20  tasks.o(.bss)
    xSuspendedTaskList                       0x2000f9c4   Data          20  tasks.o(.bss)
    .bss                                     0x2000f9d8   Section     7200  sensor.o(.bss)
    .bss                                     0x200115f8   Section      384  kdtree.o(.bss)
    sbuf                                     0x200115f8   Data         128  kdtree.o(.bss)
    sbuf                                     0x20011678   Data         128  kdtree.o(.bss)
    sbuf                                     0x200116f8   Data         128  kdtree.o(.bss)
    .bss                                     0x20011778   Section     5572  hmm.o(.bss)
    HEAP                                     0x20012d40   Section      512  startup_stm32f407xx.o(HEAP)
    STACK                                    0x20012f40   Section     1024  startup_stm32f407xx.o(STACK)

    Global Symbols

    Symbol Name                              Value     Ov Type        Size  Object(Section)

    BuildAttributes$$THM_ISAv4$E$P$D$K$B$S$7EM$VFPi3$EXTD16$VFPS$VFMA$PE$A:L22UL41UL21$X:L11$S22US41US21$IEEE1$IW$USESV6$~STKCKD$USESV7$~SHL$OTIME$ROPI$IEEEX$EBA8$MICROLIB$REQ8$PRES8$EABIv2 0x00000000   Number         0  anon$$obj.o ABSOLUTE
    __ARM_use_no_argv                        0x00000000   Number         0  main.o ABSOLUTE
    _printf_a                                0x00000000   Number         0  stubs.o ABSOLUTE
    _printf_c                                0x00000000   Number         0  stubs.o ABSOLUTE
    _printf_charcount                        0x00000000   Number         0  stubs.o ABSOLUTE
    _printf_d                                0x00000000   Number         0  stubs.o ABSOLUTE
    _printf_e                                0x00000000   Number         0  stubs.o ABSOLUTE
    _printf_f                                0x00000000   Number         0  stubs.o ABSOLUTE
    _printf_flags                            0x00000000   Number         0  stubs.o ABSOLUTE
    _printf_fp_dec                           0x00000000   Number         0  stubs.o ABSOLUTE
    _printf_fp_hex                           0x00000000   Number         0  stubs.o ABSOLUTE
    _printf_g                                0x00000000   Number         0  stubs.o ABSOLUTE
    _printf_i                                0x00000000   Number         0  stubs.o ABSOLUTE
    _printf_int_dec                          0x00000000   Number         0  stubs.o ABSOLUTE
    _printf_l                                0x00000000   Number         0  stubs.o ABSOLUTE
    _printf_lc                               0x00000000   Number         0  stubs.o ABSOLUTE
    _printf_ll                               0x00000000   Number         0  stubs.o ABSOLUTE
    _printf_lld                              0x00000000   Number         0  stubs.o ABSOLUTE
    _printf_lli                              0x00000000   Number         0  stubs.o ABSOLUTE
    _printf_llo                              0x00000000   Number         0  stubs.o ABSOLUTE
    _printf_llu                              0x00000000   Number         0  stubs.o ABSOLUTE
    _printf_llx                              0x00000000   Number         0  stubs.o ABSOLUTE
    _printf_longlong_dec                     0x00000000   Number         0  stubs.o ABSOLUTE
    _printf_longlong_hex                     0x00000000   Number         0  stubs.o ABSOLUTE
    _printf_longlong_oct                     0x00000000   Number         0  stubs.o ABSOLUTE
    _printf_ls                               0x00000000   Number         0  stubs.o ABSOLUTE
    _printf_mbtowc                           0x00000000   Number         0  stubs.o ABSOLUTE
    _printf_n                                0x00000000   Number         0  stubs.o ABSOLUTE
    _printf_o                                0x00000000   Number         0  stubs.o ABSOLUTE
    _printf_p                                0x00000000   Number         0  stubs.o ABSOLUTE
    _printf_percent                          0x00000000   Number         0  stubs.o ABSOLUTE
    _printf_pre_padding                      0x00000000   Number         0  stubs.o ABSOLUTE
    _printf_return_value                     0x00000000   Number         0  stubs.o ABSOLUTE
    _printf_s                                0x00000000   Number         0  stubs.o ABSOLUTE
    _printf_sizespec                         0x00000000   Number         0  stubs.o ABSOLUTE
    _printf_str                              0x00000000   Number         0  stubs.o ABSOLUTE
    _printf_truncate_signed                  0x00000000   Number         0  stubs.o ABSOLUTE
    _printf_truncate_unsigned                0x00000000   Number         0  stubs.o ABSOLUTE
    _printf_u                                0x00000000   Number         0  stubs.o ABSOLUTE
    _printf_wc                               0x00000000   Number         0  stubs.o ABSOLUTE
    _printf_wctomb                           0x00000000   Number         0  stubs.o ABSOLUTE
    _printf_widthprec                        0x00000000   Number         0  stubs.o ABSOLUTE
    _printf_x                                0x00000000   Number         0  stubs.o ABSOLUTE
    __cpp_initialize__aeabi_                  - Undefined Weak Reference
    __cxa_finalize                            - Undefined Weak Reference
    _clock_init                               - Undefined Weak Reference
    _microlib_exit                            - Undefined Weak Reference
    __Vectors_Size                           0x00000188   Number         0  startup_stm32f407xx.o ABSOLUTE
    __Vectors                                0x08000000   Data           4  startup_stm32f407xx.o(RESET)
    __Vectors_End                            0x08000188   Data           0  startup_stm32f407xx.o(RESET)
    __main                                   0x08000189   Thumb Code     0  entry.o(.ARM.Collect$$$$00000000)
    _main_stk                                0x08000189   Thumb Code     0  entry2.o(.ARM.Collect$$$$00000001)
    _main_scatterload                        0x0800018d   Thumb Code     0  entry5.o(.ARM.Collect$$$$00000004)
    __main_after_scatterload                 0x08000191   Thumb Code     0  entry5.o(.ARM.Collect$$$$00000004)
    _main_clock                              0x08000191   Thumb Code     0  entry7b.o(.ARM.Collect$$$$00000008)
    _main_cpp_init                           0x08000191   Thumb Code     0  entry8b.o(.ARM.Collect$$$$0000000A)
    _main_init                               0x08000191   Thumb Code     0  entry9a.o(.ARM.Collect$$$$0000000B)
    __rt_final_cpp                           0x08000199   Thumb Code     0  entry10a.o(.ARM.Collect$$$$0000000D)
    __rt_final_exit                          0x08000199   Thumb Code     0  entry11a.o(.ARM.Collect$$$$0000000F)
    SVC_Handler                              0x0800019d   Thumb Code    28  port.o(.emb_text)
    __asm___6_port_c_39a90d8d__prvStartFirstTask 0x080001bd   Thumb Code    28  port.o(.emb_text)
    __asm___6_port_c_39a90d8d__prvEnableVFP  0x080001dd   Thumb Code    16  port.o(.emb_text)
    PendSV_Handler                           0x080001f1   Thumb Code    92  port.o(.emb_text)
    vPortGetIPSR                             0x08000251   Thumb Code     6  port.o(.emb_text)
    Reset_Handler                            0x08000259   Thumb Code     8  startup_stm32f407xx.o(.text)
    NMI_Handler                              0x08000261   Thumb Code     2  startup_stm32f407xx.o(.text)
    HardFault_Handler                        0x08000263   Thumb Code     2  startup_stm32f407xx.o(.text)
    MemManage_Handler                        0x08000265   Thumb Code     2  startup_stm32f407xx.o(.text)
    BusFault_Handler                         0x08000267   Thumb Code     2  startup_stm32f407xx.o(.text)
    UsageFault_Handler                       0x08000269   Thumb Code     2  startup_stm32f407xx.o(.text)
    DebugMon_Handler                         0x0800026d   Thumb Code     2  startup_stm32f407xx.o(.text)
    ADC_IRQHandler                           0x08000273   Thumb Code     0  startup_stm32f407xx.o(.text)
    CAN1_RX0_IRQHandler                      0x08000273   Thumb Code     0  startup_stm32f407xx.o(.text)
    CAN1_RX1_IRQHandler                      0x08000273   Thumb Code     0  startup_stm32f407xx.o(.text)
    CAN1_SCE_IRQHandler                      0x08000273   Thumb Code     0  startup_stm32f407xx.o(.text)
    CAN1_TX_IRQHandler                       0x08000273   Thumb Code     0  startup_stm32f407xx.o(.text)
    CAN2_RX0_IRQHandler                      0x08000273   Thumb Code     0  startup_stm32f407xx.o(.text)
    CAN2_RX1_IRQHandler                      0x08000273   Thumb Code     0  startup_stm32f407xx.o(.text)
    CAN2_SCE_IRQHandler                      0x08000273   Thumb Code     0  startup_stm32f407xx.o(.text)
    CAN2_TX_IRQHandler                       0x08000273   Thumb Code     0  startup_stm32f407xx.o(.text)
    DCMI_IRQHandler                          0x08000273   Thumb Code     0  startup_stm32f407xx.o(.text)
    DMA1_Stream0_IRQHandler                  0x08000273   Thumb Code     0  startup_stm32f407xx.o(.text)
    DMA1_Stream1_IRQHandler                  0x08000273   Thumb Code     0  startup_stm32f407xx.o(.text)
    DMA1_Stream2_IRQHandler                  0x08000273   Thumb Code     0  startup_stm32f407xx.o(.text)
    DMA1_Stream3_IRQHandler                  0x08000273   Thumb Code     0  startup_stm32f407xx.o(.text)
    DMA1_Stream4_IRQHandler                  0x08000273   Thumb Code     0  startup_stm32f407xx.o(.text)
    DMA1_Stream5_IRQHandler                  0x08000273   Thumb Code     0  startup_stm32f407xx.o(.text)
    DMA1_Stream6_IRQHandler                  0x08000273   Thumb Code     0  startup_stm32f407xx.o(.text)
    DMA1_Stream7_IRQHandler                  0x08000273   Thumb Code     0  startup_stm32f407xx.o(.text)
    DMA2_Stream0_IRQHandler                  0x08000273   Thumb Code     0  startup_stm32f407xx.o(.text)
    DMA2_Stream1_IRQHandler                  0x08000273   Thumb Code     0  startup_stm32f407xx.o(.text)
    DMA2_Stream2_IRQHandler                  0x08000273   Thumb Code     0  startup_stm32f407xx.o(.text)
    DMA2_Stream3_IRQHandler                  0x08000273   Thumb Code     0  startup_stm32f407xx.o(.text)
    DMA2_Stream4_IRQHandler                  0x08000273   Thumb Code     0  startup_stm32f407xx.o(.text)
    DMA2_Stream5_IRQHandler                  0x08000273   Thumb Code     0  startup_stm32f407xx.o(.text)
    DMA2_Stream6_IRQHandler                  0x08000273   Thumb Code     0  startup_stm32f407xx.o(.text)
    DMA2_Stream7_IRQHandler                  0x08000273   Thumb Code     0  startup_stm32f407xx.o(.text)
    ETH_IRQHandler                           0x08000273   Thumb Code     0  startup_stm32f407xx.o(.text)
    ETH_WKUP_IRQHandler                      0x08000273   Thumb Code     0  startup_stm32f407xx.o(.text)
    EXTI15_10_IRQHandler                     0x08000273   Thumb Code     0  startup_stm32f407xx.o(.text)
    EXTI2_IRQHandler                         0x08000273   Thumb Code     0  startup_stm32f407xx.o(.text)
    EXTI3_IRQHandler                         0x08000273   Thumb Code     0  startup_stm32f407xx.o(.text)
    EXTI4_IRQHandler                         0x08000273   Thumb Code     0  startup_stm32f407xx.o(.text)
    FLASH_IRQHandler                         0x08000273   Thumb Code     0  startup_stm32f407xx.o(.text)
    FMC_IRQHandler                           0x08000273   Thumb Code     0  startup_stm32f407xx.o(.text)
    FPU_IRQHandler                           0x08000273   Thumb Code     0  startup_stm32f407xx.o(.text)
    HASH_RNG_IRQHandler                      0x08000273   Thumb Code     0  startup_stm32f407xx.o(.text)
    I2C1_ER_IRQHandler                       0x08000273   Thumb Code     0  startup_stm32f407xx.o(.text)
    I2C1_EV_IRQHandler                       0x08000273   Thumb Code     0  startup_stm32f407xx.o(.text)
    I2C2_ER_IRQHandler                       0x08000273   Thumb Code     0  startup_stm32f407xx.o(.text)
    I2C2_EV_IRQHandler                       0x08000273   Thumb Code     0  startup_stm32f407xx.o(.text)
    I2C3_ER_IRQHandler                       0x08000273   Thumb Code     0  startup_stm32f407xx.o(.text)
    I2C3_EV_IRQHandler                       0x08000273   Thumb Code     0  startup_stm32f407xx.o(.text)
    OTG_FS_IRQHandler                        0x08000273   Thumb Code     0  startup_stm32f407xx.o(.text)
    OTG_FS_WKUP_IRQHandler                   0x08000273   Thumb Code     0  startup_stm32f407xx.o(.text)
    OTG_HS_EP1_IN_IRQHandler                 0x08000273   Thumb Code     0  startup_stm32f407xx.o(.text)
    OTG_HS_EP1_OUT_IRQHandler                0x08000273   Thumb Code     0  startup_stm32f407xx.o(.text)
    OTG_HS_IRQHandler                        0x08000273   Thumb Code     0  startup_stm32f407xx.o(.text)
    OTG_HS_WKUP_IRQHandler                   0x08000273   Thumb Code     0  startup_stm32f407xx.o(.text)
    PVD_IRQHandler                           0x08000273   Thumb Code     0  startup_stm32f407xx.o(.text)
    RCC_IRQHandler                           0x08000273   Thumb Code     0  startup_stm32f407xx.o(.text)
    RTC_Alarm_IRQHandler                     0x08000273   Thumb Code     0  startup_stm32f407xx.o(.text)
    RTC_WKUP_IRQHandler                      0x08000273   Thumb Code     0  startup_stm32f407xx.o(.text)
    SDIO_IRQHandler                          0x08000273   Thumb Code     0  startup_stm32f407xx.o(.text)
    SPI1_IRQHandler                          0x08000273   Thumb Code     0  startup_stm32f407xx.o(.text)
    SPI2_IRQHandler                          0x08000273   Thumb Code     0  startup_stm32f407xx.o(.text)
    SPI3_IRQHandler                          0x08000273   Thumb Code     0  startup_stm32f407xx.o(.text)
    TAMP_STAMP_IRQHandler                    0x08000273   Thumb Code     0  startup_stm32f407xx.o(.text)
    TIM1_BRK_TIM9_IRQHandler                 0x08000273   Thumb Code     0  startup_stm32f407xx.o(.text)
    TIM1_CC_IRQHandler                       0x08000273   Thumb Code     0  startup_stm32f407xx.o(.text)
    TIM1_TRG_COM_TIM11_IRQHandler            0x08000273   Thumb Code     0  startup_stm32f407xx.o(.text)
    TIM1_UP_TIM10_IRQHandler                 0x08000273   Thumb Code     0  startup_stm32f407xx.o(.text)
    TIM2_IRQHandler                          0x08000273   Thumb Code     0  startup_stm32f407xx.o(.text)
    TIM3_IRQHandler                          0x08000273   Thumb Code     0  startup_stm32f407xx.o(.text)
    TIM4_IRQHandler                          0x08000273   Thumb Code     0  startup_stm32f407xx.o(.text)
    TIM5_IRQHandler                          0x08000273   Thumb Code     0  startup_stm32f407xx.o(.text)
    TIM6_DAC_IRQHandler                      0x08000273   Thumb Code     0  startup_stm32f407xx.o(.text)
    TIM7_IRQHandler                          0x08000273   Thumb Code     0  startup_stm32f407xx.o(.text)
    TIM8_BRK_TIM12_IRQHandler                0x08000273   Thumb Code     0  startup_stm32f407xx.o(.text)
    TIM8_CC_IRQHandler                       0x08000273   Thumb Code     0  startup_stm32f407xx.o(.text)
    TIM8_TRG_COM_TIM14_IRQHandler            0x08000273   Thumb Code     0  startup_stm32f407xx.o(.text)
    TIM8_UP_TIM13_IRQHandler                 0x08000273   Thumb Code     0  startup_stm32f407xx.o(.text)
    UART4_IRQHandler                         0x08000273   Thumb Code     0  startup_stm32f407xx.o(.text)
    UART5_IRQHandler                         0x08000273   Thumb Code     0  startup_stm32f407xx.o(.text)
    USART1_IRQHandler                        0x08000273   Thumb Code     0  startup_stm32f407xx.o(.text)
    USART2_IRQHandler                        0x08000273   Thumb Code     0  startup_stm32f407xx.o(.text)
    USART3_IRQHandler                        0x08000273   Thumb Code     0  startup_stm32f407xx.o(.text)
    USART6_IRQHandler                        0x08000273   Thumb Code     0  startup_stm32f407xx.o(.text)
    WWDG_IRQHandler                          0x08000273   Thumb Code     0  startup_stm32f407xx.o(.text)
    arm_mult_f32                             0x0800027d   Thumb Code   208  arm_mult_f32.o(.text)
    arm_scale_f32                            0x0800034d   Thumb Code   146  arm_scale_f32.o(.text)
    arm_copy_f32                             0x080003e1   Thumb Code   114  arm_copy_f32.o(.text)
    arm_fill_f32                             0x08000455   Thumb Code   140  arm_fill_f32.o(.text)
    __aeabi_memcpy                           0x080004e1   Thumb Code    36  memcpya.o(.text)
    __aeabi_memcpy4                          0x080004e1   Thumb Code     0  memcpya.o(.text)
    __aeabi_memcpy8                          0x080004e1   Thumb Code     0  memcpya.o(.text)
    __aeabi_memset                           0x08000505   Thumb Code    14  memseta.o(.text)
    __aeabi_memset4                          0x08000505   Thumb Code     0  memseta.o(.text)
    __aeabi_memset8                          0x08000505   Thumb Code     0  memseta.o(.text)
    __aeabi_memclr                           0x08000513   Thumb Code     4  memseta.o(.text)
    __aeabi_memclr4                          0x08000513   Thumb Code     0  memseta.o(.text)
    __aeabi_memclr8                          0x08000513   Thumb Code     0  memseta.o(.text)
    _memset$wrapper                          0x08000517   Thumb Code    18  memseta.o(.text)
    __aeabi_dadd                             0x08000529   Thumb Code   322  dadd.o(.text)
    __aeabi_dsub                             0x0800066b   Thumb Code     6  dadd.o(.text)
    __aeabi_drsub                            0x08000671   Thumb Code     6  dadd.o(.text)
    __aeabi_dmul                             0x08000677   Thumb Code   228  dmul.o(.text)
    __aeabi_f2d                              0x0800075b   Thumb Code    38  f2d.o(.text)
    __aeabi_cdcmpeq                          0x08000781   Thumb Code     0  cdcmple.o(.text)
    __aeabi_cdcmple                          0x08000781   Thumb Code    48  cdcmple.o(.text)
    __aeabi_cdrcmple                         0x080007b1   Thumb Code    48  cdrcmple.o(.text)
    __aeabi_d2f                              0x080007e1   Thumb Code    56  d2f.o(.text)
    __aeabi_uidiv                            0x08000819   Thumb Code     0  uidiv.o(.text)
    __aeabi_uidivmod                         0x08000819   Thumb Code    44  uidiv.o(.text)
    __aeabi_uldivmod                         0x08000845   Thumb Code    98  uldiv.o(.text)
    __aeabi_llsl                             0x080008a7   Thumb Code    30  llshl.o(.text)
    _ll_shift_l                              0x080008a7   Thumb Code     0  llshl.o(.text)
    __aeabi_lasr                             0x080008c5   Thumb Code    36  llsshr.o(.text)
    _ll_sshift_r                             0x080008c5   Thumb Code     0  llsshr.o(.text)
    __I$use$fp                               0x080008e9   Thumb Code     0  iusefp.o(.text)
    _float_round                             0x080008e9   Thumb Code    18  fepilogue.o(.text)
    _float_epilogue                          0x080008fb   Thumb Code    92  fepilogue.o(.text)
    _double_round                            0x08000957   Thumb Code    30  depilogue.o(.text)
    _double_epilogue                         0x08000975   Thumb Code   156  depilogue.o(.text)
    __aeabi_ddiv                             0x08000a11   Thumb Code   222  ddiv.o(.text)
    __aeabi_i2d                              0x08000aef   Thumb Code    34  dflti.o(.text)
    __aeabi_d2ulz                            0x08000b11   Thumb Code    48  dfixul.o(.text)
    __scatterload                            0x08000b41   Thumb Code    28  init.o(.text)
    __scatterload_rt2                        0x08000b41   Thumb Code     0  init.o(.text)
    __aeabi_llsr                             0x08000b65   Thumb Code    32  llushr.o(.text)
    _ll_ushift_r                             0x08000b65   Thumb Code     0  llushr.o(.text)
    __decompress                             0x08000b85   Thumb Code     0  __dczerorl2.o(.text)
    __decompress1                            0x08000b85   Thumb Code    86  __dczerorl2.o(.text)
    EXTI0_IRQHandler                         0x08000bdb   Thumb Code    10  stm32f4xx_it.o(i.EXTI0_IRQHandler)
    EXTI1_IRQHandler                         0x08000be5   Thumb Code    10  stm32f4xx_it.o(i.EXTI1_IRQHandler)
    EXTI9_5_IRQHandler                       0x08000bef   Thumb Code    10  stm32f4xx_it.o(i.EXTI9_5_IRQHandler)
    HAL_Delay                                0x08000bf9   Thumb Code    26  stm32f4xx_hal.o(i.HAL_Delay)
    HAL_GPIO_EXTI_Callback                   0x08000c15   Thumb Code   194  gmoteisr.o(i.HAL_GPIO_EXTI_Callback)
    HAL_GPIO_EXTI_IRQHandler                 0x08000cf9   Thumb Code    24  stm32f4xx_hal_gpio.o(i.HAL_GPIO_EXTI_IRQHandler)
    HAL_GPIO_Init                            0x08000d15   Thumb Code   472  stm32f4xx_hal_gpio.o(i.HAL_GPIO_Init)
    HAL_GPIO_WritePin                        0x08000f1d   Thumb Code    12  stm32f4xx_hal_gpio.o(i.HAL_GPIO_WritePin)
    HAL_GetTick                              0x08000f29   Thumb Code     6  stm32f4xx_hal.o(i.HAL_GetTick)
    HAL_I2C_Init                             0x08000f35   Thumb Code   278  stm32f4xx_hal_i2c.o(i.HAL_I2C_Init)
    HAL_I2C_MspInit                          0x08001055   Thumb Code    76  stm32f4xx_hal_msp.o(i.HAL_I2C_MspInit)
    HAL_IncTick                              0x080010ad   Thumb Code    12  stm32f4xx_hal.o(i.HAL_IncTick)
    HAL_Init                                 0x080010bd   Thumb Code    54  stm32f4xx_hal.o(i.HAL_Init)
    HAL_InitTick                             0x080010f9   Thumb Code    36  stm32f4xx_hal.o(i.HAL_InitTick)
    HAL_MspInit                              0x0800111d   Thumb Code    20  stm32f4xx_hal_msp.o(i.HAL_MspInit)
    HAL_NVIC_EnableIRQ                       0x08001131   Thumb Code    26  stm32f4xx_hal_cortex.o(i.HAL_NVIC_EnableIRQ)
    HAL_NVIC_SetPriority                     0x0800114b   Thumb Code   124  stm32f4xx_hal_cortex.o(i.HAL_NVIC_SetPriority)
    HAL_NVIC_SetPriorityGrouping             0x080011c9   Thumb Code    32  stm32f4xx_hal_cortex.o(i.HAL_NVIC_SetPriorityGrouping)
    HAL_RCC_ClockConfig                      0x080011f1   Thumb Code   680  stm32f4xx_hal_rcc.o(i.HAL_RCC_ClockConfig)
    HAL_RCC_GetHCLKFreq                      0x080014a1   Thumb Code    42  stm32f4xx_hal_rcc.o(i.HAL_RCC_GetHCLKFreq)
    HAL_RCC_GetPCLK1Freq                     0x080014d9   Thumb Code    36  stm32f4xx_hal_rcc.o(i.HAL_RCC_GetPCLK1Freq)
    HAL_RCC_GetPCLK2Freq                     0x08001505   Thumb Code    36  stm32f4xx_hal_rcc.o(i.HAL_RCC_GetPCLK2Freq)
    HAL_RCC_GetSysClockFreq                  0x08001531   Thumb Code   168  stm32f4xx_hal_rcc.o(i.HAL_RCC_GetSysClockFreq)
    HAL_RCC_OscConfig                        0x080015e5   Thumb Code  1028  stm32f4xx_hal_rcc.o(i.HAL_RCC_OscConfig)
    HAL_SPI_Init                             0x080019e9   Thumb Code   136  stm32f4xx_hal_spi.o(i.HAL_SPI_Init)
    HAL_SPI_MspInit                          0x08001a71   Thumb Code   140  stm32f4xx_hal_msp.o(i.HAL_SPI_MspInit)
    HAL_SPI_TransmitReceive                  0x08001b11   Thumb Code   850  stm32f4xx_hal_spi.o(i.HAL_SPI_TransmitReceive)
    HAL_SYSTICK_CLKSourceConfig              0x08001e63   Thumb Code    40  stm32f4xx_hal_cortex.o(i.HAL_SYSTICK_CLKSourceConfig)
    HAL_SYSTICK_Config                       0x08001e8b   Thumb Code    52  stm32f4xx_hal_cortex.o(i.HAL_SYSTICK_Config)
    HAL_TIMEx_MasterConfigSynchronization    0x08001ebf   Thumb Code    98  stm32f4xx_hal_tim_ex.o(i.HAL_TIMEx_MasterConfigSynchronization)
    HAL_TIM_Base_Init                        0x08001f21   Thumb Code    52  stm32f4xx_hal_tim.o(i.HAL_TIM_Base_Init)
    HAL_TIM_Base_MspInit                     0x08001f55   Thumb Code    40  stm32f4xx_hal_msp.o(i.HAL_TIM_Base_MspInit)
    HAL_TIM_OC_Start                         0x08001f85   Thumb Code    68  stm32f4xx_hal_tim.o(i.HAL_TIM_OC_Start)
    HAL_TIM_OC_Stop                          0x08001fd1   Thumb Code   120  stm32f4xx_hal_tim.o(i.HAL_TIM_OC_Stop)
    HAL_UART_Init                            0x08002051   Thumb Code   110  stm32f4xx_hal_uart.o(i.HAL_UART_Init)
    HAL_UART_MspInit                         0x080020c1   Thumb Code    74  stm32f4xx_hal_msp.o(i.HAL_UART_MspInit)
    HAL_UART_Transmit                        0x08002119   Thumb Code   240  stm32f4xx_hal_uart.o(i.HAL_UART_Transmit)
    HMM_ControlTsk                           0x08002209   Thumb Code   368  hmm.o(i.HMM_ControlTsk)
    HMM_ForwardTsk                           0x080023ad   Thumb Code   750  hmm.o(i.HMM_ForwardTsk)
    HMM_Init                                 0x080026b1   Thumb Code   158  hmm.o(i.HMM_Init)
    HMM_Init_models                          0x0800278d   Thumb Code    94  hmm.o(i.HMM_Init_models)
    SPI_Send                                 0x08002b91   Thumb Code    26  nrf24l01.o(i.SPI_Send)
    SysTick_Handler                          0x08002cc5   Thumb Code    12  stm32f4xx_it.o(i.SysTick_Handler)
    SystemClock_Config                       0x08002cd1   Thumb Code   158  main.o(i.SystemClock_Config)
    SystemInit                               0x08002d79   Thumb Code    82  system_stm32f4xx.o(i.SystemInit)
    TIM_Base_SetConfig                       0x08002ddd   Thumb Code   184  stm32f4xx_hal_tim.o(i.TIM_Base_SetConfig)
    TIM_CCxChannelCmd                        0x08002ec1   Thumb Code    28  stm32f4xx_hal_tim.o(i.TIM_CCxChannelCmd)
    __0printf                                0x080031fd   Thumb Code    22  printfa.o(i.__0printf)
    __1printf                                0x080031fd   Thumb Code     0  printfa.o(i.__0printf)
    __2printf                                0x080031fd   Thumb Code     0  printfa.o(i.__0printf)
    __c89printf                              0x080031fd   Thumb Code     0  printfa.o(i.__0printf)
    printf                                   0x080031fd   Thumb Code     0  printfa.o(i.__0printf)
    __hardfp_log                             0x08003221   Thumb Code   872  log.o(i.__hardfp_log)
    __hardfp_log10                           0x080035e9   Thumb Code   260  log10.o(i.__hardfp_log10)
    __kernel_poly                            0x08003719   Thumb Code   248  poly.o(i.__kernel_poly)
    __mathlib_dbl_divzero                    0x08003811   Thumb Code    28  dunder.o(i.__mathlib_dbl_divzero)
    __mathlib_dbl_infnan                     0x08003841   Thumb Code    20  dunder.o(i.__mathlib_dbl_infnan)
    __mathlib_dbl_invalid                    0x08003859   Thumb Code    24  dunder.o(i.__mathlib_dbl_invalid)
    __scatterload_copy                       0x08003879   Thumb Code    14  handlers.o(i.__scatterload_copy)
    __scatterload_null                       0x08003887   Thumb Code     2  handlers.o(i.__scatterload_null)
    __scatterload_zeroinit                   0x08003889   Thumb Code    14  handlers.o(i.__scatterload_zeroinit)
    __set_errno                              0x08003899   Thumb Code     6  errno.o(i.__set_errno)
    boias                                    0x08004139   Thumb Code    78  boias.o(i.boias)
    codeBook_init                            0x080041b1   Thumb Code   150  codebook.o(i.codeBook_init)
    codebook_idx                             0x0800428d   Thumb Code    46  codebook.o(i.codebook_idx)
    codebook_vecToIdx                        0x080042d5   Thumb Code    72  codebook.o(i.codebook_vecToIdx)
    error                                    0x08004341   Thumb Code   200  error.o(i.error)
    fputc                                    0x0800441d   Thumb Code    44  retarget.o(i.fputc)
    kd_create                                0x080047c7   Thumb Code    30  kdtree.o(i.kd_create)
    kd_insert                                0x080047e5   Thumb Code    62  kdtree.o(i.kd_insert)
    kd_insertf                               0x08004825   Thumb Code   100  kdtree.o(i.kd_insertf)
    kd_nearest                               0x0800488d   Thumb Code   330  kdtree.o(i.kd_nearest)
    kd_nearestf                              0x08004bb5   Thumb Code    94  kdtree.o(i.kd_nearestf)
    kd_res_free                              0x08004c19   Thumb Code    24  kdtree.o(i.kd_res_free)
    kd_res_item                              0x08004c31   Thumb Code    42  kdtree.o(i.kd_res_item)
    kd_res_item_data                         0x08004c5b   Thumb Code    14  kdtree.o(i.kd_res_item_data)
    kd_res_rewind                            0x08004c69   Thumb Code     8  kdtree.o(i.kd_res_rewind)
    log                                      0x08004c71   Thumb Code    16  log.o(i.log)
    main                                     0x08004c81   Thumb Code   120  main.o(i.main)
    malloc                                   0x08004d25   Thumb Code    92  malloc.o(i.malloc)
    nrf24l01_flushTXfifo                     0x08004d91   Thumb Code    30  nrf24l01.o(i.nrf24l01_flushTXfifo)
    nrf24l01_getStatus                       0x08004db5   Thumb Code    36  nrf24l01.o(i.nrf24l01_getStatus)
    nrf24l01_readregister                    0x08004ddd   Thumb Code    44  nrf24l01.o(i.nrf24l01_readregister)
    nrf24l01_setTX                           0x08004e0d   Thumb Code    68  nrf24l01.o(i.nrf24l01_setTX)
    nrf24l01_txSend                          0x08004e55   Thumb Code    24  nrf24l01.o(i.nrf24l01_txSend)
    nrf24l01_write                           0x08004e6d   Thumb Code   148  nrf24l01.o(i.nrf24l01_write)
    nrf24l01_writeRegister                   0x08004f05   Thumb Code    46  nrf24l01.o(i.nrf24l01_writeRegister)
    preprocessing                            0x08004f39   Thumb Code   112  pre_processing.o(i.preprocessing)
    printIdx                                 0x08004fb9   Thumb Code    34  pre_processing.o(i.printIdx)
    processing_init                          0x08004fe5   Thumb Code    66  pre_processing.o(i.processing_init)
    pvPortMalloc                             0x08005525   Thumb Code   296  heap_4.o(i.pvPortMalloc)
    pvTaskIncrementMutexHeldCount            0x08005661   Thumb Code    26  tasks.o(i.pvTaskIncrementMutexHeldCount)
    pxPortInitialiseStack                    0x08005681   Thumb Code    34  port.o(i.pxPortInitialiseStack)
    simpleProc                               0x0800571d   Thumb Code   114  pre_processing.o(i.simpleProc)
    simpleProcessing                         0x08005799   Thumb Code   156  simpleprocessing.o(i.simpleProcessing)
    usDelay                                  0x08005835   Thumb Code    68  usdelay.o(i.usDelay)
    uxListRemove                             0x08005881   Thumb Code    40  list.o(i.uxListRemove)
    uxTaskResetEventItemValue                0x080058a9   Thumb Code    24  tasks.o(i.uxTaskResetEventItemValue)
    vListInitialise                          0x080058c5   Thumb Code    26  list.o(i.vListInitialise)
    vListInitialiseItem                      0x080058df   Thumb Code     6  list.o(i.vListInitialiseItem)
    vListInsert                              0x080058e5   Thumb Code    52  list.o(i.vListInsert)
    vListInsertEnd                           0x08005919   Thumb Code    24  list.o(i.vListInsertEnd)
    vPortEnterCritical                       0x08005931   Thumb Code    76  port.o(i.vPortEnterCritical)
    vPortExitCritical                        0x08005985   Thumb Code    56  port.o(i.vPortExitCritical)
    vPortFree                                0x080059c1   Thumb Code   140  heap_4.o(i.vPortFree)
    vPortSetupTimerInterrupt                 0x08005a55   Thumb Code    26  port.o(i.vPortSetupTimerInterrupt)
    vPortValidateInterruptPriority           0x08005a75   Thumb Code   106  port.o(i.vPortValidateInterruptPriority)
    vTaskMissedYield                         0x08005aed   Thumb Code     8  tasks.o(i.vTaskMissedYield)
    vTaskPlaceOnEventList                    0x08005af9   Thumb Code   108  tasks.o(i.vTaskPlaceOnEventList)
    vTaskPlaceOnUnorderedEventList           0x08005b75   Thumb Code   160  tasks.o(i.vTaskPlaceOnUnorderedEventList)
    vTaskPriorityInherit                     0x08005c29   Thumb Code   164  tasks.o(i.vTaskPriorityInherit)
    vTaskSetTimeOutState                     0x08005cd9   Thumb Code    38  tasks.o(i.vTaskSetTimeOutState)
    vTaskStartScheduler                      0x08005d09   Thumb Code    94  tasks.o(i.vTaskStartScheduler)
    vTaskSuspendAll                          0x08005d81   Thumb Code    12  tasks.o(i.vTaskSuspendAll)
    vTaskSwitchContext                       0x08005d91   Thumb Code   118  tasks.o(i.vTaskSwitchContext)
    vec_content_sum                          0x08005e1d   Thumb Code    38  hmm.o(i.vec_content_sum)
    xEventGroupCreate                        0x08005e49   Thumb Code    26  event_groups.o(i.xEventGroupCreate)
    xEventGroupSetBits                       0x08005e63   Thumb Code   206  event_groups.o(i.xEventGroupSetBits)
    xEventGroupWaitBits                      0x08005f31   Thumb Code   334  event_groups.o(i.xEventGroupWaitBits)
    xPortStartScheduler                      0x08006085   Thumb Code   288  port.o(i.xPortStartScheduler)
    xPortSysTickHandler                      0x080061c1   Thumb Code    48  port.o(i.xPortSysTickHandler)
    xQueueGenericCreate                      0x080061f5   Thumb Code   140  queue.o(i.xQueueGenericCreate)
    xQueueGenericReceive                     0x08006281   Thumb Code   424  queue.o(i.xQueueGenericReceive)
    xQueueGenericReset                       0x0800642d   Thumb Code   144  queue.o(i.xQueueGenericReset)
    xQueueGenericSend                        0x080064c1   Thumb Code   412  queue.o(i.xQueueGenericSend)
    xQueueGiveFromISR                        0x08006661   Thumb Code   214  queue.o(i.xQueueGiveFromISR)
    xTaskCheckForTimeOut                     0x08006739   Thumb Code   132  tasks.o(i.xTaskCheckForTimeOut)
    xTaskGenericCreate                       0x080067c5   Thumb Code   340  tasks.o(i.xTaskGenericCreate)
    xTaskGetSchedulerState                   0x08006935   Thumb Code    24  tasks.o(i.xTaskGetSchedulerState)
    xTaskIncrementTick                       0x08006955   Thumb Code   286  tasks.o(i.xTaskIncrementTick)
    xTaskNotifyFromISR                       0x08006aa1   Thumb Code   274  tasks.o(i.xTaskNotifyFromISR)
    xTaskPriorityDisinherit                  0x08006bc9   Thumb Code   188  tasks.o(i.xTaskPriorityDisinherit)
    xTaskRemoveFromEventList                 0x08006c91   Thumb Code   128  tasks.o(i.xTaskRemoveFromEventList)
    xTaskRemoveFromUnorderedEventList        0x08006d29   Thumb Code   154  tasks.o(i.xTaskRemoveFromUnorderedEventList)
    xTaskResumeAll                           0x08006dd9   Thumb Code   224  tasks.o(i.xTaskResumeAll)
    APBAHBPrescTable                         0x08006edc   Data          16  stm32f4xx_hal_rcc.o(.constdata)
    AT                                       0x08006eec   Data        1792  hmm_param.o(.constdata)
    BT                                       0x080075ec   Data        7168  hmm_param.o(.constdata)
    Pi                                       0x080091ec   Data         224  hmm_param.o(.constdata)
    codeBookData                             0x080092cc   Data         768  hmm_param.o(.constdata)
    __mathlib_zero                           0x08009608   Data           8  qnan.o(.constdata)
    Region$$Table$$Base                      0x08009610   Number         0  anon$$obj.o(Region$$Table)
    Region$$Table$$Limit                     0x08009630   Number         0  anon$$obj.o(Region$$Table)
    SystemCoreClock                          0x20000000   Data           4  system_stm32f4xx.o(.data)
    aqManagerHandle                          0x20000004   Data           4  main.o(.data)
    preProcThreadHandle                      0x20000008   Data           4  main.o(.data)
    communicationThreadHandle                0x2000000c   Data           4  main.o(.data)
    deita                                    0x2000001c   Data        2880  boias.o(.data)
    id                                       0x20000b5c   Data         240  boias.o(.data)
    pxCurrentTCB                             0x20000c74   Data           4  tasks.o(.data)
    accelAq                                  0x20000cb0   Data           8  accelerometeraq.o(.data)
    accelDrdySemaph                          0x20000cb8   Data           4  accelerometeraq.o(.data)
    gyroAq                                   0x20000cbc   Data           8  gyroaq.o(.data)
    interruptEn                              0x20000cc4   Data           4  gyroaq.o(.data)
    gyroDrdySemaph                           0x20000cc8   Data           4  gyroaq.o(.data)
    codebook                                 0x20000ccc   Data           4  codebook.o(.data)
    framesRdy                                0x20000cd0   Data           4  hmm.o(.data)
    hmmCtrlTsk                               0x20000cd4   Data           4  hmm.o(.data)
    goForward                                0x20000cd8   Data           4  hmm.o(.data)
    fwComplete                               0x20000cdc   Data           4  hmm.o(.data)
    likelyGest                               0x20000ce0   Data           4  hmm.o(.data)
    preProcFramReadyMsgQ                     0x20000ce4   Data           4  pre_processing.o(.data)
    simpleProcFramReadyMsgQ                  0x20000ce8   Data           4  pre_processing.o(.data)
    simpleProcTaskHandle                     0x20000cec   Data           4  pre_processing.o(.data)
    __stdout                                 0x20000cf4   Data           4  retarget.o(.data)
    __stdin                                  0x20000cf8   Data           4  retarget.o(.data)
    __nrfOut                                 0x20000cfc   Data           4  retarget.o(.data)
    __microlib_freelist                      0x20000d00   Data           4  mvars.o(.data)
    __microlib_freelist_initialised          0x20000d04   Data           4  mvars.o(.data)
    hi2c1                                    0x20000d0c   Data          60  main.o(.bss)
    hspi1                                    0x20000d48   Data          88  main.o(.bss)
    hspi3                                    0x20000da0   Data          88  main.o(.bss)
    htim6                                    0x20000df8   Data          60  main.o(.bss)
    huart2                                   0x20000e34   Data          64  main.o(.bss)
    data                                     0x2000f9d8   Data        7200  sensor.o(.bss)
    alphabet_Models                          0x20011778   Data         168  hmm.o(.bss)
    fwData                                   0x20011820   Data        5376  hmm.o(.bss)
    forwardTsks                              0x20012d20   Data          28  hmm.o(.bss)
    __heap_base                              0x20012d40   Data           0  startup_stm32f407xx.o(HEAP)
    __heap_limit                             0x20012f40   Data           0  startup_stm32f407xx.o(HEAP)
    __initial_sp                             0x20013340   Data           0  startup_stm32f407xx.o(STACK)



==============================================================================

Memory Map of the image

  Image Entry point : 0x08000189

  Load Region LR_IROM1 (Base: 0x08000000, Size: 0x0000a33c, Max: 0x00100000, ABSOLUTE, COMPRESSED[0x0000a008])

    Execution Region ER_IROM1 (Base: 0x08000000, Size: 0x00009630, Max: 0x00100000, ABSOLUTE)

    Base Addr    Size         Type   Attr      Idx    E Section Name        Object

    0x08000000   0x00000188   Data   RO            3    RESET               startup_stm32f407xx.o
    0x08000188   0x00000000   Code   RO         5180  * .ARM.Collect$$$$00000000  mc_w.l(entry.o)
    0x08000188   0x00000004   Code   RO         5518    .ARM.Collect$$$$00000001  mc_w.l(entry2.o)
    0x0800018c   0x00000004   Code   RO         5521    .ARM.Collect$$$$00000004  mc_w.l(entry5.o)
    0x08000190   0x00000000   Code   RO         5523    .ARM.Collect$$$$00000008  mc_w.l(entry7b.o)
    0x08000190   0x00000000   Code   RO         5525    .ARM.Collect$$$$0000000A  mc_w.l(entry8b.o)
    0x08000190   0x00000008   Code   RO         5526    .ARM.Collect$$$$0000000B  mc_w.l(entry9a.o)
    0x08000198   0x00000000   Code   RO         5528    .ARM.Collect$$$$0000000D  mc_w.l(entry10a.o)
    0x08000198   0x00000000   Code   RO         5530    .ARM.Collect$$$$0000000F  mc_w.l(entry11a.o)
    0x08000198   0x00000004   Code   RO         5519    .ARM.Collect$$$$00002712  mc_w.l(entry2.o)
    0x0800019c   0x000000ba   Code   RO         3467    .emb_text           port.o
    0x08000256   0x00000002   PAD
    0x08000258   0x00000024   Code   RO            4    .text               startup_stm32f407xx.o
    0x0800027c   0x000000d0   Code   RO         5059    .text               arm_cortexM4lf_math.lib(arm_mult_f32.o)
    0x0800034c   0x00000092   Code   RO         5104    .text               arm_cortexM4lf_math.lib(arm_scale_f32.o)
    0x080003de   0x00000002   PAD
    0x080003e0   0x00000072   Code   RO         5124    .text               arm_cortexM4lf_math.lib(arm_copy_f32.o)
    0x08000452   0x00000002   PAD
    0x08000454   0x0000008c   Code   RO         5144    .text               arm_cortexM4lf_math.lib(arm_fill_f32.o)
    0x080004e0   0x00000024   Code   RO         5183    .text               mc_w.l(memcpya.o)
    0x08000504   0x00000024   Code   RO         5185    .text               mc_w.l(memseta.o)
    0x08000528   0x0000014e   Code   RO         5478    .text               mf_w.l(dadd.o)
    0x08000676   0x000000e4   Code   RO         5480    .text               mf_w.l(dmul.o)
    0x0800075a   0x00000026   Code   RO         5482    .text               mf_w.l(f2d.o)
    0x08000780   0x00000030   Code   RO         5484    .text               mf_w.l(cdcmple.o)
    0x080007b0   0x00000030   Code   RO         5486    .text               mf_w.l(cdrcmple.o)
    0x080007e0   0x00000038   Code   RO         5488    .text               mf_w.l(d2f.o)
    0x08000818   0x0000002c   Code   RO         5532    .text               mc_w.l(uidiv.o)
    0x08000844   0x00000062   Code   RO         5534    .text               mc_w.l(uldiv.o)
    0x080008a6   0x0000001e   Code   RO         5536    .text               mc_w.l(llshl.o)
    0x080008c4   0x00000024   Code   RO         5538    .text               mc_w.l(llsshr.o)
    0x080008e8   0x00000000   Code   RO         5549    .text               mc_w.l(iusefp.o)
    0x080008e8   0x0000006e   Code   RO         5550    .text               mf_w.l(fepilogue.o)
    0x08000956   0x000000ba   Code   RO         5552    .text               mf_w.l(depilogue.o)
    0x08000a10   0x000000de   Code   RO         5554    .text               mf_w.l(ddiv.o)
    0x08000aee   0x00000022   Code   RO         5558    .text               mf_w.l(dflti.o)
    0x08000b10   0x00000030   Code   RO         5560    .text               mf_w.l(dfixul.o)
    0x08000b40   0x00000024   Code   RO         5565    .text               mc_w.l(init.o)
    0x08000b64   0x00000020   Code   RO         5567    .text               mc_w.l(llushr.o)
    0x08000b84   0x00000056   Code   RO         5577    .text               mc_w.l(__dczerorl2.o)
    0x08000bda   0x0000000a   Code   RO          414    i.EXTI0_IRQHandler  stm32f4xx_it.o
    0x08000be4   0x0000000a   Code   RO          415    i.EXTI1_IRQHandler  stm32f4xx_it.o
    0x08000bee   0x0000000a   Code   RO          416    i.EXTI9_5_IRQHandler  stm32f4xx_it.o
    0x08000bf8   0x0000001a   Code   RO          924    i.HAL_Delay         stm32f4xx_hal.o
    0x08000c12   0x00000002   PAD
    0x08000c14   0x000000e4   Code   RO          533    i.HAL_GPIO_EXTI_Callback  gmoteisr.o
    0x08000cf8   0x0000001c   Code   RO         1585    i.HAL_GPIO_EXTI_IRQHandler  stm32f4xx_hal_gpio.o
    0x08000d14   0x00000208   Code   RO         1586    i.HAL_GPIO_Init     stm32f4xx_hal_gpio.o
    0x08000f1c   0x0000000c   Code   RO         1590    i.HAL_GPIO_WritePin  stm32f4xx_hal_gpio.o
    0x08000f28   0x0000000c   Code   RO          930    i.HAL_GetTick       stm32f4xx_hal.o
    0x08000f34   0x00000120   Code   RO         2144    i.HAL_I2C_Init      stm32f4xx_hal_i2c.o
    0x08001054   0x00000058   Code   RO          144    i.HAL_I2C_MspInit   stm32f4xx_hal_msp.o
    0x080010ac   0x00000010   Code   RO          931    i.HAL_IncTick       stm32f4xx_hal.o
    0x080010bc   0x0000003c   Code   RO          932    i.HAL_Init          stm32f4xx_hal.o
    0x080010f8   0x00000024   Code   RO          933    i.HAL_InitTick      stm32f4xx_hal.o
    0x0800111c   0x00000014   Code   RO          145    i.HAL_MspInit       stm32f4xx_hal_msp.o
    0x08001130   0x0000001a   Code   RO         1652    i.HAL_NVIC_EnableIRQ  stm32f4xx_hal_cortex.o
    0x0800114a   0x0000007c   Code   RO         1658    i.HAL_NVIC_SetPriority  stm32f4xx_hal_cortex.o
    0x080011c6   0x00000002   PAD
    0x080011c8   0x00000028   Code   RO         1659    i.HAL_NVIC_SetPriorityGrouping  stm32f4xx_hal_cortex.o
    0x080011f0   0x000002b0   Code   RO         2034    i.HAL_RCC_ClockConfig  stm32f4xx_hal_rcc.o
    0x080014a0   0x00000038   Code   RO         2039    i.HAL_RCC_GetHCLKFreq  stm32f4xx_hal_rcc.o
    0x080014d8   0x0000002c   Code   RO         2041    i.HAL_RCC_GetPCLK1Freq  stm32f4xx_hal_rcc.o
    0x08001504   0x0000002c   Code   RO         2042    i.HAL_RCC_GetPCLK2Freq  stm32f4xx_hal_rcc.o
    0x08001530   0x000000b4   Code   RO         2043    i.HAL_RCC_GetSysClockFreq  stm32f4xx_hal_rcc.o
    0x080015e4   0x00000404   Code   RO         2046    i.HAL_RCC_OscConfig  stm32f4xx_hal_rcc.o
    0x080019e8   0x00000088   Code   RO          681    i.HAL_SPI_Init      stm32f4xx_hal_spi.o
    0x08001a70   0x000000a0   Code   RO          147    i.HAL_SPI_MspInit   stm32f4xx_hal_msp.o
    0x08001b10   0x00000352   Code   RO          690    i.HAL_SPI_TransmitReceive  stm32f4xx_hal_spi.o
    0x08001e62   0x00000028   Code   RO         1661    i.HAL_SYSTICK_CLKSourceConfig  stm32f4xx_hal_cortex.o
    0x08001e8a   0x00000034   Code   RO         1663    i.HAL_SYSTICK_Config  stm32f4xx_hal_cortex.o
    0x08001ebe   0x00000062   Code   RO         2515    i.HAL_TIMEx_MasterConfigSynchronization  stm32f4xx_hal_tim_ex.o
    0x08001f20   0x00000034   Code   RO         2739    i.HAL_TIM_Base_Init  stm32f4xx_hal_tim.o
    0x08001f54   0x00000030   Code   RO          149    i.HAL_TIM_Base_MspInit  stm32f4xx_hal_msp.o
    0x08001f84   0x0000004c   Code   RO         2789    i.HAL_TIM_OC_Start  stm32f4xx_hal_tim.o
    0x08001fd0   0x00000080   Code   RO         2792    i.HAL_TIM_OC_Stop   stm32f4xx_hal_tim.o
    0x08002050   0x0000006e   Code   RO         1238    i.HAL_UART_Init     stm32f4xx_hal_uart.o
    0x080020be   0x00000002   PAD
    0x080020c0   0x00000058   Code   RO          151    i.HAL_UART_MspInit  stm32f4xx_hal_msp.o
    0x08002118   0x000000f0   Code   RO         1246    i.HAL_UART_Transmit  stm32f4xx_hal_uart.o
    0x08002208   0x000001a4   Code   RO         4680    i.HMM_ControlTsk    hmm.o
    0x080023ac   0x00000304   Code   RO         4681    i.HMM_ForwardTsk    hmm.o
    0x080026b0   0x000000dc   Code   RO         4682    i.HMM_Init          hmm.o
    0x0800278c   0x00000070   Code   RO         4683    i.HMM_Init_models   hmm.o
    0x080027fc   0x00000244   Code   RO          219    i.MX_GPIO_Init      main.o
    0x08002a40   0x00000038   Code   RO          220    i.MX_I2C1_Init      main.o
    0x08002a78   0x00000040   Code   RO          221    i.MX_SPI1_Init      main.o
    0x08002ab8   0x0000003c   Code   RO          222    i.MX_SPI3_Init      main.o
    0x08002af4   0x00000030   Code   RO          223    i.MX_TIM6_Init      main.o
    0x08002b24   0x00000034   Code   RO          224    i.MX_USART2_UART_Init  main.o
    0x08002b58   0x00000010   Code   RO         1665    i.NVIC_GetPriorityGrouping  stm32f4xx_hal_cortex.o
    0x08002b68   0x00000028   Code   RO         1666    i.NVIC_SetPriority  stm32f4xx_hal_cortex.o
    0x08002b90   0x00000020   Code   RO         4902    i.SPI_Send          nrf24l01.o
    0x08002bb0   0x00000114   Code   RO          712    i.SPI_WaitOnFlagUntilTimeout  stm32f4xx_hal_spi.o
    0x08002cc4   0x0000000c   Code   RO          417    i.SysTick_Handler   stm32f4xx_it.o
    0x08002cd0   0x000000a8   Code   RO          226    i.SystemClock_Config  main.o
    0x08002d78   0x00000064   Code   RO           14    i.SystemInit        system_stm32f4xx.o
    0x08002ddc   0x000000e4   Code   RO         2823    i.TIM_Base_SetConfig  stm32f4xx_hal_tim.o
    0x08002ec0   0x0000001c   Code   RO         2824    i.TIM_CCxChannelCmd  stm32f4xx_hal_tim.o
    0x08002edc   0x00000224   Code   RO         1258    i.UART_SetConfig    stm32f4xx_hal_uart.o
    0x08003100   0x000000fa   Code   RO         1260    i.UART_WaitOnFlagUntilTimeout  stm32f4xx_hal_uart.o
    0x080031fa   0x00000002   PAD
    0x080031fc   0x00000020   Code   RO         5422    i.__0printf         mc_w.l(printfa.o)
    0x0800321c   0x00000004   PAD
    0x08003220   0x000003c4   Code   RO         5504    i.__hardfp_log      m_wm.l(log.o)
    0x080035e4   0x00000004   PAD
    0x080035e8   0x00000130   Code   RO         5168    i.__hardfp_log10    m_wm.l(log10.o)
    0x08003718   0x000000f8   Code   RO         5562    i.__kernel_poly     m_wm.l(poly.o)
    0x08003810   0x00000030   Code   RO         5490    i.__mathlib_dbl_divzero  m_wm.l(dunder.o)
    0x08003840   0x00000014   Code   RO         5491    i.__mathlib_dbl_infnan  m_wm.l(dunder.o)
    0x08003854   0x00000004   PAD
    0x08003858   0x00000020   Code   RO         5493    i.__mathlib_dbl_invalid  m_wm.l(dunder.o)
    0x08003878   0x0000000e   Code   RO         5571    i.__scatterload_copy  mc_w.l(handlers.o)
    0x08003886   0x00000002   Code   RO         5572    i.__scatterload_null  mc_w.l(handlers.o)
    0x08003888   0x0000000e   Code   RO         5573    i.__scatterload_zeroinit  mc_w.l(handlers.o)
    0x08003896   0x00000002   PAD
    0x08003898   0x0000000c   Code   RO         5544    i.__set_errno       mc_w.l(errno.o)
    0x080038a4   0x00000164   Code   RO         5429    i._fp_digits        mc_w.l(printfa.o)
    0x08003a08   0x000006dc   Code   RO         5430    i._printf_core      mc_w.l(printfa.o)
    0x080040e4   0x00000024   Code   RO         5431    i._printf_post_padding  mc_w.l(printfa.o)
    0x08004108   0x0000002e   Code   RO         5432    i._printf_pre_padding  mc_w.l(printfa.o)
    0x08004136   0x00000002   PAD
    0x08004138   0x00000058   Code   RO          601    i.boias             boias.o
    0x08004190   0x00000020   Code   RO         4448    i.clear_results     kdtree.o
    0x080041b0   0x000000dc   Code   RO         4404    i.codeBook_init     codebook.o
    0x0800428c   0x00000048   Code   RO         4405    i.codebook_idx      codebook.o
    0x080042d4   0x0000006c   Code   RO         4406    i.codebook_vecToIdx  codebook.o
    0x08004340   0x000000dc   Code   RO          509    i.error             error.o
    0x0800441c   0x00000038   Code   RO         4846    i.fputc             retarget.o
    0x08004454   0x00000064   Code   RO         4450    i.hyperrect_create  kdtree.o
    0x080044b8   0x00000194   Code   RO         4451    i.hyperrect_dist_sq  kdtree.o
    0x0800464c   0x0000000e   Code   RO         4452    i.hyperrect_duplicate  kdtree.o
    0x0800465a   0x00000098   Code   RO         4453    i.hyperrect_extend  kdtree.o
    0x080046f2   0x00000018   Code   RO         4454    i.hyperrect_free    kdtree.o
    0x0800470a   0x000000bc   Code   RO         4455    i.insert_rec        kdtree.o
    0x080047c6   0x0000001e   Code   RO         4457    i.kd_create         kdtree.o
    0x080047e4   0x0000003e   Code   RO         4460    i.kd_insert         kdtree.o
    0x08004822   0x00000002   PAD
    0x08004824   0x00000068   Code   RO         4463    i.kd_insertf        kdtree.o
    0x0800488c   0x0000015c   Code   RO         4464    i.kd_nearest        kdtree.o
    0x080049e8   0x000001cc   Code   RO         4467    i.kd_nearest_i      kdtree.o
    0x08004bb4   0x00000064   Code   RO         4472    i.kd_nearestf       kdtree.o
    0x08004c18   0x00000018   Code   RO         4474    i.kd_res_free       kdtree.o
    0x08004c30   0x0000002a   Code   RO         4475    i.kd_res_item       kdtree.o
    0x08004c5a   0x0000000e   Code   RO         4478    i.kd_res_item_data  kdtree.o
    0x08004c68   0x00000008   Code   RO         4481    i.kd_res_rewind     kdtree.o
    0x08004c70   0x00000010   Code   RO         5506    i.log               m_wm.l(log.o)
    0x08004c80   0x000000a4   Code   RO          227    i.main              main.o
    0x08004d24   0x0000006c   Code   RO         5451    i.malloc            mc_w.l(malloc.o)
    0x08004d90   0x00000024   Code   RO         4905    i.nrf24l01_flushTXfifo  nrf24l01.o
    0x08004db4   0x00000028   Code   RO         4906    i.nrf24l01_getStatus  nrf24l01.o
    0x08004ddc   0x00000030   Code   RO         4910    i.nrf24l01_readregister  nrf24l01.o
    0x08004e0c   0x00000048   Code   RO         4915    i.nrf24l01_setTX    nrf24l01.o
    0x08004e54   0x00000018   Code   RO         4920    i.nrf24l01_txSend   nrf24l01.o
    0x08004e6c   0x00000098   Code   RO         4921    i.nrf24l01_write    nrf24l01.o
    0x08004f04   0x00000034   Code   RO         4922    i.nrf24l01_writeRegister  nrf24l01.o
    0x08004f38   0x00000080   Code   RO         4751    i.preprocessing     pre_processing.o
    0x08004fb8   0x0000002c   Code   RO         4752    i.printIdx          pre_processing.o
    0x08004fe4   0x00000068   Code   RO         4753    i.processing_init   pre_processing.o
    0x0800504c   0x00000054   Code   RO         3791    i.prvAddCurrentTaskToDelayedList  tasks.o
    0x080050a0   0x00000042   Code   RO         3792    i.prvAllocateTCBAndStack  tasks.o
    0x080050e2   0x00000002   PAD
    0x080050e4   0x00000064   Code   RO         3793    i.prvCheckTasksWaitingTermination  tasks.o
    0x08005148   0x0000002a   Code   RO         3615    i.prvCopyDataFromQueue  queue.o
    0x08005172   0x00000080   Code   RO         3616    i.prvCopyDataToQueue  queue.o
    0x080051f2   0x00000012   Code   RO         3794    i.prvDeleteTCB      tasks.o
    0x08005204   0x0000007c   Code   RO         3394    i.prvHeapInit       heap_4.o
    0x08005280   0x00000028   Code   RO         3795    i.prvIdleTask       tasks.o
    0x080052a8   0x00000062   Code   RO         3796    i.prvInitialiseTCBVariables  tasks.o
    0x0800530a   0x00000002   PAD
    0x0800530c   0x00000068   Code   RO         3797    i.prvInitialiseTaskLists  tasks.o
    0x08005374   0x00000068   Code   RO         3395    i.prvInsertBlockIntoFreeList  heap_4.o
    0x080053dc   0x0000001a   Code   RO         3617    i.prvIsQueueEmpty   queue.o
    0x080053f6   0x0000001e   Code   RO         3618    i.prvIsQueueFull    queue.o
    0x08005414   0x00000034   Code   RO         3799    i.prvResetNextTaskUnblockTime  tasks.o
    0x08005448   0x00000040   Code   RO         3468    i.prvTaskExitError  port.o
    0x08005488   0x0000001e   Code   RO         3541    i.prvTestWaitCondition  event_groups.o
    0x080054a6   0x0000007e   Code   RO         3619    i.prvUnlockQueue    queue.o
    0x08005524   0x0000013c   Code   RO         3396    i.pvPortMalloc      heap_4.o
    0x08005660   0x00000020   Code   RO         3802    i.pvTaskIncrementMutexHeldCount  tasks.o
    0x08005680   0x00000028   Code   RO         3469    i.pxPortInitialiseStack  port.o
    0x080056a8   0x00000074   Code   RO         4483    i.rlist_insert      kdtree.o
    0x0800571c   0x0000007c   Code   RO         4754    i.simpleProc        pre_processing.o
    0x08005798   0x0000009c   Code   RO         4818    i.simpleProcessing  simpleprocessing.o
    0x08005834   0x0000004c   Code   RO         4379    i.usDelay           usdelay.o
    0x08005880   0x00000028   Code   RO         4104    i.uxListRemove      list.o
    0x080058a8   0x0000001c   Code   RO         3809    i.uxTaskResetEventItemValue  tasks.o
    0x080058c4   0x0000001a   Code   RO         4105    i.vListInitialise   list.o
    0x080058de   0x00000006   Code   RO         4106    i.vListInitialiseItem  list.o
    0x080058e4   0x00000034   Code   RO         4107    i.vListInsert       list.o
    0x08005918   0x00000018   Code   RO         4108    i.vListInsertEnd    list.o
    0x08005930   0x00000054   Code   RO         3471    i.vPortEnterCritical  port.o
    0x08005984   0x0000003c   Code   RO         3472    i.vPortExitCritical  port.o
    0x080059c0   0x00000094   Code   RO         3397    i.vPortFree         heap_4.o
    0x08005a54   0x00000020   Code   RO         3473    i.vPortSetupTimerInterrupt  port.o
    0x08005a74   0x00000078   Code   RO         3474    i.vPortValidateInterruptPriority  port.o
    0x08005aec   0x0000000c   Code   RO         3813    i.vTaskMissedYield  tasks.o
    0x08005af8   0x0000007c   Code   RO         3815    i.vTaskPlaceOnEventList  tasks.o
    0x08005b74   0x000000b4   Code   RO         3816    i.vTaskPlaceOnUnorderedEventList  tasks.o
    0x08005c28   0x000000b0   Code   RO         3817    i.vTaskPriorityInherit  tasks.o
    0x08005cd8   0x00000030   Code   RO         3821    i.vTaskSetTimeOutState  tasks.o
    0x08005d08   0x00000078   Code   RO         3822    i.vTaskStartScheduler  tasks.o
    0x08005d80   0x00000010   Code   RO         3824    i.vTaskSuspendAll   tasks.o
    0x08005d90   0x0000008c   Code   RO         3825    i.vTaskSwitchContext  tasks.o
    0x08005e1c   0x0000002c   Code   RO         4686    i.vec_content_sum   hmm.o
    0x08005e48   0x0000001a   Code   RO         3547    i.xEventGroupCreate  event_groups.o
    0x08005e62   0x000000ce   Code   RO         3549    i.xEventGroupSetBits  event_groups.o
    0x08005f30   0x00000154   Code   RO         3551    i.xEventGroupWaitBits  event_groups.o
    0x08006084   0x0000013c   Code   RO         3475    i.xPortStartScheduler  port.o
    0x080061c0   0x00000034   Code   RO         3476    i.xPortSysTickHandler  port.o
    0x080061f4   0x0000008c   Code   RO         3631    i.xQueueGenericCreate  queue.o
    0x08006280   0x000001ac   Code   RO         3632    i.xQueueGenericReceive  queue.o
    0x0800642c   0x00000094   Code   RO         3633    i.xQueueGenericReset  queue.o
    0x080064c0   0x000001a0   Code   RO         3634    i.xQueueGenericSend  queue.o
    0x08006660   0x000000d6   Code   RO         3636    i.xQueueGiveFromISR  queue.o
    0x08006736   0x00000002   PAD
    0x08006738   0x0000008c   Code   RO         3826    i.xTaskCheckForTimeOut  tasks.o
    0x080067c4   0x00000170   Code   RO         3827    i.xTaskGenericCreate  tasks.o
    0x08006934   0x00000020   Code   RO         3831    i.xTaskGetSchedulerState  tasks.o
    0x08006954   0x0000014c   Code   RO         3834    i.xTaskIncrementTick  tasks.o
    0x08006aa0   0x00000128   Code   RO         3835    i.xTaskNotifyFromISR  tasks.o
    0x08006bc8   0x000000c8   Code   RO         3837    i.xTaskPriorityDisinherit  tasks.o
    0x08006c90   0x00000098   Code   RO         3838    i.xTaskRemoveFromEventList  tasks.o
    0x08006d28   0x000000b0   Code   RO         3839    i.xTaskRemoveFromUnorderedEventList  tasks.o
    0x08006dd8   0x00000104   Code   RO         3840    i.xTaskResumeAll    tasks.o
    0x08006edc   0x00000010   Data   RO         2047    .constdata          stm32f4xx_hal_rcc.o
    0x08006eec   0x000026e0   Data   RO         4803    .constdata          hmm_param.o
    0x080095cc   0x00000004   PAD
    0x080095d0   0x00000038   Data   RO         5507    .constdata          m_wm.l(log.o)
    0x08009608   0x00000008   Data   RO         5564    .constdata          m_wm.l(qnan.o)
    0x08009610   0x00000020   Data   RO         5569    Region$$Table       anon$$obj.o


    Execution Region RW_IRAM1 (Base: 0x20000000, Size: 0x00013340, Max: 0x00020000, ABSOLUTE, COMPRESSED[0x000009d8])

    Base Addr    Size         Type   Attr      Idx    E Section Name        Object

    0x20000000   0x00000004   Data   RW           16    .data               system_stm32f4xx.o
    0x20000004   0x0000000c   Data   RW          229    .data               main.o
    0x20000010   0x0000000c   Data   RW          534    .data               gmoteisr.o
    0x2000001c   0x00000c30   Data   RW          602    .data               boias.o
    0x20000c4c   0x00000004   Data   RW          938    .data               stm32f4xx_hal.o
    0x20000c50   0x00000018   Data   RW         3402    .data               heap_4.o
    0x20000c68   0x0000000c   Data   RW         3477    .data               port.o
    0x20000c74   0x0000003c   Data   RW         3843    .data               tasks.o
    0x20000cb0   0x0000000c   Data   RW         4201    .data               accelerometeraq.o
    0x20000cbc   0x00000010   Data   RW         4347    .data               gyroaq.o
    0x20000ccc   0x00000004   Data   RW         4407    .data               codebook.o
    0x20000cd0   0x00000014   Data   RW         4688    .data               hmm.o
    0x20000ce4   0x00000010   Data   RW         4755    .data               pre_processing.o
    0x20000cf4   0x0000000c   Data   RW         4847    .data               retarget.o
    0x20000d00   0x00000004   Data   RW         5540    .data               mc_w.l(mvars.o)
    0x20000d04   0x00000004   Data   RW         5541    .data               mc_w.l(mvars.o)
    0x20000d08   0x00000004   Data   RW         5545    .data               mc_w.l(errno.o)
    0x20000d0c   0x00000168   Zero   RW          228    .bss                main.o
    0x20000e74   0x0000ea60   Zero   RW         3401    .bss                heap_4.o
    0x2000f8d4   0x00000104   Zero   RW         3842    .bss                tasks.o
    0x2000f9d8   0x00001c20   Zero   RW         4316    .bss                sensor.o
    0x200115f8   0x00000180   Zero   RW         4484    .bss                kdtree.o
    0x20011778   0x000015c4   Zero   RW         4687    .bss                hmm.o
    0x20012d3c   0x00000004   PAD
    0x20012d40   0x00000200   Zero   RW            2    HEAP                startup_stm32f407xx.o
    0x20012f40   0x00000400   Zero   RW            1    STACK               startup_stm32f407xx.o


==============================================================================

Image component sizes


      Code (inc. data)   RO Data    RW Data    ZI Data      Debug   Object Name

         0          0          0         12          0        274   accelerometeraq.o
        88         10          0       3120          0       1260   boias.o
       400        132          0          4          0       2522   codebook.o
       220         20          0          0          0        644   error.o
       602          6          0          0          0       5719   event_groups.o
       228         34          0         12          0        729   gmoteisr.o
         0          0          0         16          0        312   gyroaq.o
       692         62          0         24      60000       8771   heap_4.o
      1568        160          0         20       5572       4411   hmm.o
         0          0       9952          0          0        668   hmm_param.o
      2222         54          0          0        384      14551   kdtree.o
       148          0          0          0          0       3630   list.o
      1192        142          0         12        360      36082   main.o
       456         34          0          0          0       4976   nrf24l01.o
       954         90          0         12          0      17545   port.o
       400         74          0         16          0       2854   pre_processing.o
      1698         12          0          0          0      11590   queue.o
        56         12          0         12          0       2476   retarget.o
         0          0          0          0       7200       1107   sensor.o
       156          0          0          0          0       1059   simpleprocessing.o
        36          8        392          0       1536        968   startup_stm32f407xx.o
       150         16          0          4          0       4250   stm32f4xx_hal.o
       338         22          0          0          0      31129   stm32f4xx_hal_cortex.o
       560         52          0          0          0       3071   stm32f4xx_hal_gpio.o
       288         10          0          0          0       1375   stm32f4xx_hal_i2c.o
       404         54          0          0          0       3524   stm32f4xx_hal_msp.o
      2040         66         16          0          0       6063   stm32f4xx_hal_rcc.o
      1262          0          0          0          0       3573   stm32f4xx_hal_spi.o
       512         60          0          0          0       4022   stm32f4xx_hal_tim.o
        98          0          0          0          0       1188   stm32f4xx_hal_tim_ex.o
      1148         10          0          0          0       3792   stm32f4xx_hal_uart.o
        42          0          0          0          0       2001   stm32f4xx_it.o
       100         18          0          4          0     370157   system_stm32f4xx.o
      3394        424          0         60        260      25575   tasks.o
        76          8          0          0          0        538   usdelay.o

    ----------------------------------------------------------------------
     21546       1590      10396       3328      75316     582406   Object Totals
         0          0         32          0          0          0   (incl. Generated)
        18          0          4          0          4          0   (incl. Padding)

    ----------------------------------------------------------------------

      Code (inc. data)   RO Data    RW Data    ZI Data      Debug   Library Member Name

       114          0          0          0          0        855   arm_copy_f32.o
       140          0          0          0          0       1267   arm_fill_f32.o
       208          0          0          0          0      15527   arm_mult_f32.o
       146          0          0          0          0       1008   arm_scale_f32.o
       100         28          0          0          0        372   dunder.o
       980         92         56          0          0        440   log.o
       304         44          0          0          0        200   log10.o
       248          0          0          0          0        152   poly.o
         0          0          8          0          0          0   qnan.o
        86          0          0          0          0          0   __dczerorl2.o
         0          0          0          0          0          0   entry.o
         0          0          0          0          0          0   entry10a.o
         0          0          0          0          0          0   entry11a.o
         8          4          0          0          0          0   entry2.o
         4          0          0          0          0          0   entry5.o
         0          0          0          0          0          0   entry7b.o
         0          0          0          0          0          0   entry8b.o
         8          4          0          0          0          0   entry9a.o
        12          6          0          4          0         68   errno.o
        30          0          0          0          0          0   handlers.o
        36          8          0          0          0         68   init.o
         0          0          0          0          0          0   iusefp.o
        30          0          0          0          0         68   llshl.o
        36          0          0          0          0         68   llsshr.o
        32          0          0          0          0         68   llushr.o
       108         16          0          0          0         84   malloc.o
        36          0          0          0          0         68   memcpya.o
        36          0          0          0          0        108   memseta.o
         0          0          0          8          0          0   mvars.o
      2226         90          0          0          0        444   printfa.o
        44          0          0          0          0         80   uidiv.o
        98          0          0          0          0         92   uldiv.o
        48          0          0          0          0         68   cdcmple.o
        48          0          0          0          0         68   cdrcmple.o
        56          0          0          0          0         88   d2f.o
       334          0          0          0          0        148   dadd.o
       222          0          0          0          0        100   ddiv.o
       186          0          0          0          0        176   depilogue.o
        48          0          0          0          0         68   dfixul.o
        34          0          0          0          0         76   dflti.o
       228          0          0          0          0         96   dmul.o
        38          0          0          0          0         68   f2d.o
       110          0          0          0          0        168   fepilogue.o

    ----------------------------------------------------------------------
      6442        300         64         12          0      22161   Library Totals
        20          8          0          0          0          0   (incl. Padding)

    ----------------------------------------------------------------------

      Code (inc. data)   RO Data    RW Data    ZI Data      Debug   Library Name

       608          0          0          0          0      18657   arm_cortexM4lf_math.lib
      1632        164         64          0          0       1164   m_wm.l
      2830        128          0         12          0       1216   mc_w.l
      1352          0          0          0          0       1124   mf_w.l

    ----------------------------------------------------------------------
      6442        300         64         12          0      22161   Library Totals

    ----------------------------------------------------------------------

==============================================================================


      Code (inc. data)   RO Data    RW Data    ZI Data      Debug   

     27988       1890      10460       3340      75316     587755   Grand Totals
     27988       1890      10460       2520      75316     587755   ELF Image Totals (compressed)
     27988       1890      10460       2520          0          0   ROM Totals

==============================================================================

    Total RO  Size (Code + RO Data)                38448 (  37.55kB)
    Total RW  Size (RW Data + ZI Data)             78656 (  76.81kB)
    Total ROM Size (Code + RO Data + RW Data)      40968 (  40.01kB)

==============================================================================

