<html>
<body>
<pre>
<h1>µVision Build Log</h1>
<h2>Tool Versions:</h2>
IDE-Version: µVision V5.16a
Copyright (C) 2015 ARM Ltd and ARM Germany GmbH. All rights reserved.
License Information: qwreqwer qwer, er, LIC=3UUUH-WENBQ-79JG1-CJ6QY-9SM4K-M7YB5
 
Tool Versions:
Toolchain:       MDK-ARM Professional  Version: 5.16a
Toolchain Path:  C:\Keil_v5\ARM\ARMCC\Bin
C Compiler:      Armcc.exe V5.06 (build 20)
Assembler:       Armasm.exe V5.06 (build 20)
Linker/Locator:  ArmLink.exe V5.06 (build 20)
Library Manager: ArmAr.exe V5.06 (build 20)
Hex Converter:   FromElf.exe V5.06 (build 20)
CPU DLL:         SARMCM3.DLL V5.16a
Dialog DLL:      DCM.DLL V1.13.2.0
Target DLL:      STLink\ST-LINKIII-KEIL_SWO.dll V2.0.17.0
Dialog DLL:      TCM.DLL V1.14.5.0
 
<h2>Project:</h2>
C:\Users\Utilizador\Documents\GitHub\GMote\GMOTE\MDK-ARM\GMOTE.uvprojx
Project File Date:  12/08/2015

<h2>Output:</h2>
*** Using Compiler 'V5.06 (build 20)', folder: 'C:\Keil_v5\ARM\ARMCC\Bin'
Build target 'GMOTE Configuration'
compiling freertos.c...
compiling mpu6050_gyro.c...
..\Src\mpu6050_gyro.c(86): warning:  #188-D: enumerated type mixed with another type
  	return (HAL_I2C_Master_Transmit(&
HI2C,  
PU_CUR_ADDRESS, d, 2, 100) == HAL_OK);
..\Src\mpu6050_gyro.c(90): warning:  #188-D: enumerated type mixed with another type
  	return (HAL_I2C_Mem_Read(&
HI2C, 
PU_CUR_ADDRESS, regAdd, 1, retValue, 1, 100) == HAL_OK);		
..\Src\mpu6050_gyro.c: 2 warnings, 0 errors
linking...
GMOTE Configuration\GMOTE Configuration.axf: Warning: L6304W: Duplicate input file gmote configuration\freertos_1.o ignored.
Program Size: Code=8248 RO-data=440 RW-data=104 ZI-data=1768  
Finished: 0 information, 1 warning and 0 error messages.
"GMOTE Configuration\GMOTE Configuration.axf" - 0 Error(s), 3 Warning(s).

<h2>Collection of Component include folders:</h2>
  C:\Users\Utilizador\Documents\GitHub\GMote\GMOTE\MDK-ARM\RTE
  C:\Keil_v5\ARM\PACK\Keil\STM32F4xx_DFP\2.5.0\Drivers\CMSIS\Device\ST\STM32F4xx\Include

<h2>Collection of Component Files used:</h2>
Build Time Elapsed:  00:00:04
</pre>
</body>
</html>
