<html>
<body>
<pre>
<h1>µVision Build Log</h1>
<h2>Tool Versions:</h2>
IDE-Version: µVision V5.14.0.0
Copyright (C) 2015 ARM Ltd and ARM Germany GmbH. All rights reserved.
License Information: D C, UM, LIC=FQQEV-PZ85W-NSGYQ-N6H14-5UIXS-YI4YE
 
Tool Versions:
Toolchain:       MDK-ARM Professional  Version: 5.14.0.0
Toolchain Path:  C:\Keil_v5\ARM\ARMCC\Bin
C Compiler:      Armcc.exe V5.05 update 1 (build 106)
Assembler:       Armasm.exe V5.05 update 1 (build 106)
Linker/Locator:  ArmLink.exe V5.05 update 1 (build 106)
Library Manager: ArmAr.exe V5.05 update 1 (build 106)
Hex Converter:   FromElf.exe V5.05 update 1 (build 106)
CPU DLL:         SARMCM3.DLL V5.14.0.0
Dialog DLL:      DCM.DLL V1.13.1.0
Target DLL:      STLink\ST-LINKIII-KEIL_SWO.dll V2.0.14.0_KEIL
Dialog DLL:      TCM.DLL V1.14.4.0
 
<h2>Project:</h2>
E:\Universidade\MESTRADO_EEIC\ProjectoI\github\GMOTE\MDK-ARM\GMOTE.uvprojx
Project File Date:  12/07/2015

<h2>Output:</h2>
Build target 'GMOTE Configuration'
assembling startup_stm32f407xx.s...
compiling system_stm32f4xx.c...
compiling stm32f4xx_hal_msp.c...
compiling main.c...
compiling stm32f4xx_it.c...
compiling Accelerometer.c...
compiling freertos.c...
compiling AccelerometerAq.c...
compiling sensorAq.c...
compiling error.c...
..\Src\error.c(19): warning:  #1293-D: assignment in condition
                        ORANGE(state = !state);
..\Src\error.c(25): warning:  #1293-D: assignment in condition
                        RED(state = !state);
..\Src\error.c(32): warning:  #1293-D: assignment in condition
                        RED(state = !state);
..\Src\error.c: 3 warnings, 0 errors
compiling GMoteISR.c...
..\Src\GMoteISR.c(18): warning:  #1293-D: assignment in condition
                GREEN(state = !state);
..\Src\GMoteISR.c: 1 warning, 0 errors
compiling gyroscope.c...
..\Src\gyroscope.c(14): warning:  #177-D: variable "send" was declared but never referenced
        uint8_t send[2] = {0x1A, 0x0F};
..\Src\gyroscope.c: 1 warning, 0 errors
compiling nrf24l01.c...
compiling usDelay.c...
compiling retarget.c...
compiling stm32f4xx_hal_dma_ex.c...
compiling stm32f4xx_hal_spi.c...
compiling stm32f4xx_hal.c...
compiling stm32f4xx_hal_flash_ex.c...
compiling stm32f4xx_hal_pwr_ex.c...
compiling stm32f4xx_hal_uart.c...
compiling stm32f4xx_hal_dma.c...
compiling stm32f4xx_hal_rcc_ex.c...
compiling stm32f4xx_hal_gpio.c...
compiling stm32f4xx_hal_cortex.c...
compiling stm32f4xx_hal_flash_ramfunc.c...
compiling stm32f4xx_hal_flash.c...
compiling stm32f4xx_hal_pwr.c...
compiling stm32f4xx_hal_rcc.c...
compiling stm32f4xx_hal_i2c.c...
compiling stm32f4xx_hal_i2c_ex.c...
compiling stm32f4xx_hal_tim_ex.c...
compiling stm32f4xx_hal_tim.c...
compiling croutine.c...
compiling heap_4.c...
compiling timers.c...
compiling port.c...
compiling event_groups.c...
compiling queue.c...
compiling tasks.c...
compiling cmsis_os.c...
compiling list.c...
compiling freertos.c...
linking...
GMOTE Configuration\GMOTE Configuration.axf: Warning: L6304W: Duplicate input file gmote configuration\freertos_1.o ignored.
Program Size: Code=16964 RO-data=464 RW-data=156 ZI-data=18196  
Finished: 0 information, 1 warning and 0 error messages.
"GMOTE Configuration\GMOTE Configuration.axf" - 0 Error(s), 6 Warning(s).

<h2>Collection of Component include folders:</h2>
  E:\Universidade\MESTRADO_EEIC\ProjectoI\github\GMOTE\MDK-ARM\RTE
  C:\Keil_v5\ARM\PACK\Keil\STM32F4xx_DFP\2.4.0

<h2>Collection of Component Files used:</h2>
</pre>
</body>
</html>
