Component: ARM Compiler 5.05 update 1 (build 106) Tool: armlink [4d0efa]

==============================================================================

Section Cross References

    startup_stm32f407xx.o(RESET) refers to startup_stm32f407xx.o(STACK) for __initial_sp
    startup_stm32f407xx.o(RESET) refers to startup_stm32f407xx.o(.text) for Reset_Handler
    startup_stm32f407xx.o(RESET) refers to port.o(.emb_text) for SVC_Handler
    startup_stm32f407xx.o(RESET) refers to stm32f4xx_it.o(i.SysTick_Handler) for SysTick_Handler
    startup_stm32f407xx.o(RESET) refers to stm32f4xx_it.o(i.EXTI0_IRQHandler) for EXTI0_IRQHandler
    startup_stm32f407xx.o(RESET) refers to stm32f4xx_it.o(i.EXTI1_IRQHandler) for EXTI1_IRQHandler
    startup_stm32f407xx.o(RESET) refers to stm32f4xx_it.o(i.EXTI2_IRQHandler) for EXTI2_IRQHandler
    startup_stm32f407xx.o(RESET) refers to stm32f4xx_it.o(i.EXTI3_IRQHandler) for EXTI3_IRQHandler
    startup_stm32f407xx.o(RESET) refers to stm32f4xx_it.o(i.EXTI4_IRQHandler) for EXTI4_IRQHandler
    startup_stm32f407xx.o(RESET) refers to stm32f4xx_it.o(i.EXTI9_5_IRQHandler) for EXTI9_5_IRQHandler
    startup_stm32f407xx.o(RESET) refers to stm32f4xx_it.o(i.EXTI15_10_IRQHandler) for EXTI15_10_IRQHandler
    startup_stm32f407xx.o(RESET) refers to stm32f4xx_it.o(i.TIM7_IRQHandler) for TIM7_IRQHandler
    startup_stm32f407xx.o(.text) refers to system_stm32f4xx.o(i.SystemInit) for SystemInit
    startup_stm32f407xx.o(.text) refers to entry.o(.ARM.Collect$$$$00000000) for __main
    heap_4.o(i.prvHeapInit) refers to heap_4.o(.bss) for ucHeap
    heap_4.o(i.prvHeapInit) refers to heap_4.o(.data) for xStart
    heap_4.o(i.prvInsertBlockIntoFreeList) refers to heap_4.o(.data) for xStart
    heap_4.o(i.pvPortMalloc) refers to tasks.o(i.vTaskSuspendAll) for vTaskSuspendAll
    heap_4.o(i.pvPortMalloc) refers to heap_4.o(i.prvHeapInit) for prvHeapInit
    heap_4.o(i.pvPortMalloc) refers to heap_4.o(i.prvInsertBlockIntoFreeList) for prvInsertBlockIntoFreeList
    heap_4.o(i.pvPortMalloc) refers to tasks.o(i.xTaskResumeAll) for xTaskResumeAll
    heap_4.o(i.pvPortMalloc) refers to heap_4.o(.data) for pxEnd
    heap_4.o(i.vPortFree) refers to tasks.o(i.vTaskSuspendAll) for vTaskSuspendAll
    heap_4.o(i.vPortFree) refers to heap_4.o(i.prvInsertBlockIntoFreeList) for prvInsertBlockIntoFreeList
    heap_4.o(i.vPortFree) refers to tasks.o(i.xTaskResumeAll) for xTaskResumeAll
    heap_4.o(i.vPortFree) refers to heap_4.o(.data) for xBlockAllocatedBit
    heap_4.o(i.xPortGetFreeHeapSize) refers to heap_4.o(.data) for xFreeBytesRemaining
    heap_4.o(i.xPortGetMinimumEverFreeHeapSize) refers to heap_4.o(.data) for xMinimumEverFreeBytesRemaining
    port.o(.emb_text) refers to tasks.o(i.vTaskSwitchContext) for vTaskSwitchContext
    port.o(.emb_text) refers to tasks.o(.data) for pxCurrentTCB
    port.o(i.prvTaskExitError) refers to port.o(.data) for uxCriticalNesting
    port.o(i.pxPortInitialiseStack) refers to port.o(i.prvTaskExitError) for prvTaskExitError
    port.o(i.vPortEndScheduler) refers to port.o(.data) for uxCriticalNesting
    port.o(i.vPortEnterCritical) refers to port.o(.data) for uxCriticalNesting
    port.o(i.vPortExitCritical) refers to port.o(.data) for uxCriticalNesting
    port.o(i.vPortSetupTimerInterrupt) refers to system_stm32f4xx.o(.data) for SystemCoreClock
    port.o(i.vPortSetupTimerInterrupt) refers to port.o(.data) for ulTimerCountsForOneTick
    port.o(i.vPortSuppressTicksAndSleep) refers to tasks.o(i.eTaskConfirmSleepModeStatus) for eTaskConfirmSleepModeStatus
    port.o(i.vPortSuppressTicksAndSleep) refers to port.o(i.vPortEnterCritical) for vPortEnterCritical
    port.o(i.vPortSuppressTicksAndSleep) refers to tasks.o(i.vTaskStepTick) for vTaskStepTick
    port.o(i.vPortSuppressTicksAndSleep) refers to port.o(i.vPortExitCritical) for vPortExitCritical
    port.o(i.vPortSuppressTicksAndSleep) refers to port.o(.data) for xMaximumPossibleSuppressedTicks
    port.o(i.vPortValidateInterruptPriority) refers to port.o(.emb_text) for vPortGetIPSR
    port.o(i.vPortValidateInterruptPriority) refers to port.o(.data) for ucMaxSysCallPriority
    port.o(i.xPortStartScheduler) refers to port.o(i.vPortSetupTimerInterrupt) for vPortSetupTimerInterrupt
    port.o(i.xPortStartScheduler) refers to port.o(.emb_text) for __asm___6_port_c_39a90d8d__prvEnableVFP
    port.o(i.xPortStartScheduler) refers to port.o(.data) for ucMaxSysCallPriority
    port.o(i.xPortSysTickHandler) refers to tasks.o(i.xTaskIncrementTick) for xTaskIncrementTick
    event_groups.o(i.vEventGroupClearBitsCallback) refers to event_groups.o(i.xEventGroupClearBits) for xEventGroupClearBits
    event_groups.o(i.vEventGroupDelete) refers to tasks.o(i.vTaskSuspendAll) for vTaskSuspendAll
    event_groups.o(i.vEventGroupDelete) refers to tasks.o(i.xTaskRemoveFromUnorderedEventList) for xTaskRemoveFromUnorderedEventList
    event_groups.o(i.vEventGroupDelete) refers to heap_4.o(i.vPortFree) for vPortFree
[...]
    .data                                    0x20000018   Section       24  port.o(.data)
    uxCriticalNesting                        0x20000018   Data           4  port.o(.data)
    ulTimerCountsForOneTick                  0x2000001c   Data           4  port.o(.data)
    xMaximumPossibleSuppressedTicks          0x20000020   Data           4  port.o(.data)
    ulStoppedTimerCompensation               0x20000024   Data           4  port.o(.data)
    ucMaxSysCallPriority                     0x20000028   Data           1  port.o(.data)
    ulMaxPRIGROUPValue                       0x2000002c   Data           4  port.o(.data)
    .data                                    0x20000030   Section       56  tasks.o(.data)
    pxDelayedTaskList                        0x20000034   Data           4  tasks.o(.data)
    pxOverflowDelayedTaskList                0x20000038   Data           4  tasks.o(.data)
    uxTasksDeleted                           0x2000003c   Data           4  tasks.o(.data)
    uxCurrentNumberOfTasks                   0x20000040   Data           4  tasks.o(.data)
    xTickCount                               0x20000044   Data           4  tasks.o(.data)
    uxTopReadyPriority                       0x20000048   Data           4  tasks.o(.data)
    xSchedulerRunning                        0x2000004c   Data           4  tasks.o(.data)
    uxPendedTicks                            0x20000050   Data           4  tasks.o(.data)
    xYieldPending                            0x20000054   Data           4  tasks.o(.data)
    xNumOfOverflows                          0x20000058   Data           4  tasks.o(.data)
    uxTaskNumber                             0x2000005c   Data           4  tasks.o(.data)
    xNextTaskUnblockTime                     0x20000060   Data           4  tasks.o(.data)
    uxSchedulerSuspended                     0x20000064   Data           4  tasks.o(.data)
    .data                                    0x20000068   Section        4  system_stm32f4xx.o(.data)
    .data                                    0x2000006c   Section       20  main.o(.data)
    .data                                    0x20000080   Section        4  stm32f4xx_hal.o(.data)
    uwTick                                   0x20000080   Data           4  stm32f4xx_hal.o(.data)
    .data                                    0x20000084   Section        4  comunication.o(.data)
    .data                                    0x20000088   Section        8  gmoteisr.o(.data)
    woke                                     0x2000008c   Data           4  gmoteisr.o(.data)
    .data                                    0x20000090   Section       36  sensoraq.o(.data)
    nFrames                                  0x200000b0   Data           4  sensoraq.o(.data)
    .data                                    0x200000b4   Section       60  keypad.o(.data)
    aux_button_1                             0x200000ec   Data           4  keypad.o(.data)
    .data                                    0x200000f0   Section       24  processing.o(.data)
    begin                                    0x20000104   Data           4  processing.o(.data)
    .data                                    0x20000108   Section       16  gyroaq.o(.data)
    .data                                    0x20000118   Section       12  accelerometeraq.o(.data)
    .data                                    0x20000124   Section       12  accelerometer.o(.data)
    .data                                    0x20000130   Section        4  codebook.o(.data)
    .data                                    0x20000134   Section       20  hmm.o(.data)
    .data                                    0x20000148   Section       12  retarget.o(.data)
    .data                                    0x20000154   Section       10  nrf24l01.o(.data)
    nrf24l01_addr0                           0x20000154   Data           5  nrf24l01.o(.data)
    nrf24l01_addrtx                          0x20000159   Data           5  nrf24l01.o(.data)
    .data                                    0x20000160   Section        4  mvars.o(.data)
    .data                                    0x20000164   Section        4  mvars.o(.data)
    .data                                    0x20000168   Section        4  errno.o(.data)
    _errno                                   0x20000168   Data           4  errno.o(.data)
    .bss                                     0x2000016c   Section    50000  heap_4.o(.bss)
    ucHeap                                   0x2000016c   Data       50000  heap_4.o(.bss)
    .bss                                     0x2000c4bc   Section      280  tasks.o(.bss)
    pxReadyTasksLists                        0x2000c4bc   Data         180  tasks.o(.bss)
    xDelayedTaskList1                        0x2000c570   Data          20  tasks.o(.bss)
    xDelayedTaskList2                        0x2000c584   Data          20  tasks.o(.bss)
    xPendingReadyList                        0x2000c598   Data          20  tasks.o(.bss)
    xTasksWaitingTermination                 0x2000c5ac   Data          20  tasks.o(.bss)
    xSuspendedTaskList                       0x2000c5c0   Data          20  tasks.o(.bss)
    .bss                                     0x2000c5d4   Section      420  main.o(.bss)
    .bss                                     0x2000c778   Section     7200  sensor.o(.bss)
    .bss                                     0x2000e398   Section     7712  hmm.o(.bss)
    .bss                                     0x200101b8   Section      384  kdtree.o(.bss)
    sbuf                                     0x200101b8   Data         128  kdtree.o(.bss)
    sbuf                                     0x20010238   Data         128  kdtree.o(.bss)
    sbuf                                     0x200102b8   Data         128  kdtree.o(.bss)
    HEAP                                     0x20010338   Section      512  startup_stm32f407xx.o(HEAP)
    STACK                                    0x20010538   Section     1024  startup_stm32f407xx.o(STACK)

    Global Symbols

    Symbol Name                              Value     Ov Type        Size  Object(Section)

    BuildAttributes$$THM_ISAv4$E$P$D$K$B$S$7EM$VFPi3$EXTD16$VFPS$VFMA$PE$A:L22UL41UL21$X:L11$S22US41US21$IEEE1$IW$USESV6$~STKCKD$USESV7$~SHL$OTIME$ROPI$IEEEX$EBA8$MICROLIB$REQ8$PRES8$EABIv2 0x00000000   Number         0  anon$$obj.o ABSOLUTE
    __ARM_use_no_argv                        0x00000000   Number         0  main.o ABSOLUTE
    _printf_a                                0x00000000   Number         0  stubs.o ABSOLUTE
    _printf_c                                0x00000000   Number         0  stubs.o ABSOLUTE
    _printf_charcount                        0x00000000   Number         0  stubs.o ABSOLUTE
    _printf_d                                0x00000000   Number         0  stubs.o ABSOLUTE
    _printf_e                                0x00000000   Number         0  stubs.o ABSOLUTE
    _printf_f                                0x00000000   Number         0  stubs.o ABSOLUTE
    _printf_flags                            0x00000000   Number         0  stubs.o ABSOLUTE
    _printf_fp_dec                           0x00000000   Number         0  stubs.o ABSOLUTE
    _printf_fp_hex                           0x00000000   Number         0  stubs.o ABSOLUTE
    _printf_g                                0x00000000   Number         0  stubs.o ABSOLUTE
    _printf_i                                0x00000000   Number         0  stubs.o ABSOLUTE
    _printf_int_dec                          0x00000000   Number         0  stubs.o ABSOLUTE
    _printf_l                                0x00000000   Number         0  stubs.o ABSOLUTE
    _printf_lc                               0x00000000   Number         0  stubs.o ABSOLUTE
    _printf_ll                               0x00000000   Number         0  stubs.o ABSOLUTE
    _printf_lld                              0x00000000   Number         0  stubs.o ABSOLUTE
    _printf_lli                              0x00000000   Number         0  stubs.o ABSOLUTE
    _printf_llo                              0x00000000   Number         0  stubs.o ABSOLUTE
    _printf_llu                              0x00000000   Number         0  stubs.o ABSOLUTE
    _printf_llx                              0x00000000   Number         0  stubs.o ABSOLUTE
    _printf_longlong_dec                     0x00000000   Number         0  stubs.o ABSOLUTE
    _printf_longlong_hex                     0x00000000   Number         0  stubs.o ABSOLUTE
    _printf_longlong_oct                     0x00000000   Number         0  stubs.o ABSOLUTE
    _printf_ls                               0x00000000   Number         0  stubs.o ABSOLUTE
    _printf_mbtowc                           0x00000000   Number         0  stubs.o ABSOLUTE
    _printf_n                                0x00000000   Number         0  stubs.o ABSOLUTE
    _printf_o                                0x00000000   Number         0  stubs.o ABSOLUTE
    _printf_p                                0x00000000   Number         0  stubs.o ABSOLUTE
    _printf_percent                          0x00000000   Number         0  stubs.o ABSOLUTE
    _printf_pre_padding                      0x00000000   Number         0  stubs.o ABSOLUTE
    _printf_return_value                     0x00000000   Number         0  stubs.o ABSOLUTE
    _printf_s                                0x00000000   Number         0  stubs.o ABSOLUTE
    _printf_sizespec                         0x00000000   Number         0  stubs.o ABSOLUTE
    _printf_str                              0x00000000   Number         0  stubs.o ABSOLUTE
    _printf_truncate_signed                  0x00000000   Number         0  stubs.o ABSOLUTE
    _printf_truncate_unsigned                0x00000000   Number         0  stubs.o ABSOLUTE
    _printf_u                                0x00000000   Number         0  stubs.o ABSOLUTE
    _printf_wc                               0x00000000   Number         0  stubs.o ABSOLUTE
    _printf_wctomb                           0x00000000   Number         0  stubs.o ABSOLUTE
    _printf_widthprec                        0x00000000   Number         0  stubs.o ABSOLUTE
    _printf_x                                0x00000000   Number         0  stubs.o ABSOLUTE
    __cpp_initialize__aeabi_                  - Undefined Weak Reference
    __cxa_finalize                            - Undefined Weak Reference
    _clock_init                               - Undefined Weak Reference
    _microlib_exit                            - Undefined Weak Reference
    __Vectors_Size                           0x00000188   Number         0  startup_stm32f407xx.o ABSOLUTE
    __Vectors                                0x08000000   Data           4  startup_stm32f407xx.o(RESET)
    __Vectors_End                            0x08000188   Data           0  startup_stm32f407xx.o(RESET)
    __main                                   0x08000189   Thumb Code     0  entry.o(.ARM.Collect$$$$00000000)
    _main_stk                                0x08000189   Thumb Code     0  entry2.o(.ARM.Collect$$$$00000001)
    _main_scatterload                        0x0800018d   Thumb Code     0  entry5.o(.ARM.Collect$$$$00000004)
    __main_after_scatterload                 0x08000191   Thumb Code     0  entry5.o(.ARM.Collect$$$$00000004)
    _main_clock                              0x08000191   Thumb Code     0  entry7b.o(.ARM.Collect$$$$00000008)
    _main_cpp_init                           0x08000191   Thumb Code     0  entry8b.o(.ARM.Collect$$$$0000000A)
    _main_init                               0x08000191   Thumb Code     0  entry9a.o(.ARM.Collect$$$$0000000B)
    __rt_final_cpp                           0x08000199   Thumb Code     0  entry10a.o(.ARM.Collect$$$$0000000D)
    __rt_final_exit                          0x08000199   Thumb Code     0  entry11a.o(.ARM.Collect$$$$0000000F)
    SVC_Handler                              0x0800019d   Thumb Code    28  port.o(.emb_text)
    __asm___6_port_c_39a90d8d__prvStartFirstTask 0x080001bd   Thumb Code    28  port.o(.emb_text)
    __asm___6_port_c_39a90d8d__prvEnableVFP  0x080001dd   Thumb Code    16  port.o(.emb_text)
    PendSV_Handler                           0x080001f1   Thumb Code    92  port.o(.emb_text)
    vPortGetIPSR                             0x08000251   Thumb Code     6  port.o(.emb_text)
    Reset_Handler                            0x08000259   Thumb Code     8  startup_stm32f407xx.o(.text)
    NMI_Handler                              0x08000261   Thumb Code     2  startup_stm32f407xx.o(.text)
    HardFault_Handler                        0x08000263   Thumb Code     2  startup_stm32f407xx.o(.text)
    MemManage_Handler                        0x08000265   Thumb Code     2  startup_stm32f407xx.o(.text)
    BusFault_Handler                         0x08000267   Thumb Code     2  startup_stm32f407xx.o(.text)
    UsageFault_Handler                       0x08000269   Thumb Code     2  startup_stm32f407xx.o(.text)
    DebugMon_Handler                         0x0800026d   Thumb Code     2  startup_stm32f407xx.o(.text)
    ADC_IRQHandler                           0x08000273   Thumb Code     0  startup_stm32f407xx.o(.text)
    CAN1_RX0_IRQHandler                      0x08000273   Thumb Code     0  startup_stm32f407xx.o(.text)
    CAN1_RX1_IRQHandler                      0x08000273   Thumb Code     0  startup_stm32f407xx.o(.text)
    CAN1_SCE_IRQHandler                      0x08000273   Thumb Code     0  startup_stm32f407xx.o(.text)
    CAN1_TX_IRQHandler                       0x08000273   Thumb Code     0  startup_stm32f407xx.o(.text)
    CAN2_RX0_IRQHandler                      0x08000273   Thumb Code     0  startup_stm32f407xx.o(.text)
    CAN2_RX1_IRQHandler                      0x08000273   Thumb Code     0  startup_stm32f407xx.o(.text)
    CAN2_SCE_IRQHandler                      0x08000273   Thumb Code     0  startup_stm32f407xx.o(.text)
    CAN2_TX_IRQHandler                       0x08000273   Thumb Code     0  startup_stm32f407xx.o(.text)
    DCMI_IRQHandler                          0x08000273   Thumb Code     0  startup_stm32f407xx.o(.text)
    DMA1_Stream0_IRQHandler                  0x08000273   Thumb Code     0  startup_stm32f407xx.o(.text)
    DMA1_Stream1_IRQHandler                  0x08000273   Thumb Code     0  startup_stm32f407xx.o(.text)
    DMA1_Stream2_IRQHandler                  0x08000273   Thumb Code     0  startup_stm32f407xx.o(.text)
    DMA1_Stream3_IRQHandler                  0x08000273   Thumb Code     0  startup_stm32f407xx.o(.text)
    DMA1_Stream4_IRQHandler                  0x08000273   Thumb Code     0  startup_stm32f407xx.o(.text)
    DMA1_Stream5_IRQHandler                  0x08000273   Thumb Code     0  startup_stm32f407xx.o(.text)
    DMA1_Stream6_IRQHandler                  0x08000273   Thumb Code     0  startup_stm32f407xx.o(.text)
    DMA1_Stream7_IRQHandler                  0x08000273   Thumb Code     0  startup_stm32f407xx.o(.text)
    DMA2_Stream0_IRQHandler                  0x08000273   Thumb Code     0  startup_stm32f407xx.o(.text)
    DMA2_Stream1_IRQHandler                  0x08000273   Thumb Code     0  startup_stm32f407xx.o(.text)
    DMA2_Stream2_IRQHandler                  0x08000273   Thumb Code     0  startup_stm32f407xx.o(.text)
    DMA2_Stream3_IRQHandler                  0x08000273   Thumb Code     0  startup_stm32f407xx.o(.text)
    DMA2_Stream4_IRQHandler                  0x08000273   Thumb Code     0  startup_stm32f407xx.o(.text)
    DMA2_Stream5_IRQHandler                  0x08000273   Thumb Code     0  startup_stm32f407xx.o(.text)
    DMA2_Stream6_IRQHandler                  0x08000273   Thumb Code     0  startup_stm32f407xx.o(.text)
    DMA2_Stream7_IRQHandler                  0x08000273   Thumb Code     0  startup_stm32f407xx.o(.text)
    ETH_IRQHandler                           0x08000273   Thumb Code     0  startup_stm32f407xx.o(.text)
    ETH_WKUP_IRQHandler                      0x08000273   Thumb Code     0  startup_stm32f407xx.o(.text)
    FLASH_IRQHandler                         0x08000273   Thumb Code     0  startup_stm32f407xx.o(.text)
    FMC_IRQHandler                           0x08000273   Thumb Code     0  startup_stm32f407xx.o(.text)
    FPU_IRQHandler                           0x08000273   Thumb Code     0  startup_stm32f407xx.o(.text)
    HASH_RNG_IRQHandler                      0x08000273   Thumb Code     0  startup_stm32f407xx.o(.text)
    I2C1_ER_IRQHandler                       0x08000273   Thumb Code     0  startup_stm32f407xx.o(.text)
    I2C1_EV_IRQHandler                       0x08000273   Thumb Code     0  startup_stm32f407xx.o(.text)
    I2C2_ER_IRQHandler                       0x08000273   Thumb Code     0  startup_stm32f407xx.o(.text)
    I2C2_EV_IRQHandler                       0x08000273   Thumb Code     0  startup_stm32f407xx.o(.text)
    I2C3_ER_IRQHandler                       0x08000273   Thumb Code     0  startup_stm32f407xx.o(.text)
    I2C3_EV_IRQHandler                       0x08000273   Thumb Code     0  startup_stm32f407xx.o(.text)
    OTG_FS_IRQHandler                        0x08000273   Thumb Code     0  startup_stm32f407xx.o(.text)
    OTG_FS_WKUP_IRQHandler                   0x08000273   Thumb Code     0  startup_stm32f407xx.o(.text)
    OTG_HS_EP1_IN_IRQHandler                 0x08000273   Thumb Code     0  startup_stm32f407xx.o(.text)
    OTG_HS_EP1_OUT_IRQHandler                0x08000273   Thumb Code     0  startup_stm32f407xx.o(.text)
    OTG_HS_IRQHandler                        0x08000273   Thumb Code     0  startup_stm32f407xx.o(.text)
    OTG_HS_WKUP_IRQHandler                   0x08000273   Thumb Code     0  startup_stm32f407xx.o(.text)
    PVD_IRQHandler                           0x08000273   Thumb Code     0  startup_stm32f407xx.o(.text)
    RCC_IRQHandler                           0x08000273   Thumb Code     0  startup_stm32f407xx.o(.text)
    RTC_Alarm_IRQHandler                     0x08000273   Thumb Code     0  startup_stm32f407xx.o(.text)
    RTC_WKUP_IRQHandler                      0x08000273   Thumb Code     0  startup_stm32f407xx.o(.text)
    SDIO_IRQHandler                          0x08000273   Thumb Code     0  startup_stm32f407xx.o(.text)
    SPI1_IRQHandler                          0x08000273   Thumb Code     0  startup_stm32f407xx.o(.text)
    SPI2_IRQHandler                          0x08000273   Thumb Code     0  startup_stm32f407xx.o(.text)
    SPI3_IRQHandler                          0x08000273   Thumb Code     0  startup_stm32f407xx.o(.text)
    TAMP_STAMP_IRQHandler                    0x08000273   Thumb Code     0  startup_stm32f407xx.o(.text)
    TIM1_BRK_TIM9_IRQHandler                 0x08000273   Thumb Code     0  startup_stm32f407xx.o(.text)
    TIM1_CC_IRQHandler                       0x08000273   Thumb Code     0  startup_stm32f407xx.o(.text)
    TIM1_TRG_COM_TIM11_IRQHandler            0x08000273   Thumb Code     0  startup_stm32f407xx.o(.text)
    TIM1_UP_TIM10_IRQHandler                 0x08000273   Thumb Code     0  startup_stm32f407xx.o(.text)
    TIM2_IRQHandler                          0x08000273   Thumb Code     0  startup_stm32f407xx.o(.text)
    TIM3_IRQHandler                          0x08000273   Thumb Code     0  startup_stm32f407xx.o(.text)
    TIM4_IRQHandler                          0x08000273   Thumb Code     0  startup_stm32f407xx.o(.text)
    TIM5_IRQHandler                          0x08000273   Thumb Code     0  startup_stm32f407xx.o(.text)
    TIM6_DAC_IRQHandler                      0x08000273   Thumb Code     0  startup_stm32f407xx.o(.text)
    TIM8_BRK_TIM12_IRQHandler                0x08000273   Thumb Code     0  startup_stm32f407xx.o(.text)
    TIM8_CC_IRQHandler                       0x08000273   Thumb Code     0  startup_stm32f407xx.o(.text)
    TIM8_TRG_COM_TIM14_IRQHandler            0x08000273   Thumb Code     0  startup_stm32f407xx.o(.text)
    TIM8_UP_TIM13_IRQHandler                 0x08000273   Thumb Code     0  startup_stm32f407xx.o(.text)
    UART4_IRQHandler                         0x08000273   Thumb Code     0  startup_stm32f407xx.o(.text)
    UART5_IRQHandler                         0x08000273   Thumb Code     0  startup_stm32f407xx.o(.text)
    USART1_IRQHandler                        0x08000273   Thumb Code     0  startup_stm32f407xx.o(.text)
    USART2_IRQHandler                        0x08000273   Thumb Code     0  startup_stm32f407xx.o(.text)
    USART3_IRQHandler                        0x08000273   Thumb Code     0  startup_stm32f407xx.o(.text)
    USART6_IRQHandler                        0x08000273   Thumb Code     0  startup_stm32f407xx.o(.text)
    WWDG_IRQHandler                          0x08000273   Thumb Code     0  startup_stm32f407xx.o(.text)
    arm_mult_f32                             0x0800027d   Thumb Code   208  arm_mult_f32.o(.text)
    arm_scale_f32                            0x0800034d   Thumb Code   146  arm_scale_f32.o(.text)
    arm_copy_f32                             0x080003e1   Thumb Code   114  arm_copy_f32.o(.text)
    arm_fill_f32                             0x08000455   Thumb Code   140  arm_fill_f32.o(.text)
    __aeabi_memcpy                           0x080004e1   Thumb Code    36  memcpya.o(.text)
    __aeabi_memcpy4                          0x080004e1   Thumb Code     0  memcpya.o(.text)
    __aeabi_memcpy8                          0x080004e1   Thumb Code     0  memcpya.o(.text)
    __aeabi_memset                           0x08000505   Thumb Code    14  memseta.o(.text)
    __aeabi_memset4                          0x08000505   Thumb Code     0  memseta.o(.text)
    __aeabi_memset8                          0x08000505   Thumb Code     0  memseta.o(.text)
    __aeabi_memclr                           0x08000513   Thumb Code     4  memseta.o(.text)
    __aeabi_memclr4                          0x08000513   Thumb Code     0  memseta.o(.text)
    __aeabi_memclr8                          0x08000513   Thumb Code     0  memseta.o(.text)
    _memset$wrapper                          0x08000517   Thumb Code    18  memseta.o(.text)
    __aeabi_dadd                             0x08000529   Thumb Code   322  dadd.o(.text)
    __aeabi_dsub                             0x0800066b   Thumb Code     6  dadd.o(.text)
    __aeabi_drsub                            0x08000671   Thumb Code     6  dadd.o(.text)
    __aeabi_dmul                             0x08000677   Thumb Code   228  dmul.o(.text)
    __aeabi_f2d                              0x0800075b   Thumb Code    38  f2d.o(.text)
    __aeabi_cdcmpeq                          0x08000781   Thumb Code     0  cdcmple.o(.text)
    __aeabi_cdcmple                          0x08000781   Thumb Code    48  cdcmple.o(.text)
    __aeabi_cdrcmple                         0x080007b1   Thumb Code    48  cdrcmple.o(.text)
    __aeabi_d2f                              0x080007e1   Thumb Code    56  d2f.o(.text)
    __aeabi_uidiv                            0x08000819   Thumb Code     0  uidiv.o(.text)
    __aeabi_uidivmod                         0x08000819   Thumb Code    44  uidiv.o(.text)
    __aeabi_uldivmod                         0x08000845   Thumb Code    98  uldiv.o(.text)
    __aeabi_llsl                             0x080008a7   Thumb Code    30  llshl.o(.text)
    _ll_shift_l                              0x080008a7   Thumb Code     0  llshl.o(.text)
    __aeabi_lasr                             0x080008c5   Thumb Code    36  llsshr.o(.text)
    _ll_sshift_r                             0x080008c5   Thumb Code     0  llsshr.o(.text)
    __I$use$fp                               0x080008e9   Thumb Code     0  iusefp.o(.text)
    _float_round                             0x080008e9   Thumb Code    18  fepilogue.o(.text)
    _float_epilogue                          0x080008fb   Thumb Code    92  fepilogue.o(.text)
    _double_round                            0x08000957   Thumb Code    30  depilogue.o(.text)
    _double_epilogue                         0x08000975   Thumb Code   156  depilogue.o(.text)
    __aeabi_ddiv                             0x08000a11   Thumb Code   222  ddiv.o(.text)
    __aeabi_i2d                              0x08000aef   Thumb Code    34  dflti.o(.text)
    __aeabi_d2ulz                            0x08000b11   Thumb Code    48  dfixul.o(.text)
    __scatterload                            0x08000b41   Thumb Code    28  init.o(.text)
    __scatterload_rt2                        0x08000b41   Thumb Code     0  init.o(.text)
    __aeabi_llsr                             0x08000b65   Thumb Code    32  llushr.o(.text)
    _ll_ushift_r                             0x08000b65   Thumb Code     0  llushr.o(.text)
    __decompress                             0x08000b85   Thumb Code     0  __dczerorl2.o(.text)
    __decompress1                            0x08000b85   Thumb Code    86  __dczerorl2.o(.text)
    EXTI0_IRQHandler                         0x08000bdb   Thumb Code    10  stm32f4xx_it.o(i.EXTI0_IRQHandler)
    EXTI15_10_IRQHandler                     0x08000be5   Thumb Code    52  stm32f4xx_it.o(i.EXTI15_10_IRQHandler)
    EXTI1_IRQHandler                         0x08000c19   Thumb Code    10  stm32f4xx_it.o(i.EXTI1_IRQHandler)
    EXTI2_IRQHandler                         0x08000c23   Thumb Code    10  stm32f4xx_it.o(i.EXTI2_IRQHandler)
    EXTI3_IRQHandler                         0x08000c2d   Thumb Code    10  stm32f4xx_it.o(i.EXTI3_IRQHandler)
    EXTI4_IRQHandler                         0x08000c37   Thumb Code    10  stm32f4xx_it.o(i.EXTI4_IRQHandler)
    EXTI9_5_IRQHandler                       0x08000c41   Thumb Code    38  stm32f4xx_it.o(i.EXTI9_5_IRQHandler)
    HAL_Delay                                0x08000c67   Thumb Code    26  stm32f4xx_hal.o(i.HAL_Delay)
    HAL_GPIO_EXTI_Callback                   0x08000c81   Thumb Code   186  gmoteisr.o(i.HAL_GPIO_EXTI_Callback)
    HAL_GPIO_EXTI_IRQHandler                 0x08000d55   Thumb Code    24  stm32f4xx_hal_gpio.o(i.HAL_GPIO_EXTI_IRQHandler)
    HAL_GPIO_Init                            0x08000d71   Thumb Code   472  stm32f4xx_hal_gpio.o(i.HAL_GPIO_Init)
    HAL_GPIO_ReadPin                         0x08000f79   Thumb Code    16  stm32f4xx_hal_gpio.o(i.HAL_GPIO_ReadPin)
    HAL_GPIO_WritePin                        0x08000f89   Thumb Code    12  stm32f4xx_hal_gpio.o(i.HAL_GPIO_WritePin)
    HAL_GetTick                              0x08000f95   Thumb Code     6  stm32f4xx_hal.o(i.HAL_GetTick)
    HAL_I2C_Init                             0x08000fa1   Thumb Code   278  stm32f4xx_hal_i2c.o(i.HAL_I2C_Init)
    HAL_I2C_Master_Transmit                  0x080010c1   Thumb Code   274  stm32f4xx_hal_i2c.o(i.HAL_I2C_Master_Transmit)
    HAL_I2C_Mem_Read                         0x080011dd   Thumb Code   548  stm32f4xx_hal_i2c.o(i.HAL_I2C_Mem_Read)
    HAL_I2C_MspInit                          0x08001409   Thumb Code    76  stm32f4xx_hal_msp.o(i.HAL_I2C_MspInit)
    HAL_IncTick                              0x08001461   Thumb Code    12  stm32f4xx_hal.o(i.HAL_IncTick)
    HAL_Init                                 0x08001471   Thumb Code    54  stm32f4xx_hal.o(i.HAL_Init)
    HAL_InitTick                             0x080014ad   Thumb Code    36  stm32f4xx_hal.o(i.HAL_InitTick)
    HAL_MspInit                              0x080014d1   Thumb Code    20  stm32f4xx_hal_msp.o(i.HAL_MspInit)
    HAL_NVIC_DisableIRQ                      0x080014e5   Thumb Code    22  stm32f4xx_hal_cortex.o(i.HAL_NVIC_DisableIRQ)
    HAL_NVIC_EnableIRQ                       0x08001501   Thumb Code    26  stm32f4xx_hal_cortex.o(i.HAL_NVIC_EnableIRQ)
    HAL_NVIC_SetPriority                     0x0800151b   Thumb Code   124  stm32f4xx_hal_cortex.o(i.HAL_NVIC_SetPriority)
    HAL_NVIC_SetPriorityGrouping             0x08001599   Thumb Code    32  stm32f4xx_hal_cortex.o(i.HAL_NVIC_SetPriorityGrouping)
    HAL_RCC_ClockConfig                      0x080015c1   Thumb Code   680  stm32f4xx_hal_rcc.o(i.HAL_RCC_ClockConfig)
    HAL_RCC_GetHCLKFreq                      0x08001871   Thumb Code    42  stm32f4xx_hal_rcc.o(i.HAL_RCC_GetHCLKFreq)
    HAL_RCC_GetPCLK1Freq                     0x080018a9   Thumb Code    36  stm32f4xx_hal_rcc.o(i.HAL_RCC_GetPCLK1Freq)
    HAL_RCC_GetPCLK2Freq                     0x080018d5   Thumb Code    36  stm32f4xx_hal_rcc.o(i.HAL_RCC_GetPCLK2Freq)
    HAL_RCC_GetSysClockFreq                  0x08001901   Thumb Code   168  stm32f4xx_hal_rcc.o(i.HAL_RCC_GetSysClockFreq)
    HAL_RCC_OscConfig                        0x080019b5   Thumb Code  1028  stm32f4xx_hal_rcc.o(i.HAL_RCC_OscConfig)
    HAL_SPI_Init                             0x08001db9   Thumb Code   136  stm32f4xx_hal_spi.o(i.HAL_SPI_Init)
    HAL_SPI_MspInit                          0x08001e41   Thumb Code   142  stm32f4xx_hal_msp.o(i.HAL_SPI_MspInit)
    HAL_SPI_Receive                          0x08001ee5   Thumb Code   572  stm32f4xx_hal_spi.o(i.HAL_SPI_Receive)
    HAL_SPI_Transmit                         0x08002121   Thumb Code   446  stm32f4xx_hal_spi.o(i.HAL_SPI_Transmit)
    HAL_SPI_TransmitReceive                  0x080022df   Thumb Code   850  stm32f4xx_hal_spi.o(i.HAL_SPI_TransmitReceive)
    HAL_SYSTICK_CLKSourceConfig              0x08002631   Thumb Code    40  stm32f4xx_hal_cortex.o(i.HAL_SYSTICK_CLKSourceConfig)
    HAL_SYSTICK_Config                       0x08002659   Thumb Code    52  stm32f4xx_hal_cortex.o(i.HAL_SYSTICK_Config)
    HAL_TIMEx_BreakCallback                  0x0800268d   Thumb Code     2  stm32f4xx_hal_tim_ex.o(i.HAL_TIMEx_BreakCallback)
    HAL_TIMEx_CommutationCallback            0x0800268f   Thumb Code     2  stm32f4xx_hal_tim_ex.o(i.HAL_TIMEx_CommutationCallback)
    HAL_TIMEx_MasterConfigSynchronization    0x08002691   Thumb Code    98  stm32f4xx_hal_tim_ex.o(i.HAL_TIMEx_MasterConfigSynchronization)
    HAL_TIM_Base_Init                        0x080026f3   Thumb Code    52  stm32f4xx_hal_tim.o(i.HAL_TIM_Base_Init)
    HAL_TIM_Base_MspInit                     0x08002729   Thumb Code    94  stm32f4xx_hal_msp.o(i.HAL_TIM_Base_MspInit)
    HAL_TIM_IC_CaptureCallback               0x08002795   Thumb Code     2  stm32f4xx_hal_tim.o(i.HAL_TIM_IC_CaptureCallback)
    HAL_TIM_IRQHandler                       0x08002797   Thumb Code   406  stm32f4xx_hal_tim.o(i.HAL_TIM_IRQHandler)
    HAL_TIM_OC_DelayElapsedCallback          0x0800292d   Thumb Code     2  stm32f4xx_hal_tim.o(i.HAL_TIM_OC_DelayElapsedCallback)
    HAL_TIM_OC_Start                         0x08002931   Thumb Code    68  stm32f4xx_hal_tim.o(i.HAL_TIM_OC_Start)
    HAL_TIM_OC_Stop                          0x0800297d   Thumb Code   120  stm32f4xx_hal_tim.o(i.HAL_TIM_OC_Stop)
    HAL_TIM_PWM_PulseFinishedCallback        0x080029fd   Thumb Code     2  stm32f4xx_hal_tim.o(i.HAL_TIM_PWM_PulseFinishedCallback)
    HAL_TIM_PeriodElapsedCallback            0x080029ff   Thumb Code     2  stm32f4xx_hal_tim.o(i.HAL_TIM_PeriodElapsedCallback)
    HAL_TIM_TriggerCallback                  0x08002a01   Thumb Code     2  stm32f4xx_hal_tim.o(i.HAL_TIM_TriggerCallback)
    HAL_UART_Init                            0x08002a03   Thumb Code   110  stm32f4xx_hal_uart.o(i.HAL_UART_Init)
    HAL_UART_MspInit                         0x08002a71   Thumb Code    74  stm32f4xx_hal_msp.o(i.HAL_UART_MspInit)
    HAL_UART_Transmit                        0x08002ac9   Thumb Code   240  stm32f4xx_hal_uart.o(i.HAL_UART_Transmit)
    HMM_ControlTsk                           0x08002bb9   Thumb Code   364  hmm.o(i.HMM_ControlTsk)
    HMM_ForwardTsk                           0x08002d41   Thumb Code   846  hmm.o(i.HMM_ForwardTsk)
    HMM_Init                                 0x080030a5   Thumb Code   158  hmm.o(i.HMM_Init)
    HMM_Init_models                          0x08003181   Thumb Code   110  hmm.o(i.HMM_Init_models)
    MPU_GetGyro_Sample                       0x08003529   Thumb Code    90  mpu6050_gyro.o(i.MPU_GetGyro_Sample)
    MPU_Initialize                           0x08003589   Thumb Code   140  mpu6050_gyro.o(i.MPU_Initialize)
    MPU_Register_Read                        0x08003625   Thumb Code    30  mpu6050_gyro.o(i.MPU_Register_Read)
    MPU_Register_Write                       0x08003649   Thumb Code    32  mpu6050_gyro.o(i.MPU_Register_Write)
    SPI_Send                                 0x08003a65   Thumb Code    36  nrf24l01.o(i.SPI_Send)
    SysTick_Handler                          0x08003bb5   Thumb Code    12  stm32f4xx_it.o(i.SysTick_Handler)
    SystemClock_Config                       0x08003bc1   Thumb Code   140  main.o(i.SystemClock_Config)
    SystemInit                               0x08003c55   Thumb Code    82  system_stm32f4xx.o(i.SystemInit)
    TIM7_IRQHandler                          0x08003cb9   Thumb Code    10  stm32f4xx_it.o(i.TIM7_IRQHandler)
    TIM_Base_SetConfig                       0x08003cc9   Thumb Code   184  stm32f4xx_hal_tim.o(i.TIM_Base_SetConfig)
    TIM_CCxChannelCmd                        0x08003dad   Thumb Code    28  stm32f4xx_hal_tim.o(i.TIM_CCxChannelCmd)
    __0fprintf                               0x080040e9   Thumb Code    22  printfa.o(i.__0fprintf)
    __1fprintf                               0x080040e9   Thumb Code     0  printfa.o(i.__0fprintf)
    __2fprintf                               0x080040e9   Thumb Code     0  printfa.o(i.__0fprintf)
    __c89fprintf                             0x080040e9   Thumb Code     0  printfa.o(i.__0fprintf)
    fprintf                                  0x080040e9   Thumb Code     0  printfa.o(i.__0fprintf)
    __0printf                                0x08004105   Thumb Code    22  printfa.o(i.__0printf)
    __1printf                                0x08004105   Thumb Code     0  printfa.o(i.__0printf)
    __2printf                                0x08004105   Thumb Code     0  printfa.o(i.__0printf)
    __c89printf                              0x08004105   Thumb Code     0  printfa.o(i.__0printf)
    printf                                   0x08004105   Thumb Code     0  printfa.o(i.__0printf)
    __hardfp_log                             0x08004129   Thumb Code   872  log.o(i.__hardfp_log)
    __hardfp_log10                           0x080044f1   Thumb Code   260  log10.o(i.__hardfp_log10)
    __kernel_poly                            0x08004621   Thumb Code   248  poly.o(i.__kernel_poly)
    __mathlib_dbl_divzero                    0x08004719   Thumb Code    28  dunder.o(i.__mathlib_dbl_divzero)
    __mathlib_dbl_infnan                     0x08004749   Thumb Code    20  dunder.o(i.__mathlib_dbl_infnan)
    __mathlib_dbl_invalid                    0x08004761   Thumb Code    24  dunder.o(i.__mathlib_dbl_invalid)
    __scatterload_copy                       0x08004781   Thumb Code    14  handlers.o(i.__scatterload_copy)
    __scatterload_null                       0x0800478f   Thumb Code     2  handlers.o(i.__scatterload_null)
    __scatterload_zeroinit                   0x08004791   Thumb Code    14  handlers.o(i.__scatterload_zeroinit)
    __set_errno                              0x080047a1   Thumb Code     6  errno.o(i.__set_errno)
    accelInit                                0x08005041   Thumb Code    36  accelerometer.o(i.accelInit)
    accel_byteByByte                         0x08005069   Thumb Code   116  accelerometer.o(i.accel_byteByByte)
    accel_fifoEnable                         0x080050e1   Thumb Code   126  accelerometer.o(i.accel_fifoEnable)
    accel_multiRead                          0x08005165   Thumb Code    62  accelerometer.o(i.accel_multiRead)
    accel_read                               0x080051d9   Thumb Code   102  accelerometer.o(i.accel_read)
    accel_write                              0x0800526d   Thumb Code    68  accelerometer.o(i.accel_write)
    aqManager                                0x080052dd   Thumb Code   234  sensoraq.o(i.aqManager)
    codeBook_init                            0x08005435   Thumb Code   150  codebook.o(i.codeBook_init)
    codebook_idx                             0x08005511   Thumb Code    46  codebook.o(i.codebook_idx)
    codebook_vecToIdx                        0x08005559   Thumb Code    72  codebook.o(i.codebook_vecToIdx)
    communication_init                       0x080055c5   Thumb Code    22  comunication.o(i.communication_init)
    communication_run                        0x080055e1   Thumb Code    62  comunication.o(i.communication_run)
    communication_validate                   0x0800562d   Thumb Code     6  comunication.o(i.communication_validate)
    eTaskConfirmSleepModeStatus              0x08005635   Thumb Code    44  tasks.o(i.eTaskConfirmSleepModeStatus)
    eTaskGetState                            0x08005671   Thumb Code   110  tasks.o(i.eTaskGetState)
    error                                    0x080056f5   Thumb Code   312  error.o(i.error)
    fputc                                    0x08005841   Thumb Code    44  retarget.o(i.fputc)
    gEquilib                                 0x08005879   Thumb Code   198  sensoraq.o(i.gEquilib)
    gPress                                   0x08005961   Thumb Code   340  sensoraq.o(i.gPress)
    gestPreprocessing                        0x08005b01   Thumb Code   114  processing.o(i.gestPreprocessing)
    gestReconResult                          0x08005b85   Thumb Code   148  processing.o(i.gestReconResult)
    initAccelAq                              0x08005ed9   Thumb Code    36  accelerometeraq.o(i.initAccelAq)
    initBuffer                               0x08005f05   Thumb Code     8  sensor.o(i.initBuffer)
    initGyroAq                               0x08005f0d   Thumb Code    32  gyroaq.o(i.initGyroAq)
    kd_create                                0x08005ff1   Thumb Code    30  kdtree.o(i.kd_create)
    kd_insert                                0x0800600f   Thumb Code    62  kdtree.o(i.kd_insert)
    kd_insertf                               0x0800604d   Thumb Code   100  kdtree.o(i.kd_insertf)
    kd_nearest                               0x080060b5   Thumb Code   330  kdtree.o(i.kd_nearest)
    kd_nearestf                              0x080063dd   Thumb Code    94  kdtree.o(i.kd_nearestf)
    kd_res_free                              0x08006441   Thumb Code    24  kdtree.o(i.kd_res_free)
    kd_res_item                              0x08006459   Thumb Code    42  kdtree.o(i.kd_res_item)
    kd_res_item_data                         0x08006483   Thumb Code    14  kdtree.o(i.kd_res_item_data)
    kd_res_rewind                            0x08006491   Thumb Code     8  kdtree.o(i.kd_res_rewind)
    keypad_actionPressed                     0x08006499   Thumb Code   142  keypad.o(i.keypad_actionPressed)
    keypad_actionReleased                    0x08006535   Thumb Code    30  keypad.o(i.keypad_actionReleased)
    keypad_buttonState                       0x08006559   Thumb Code   218  keypad.o(i.keypad_buttonState)
    keypad_debounceButton                    0x0800663d   Thumb Code    80  keypad.o(i.keypad_debounceButton)
    keypad_getButtonFromPin                  0x0800668d   Thumb Code    18  keypad.o(i.keypad_getButtonFromPin)
    keypad_getCMD                            0x0800669f   Thumb Code   106  keypad.o(i.keypad_getCMD)
    keypad_init                              0x08006709   Thumb Code   210  keypad.o(i.keypad_init)
    keypad_run                               0x080067e1   Thumb Code   100  keypad.o(i.keypad_run)
    log                                      0x0800684d   Thumb Code    16  log.o(i.log)
    main                                     0x0800685d   Thumb Code   178  main.o(i.main)
    malloc                                   0x08006965   Thumb Code    92  malloc.o(i.malloc)
    nrf24l01_Init                            0x080069d1   Thumb Code   262  nrf24l01.o(i.nrf24l01_Init)
    nrf24l01_flushTXfifo                     0x08006aed   Thumb Code    30  nrf24l01.o(i.nrf24l01_flushTXfifo)
    nrf24l01_getStatus                       0x08006b11   Thumb Code    36  nrf24l01.o(i.nrf24l01_getStatus)
    nrf24l01_readregister                    0x08006b39   Thumb Code    44  nrf24l01.o(i.nrf24l01_readregister)
    nrf24l01_revaddress                      0x08006b69   Thumb Code    28  nrf24l01.o(i.nrf24l01_revaddress)
    nrf24l01_setRxAddr                       0x08006b85   Thumb Code    38  nrf24l01.o(i.nrf24l01_setRxAddr)
    nrf24l01_setTX                           0x08006bb1   Thumb Code    68  nrf24l01.o(i.nrf24l01_setTX)
    nrf24l01_setTxAddr                       0x08006bf9   Thumb Code    44  nrf24l01.o(i.nrf24l01_setTxAddr)
    nrf24l01_setcrclength                    0x08006c29   Thumb Code    30  nrf24l01.o(i.nrf24l01_setcrclength)
    nrf24l01_setdatarate                     0x08006c47   Thumb Code    28  nrf24l01.o(i.nrf24l01_setdatarate)
    nrf24l01_setpalevel                      0x08006c63   Thumb Code    28  nrf24l01.o(i.nrf24l01_setpalevel)
    nrf24l01_txSend                          0x08006c7f   Thumb Code    24  nrf24l01.o(i.nrf24l01_txSend)
    nrf24l01_write                           0x08006c99   Thumb Code   148  nrf24l01.o(i.nrf24l01_write)
    nrf24l01_writeRegister                   0x08006d31   Thumb Code    46  nrf24l01.o(i.nrf24l01_writeRegister)
    nrf24l01_writeRegisters                  0x08006d65   Thumb Code    66  nrf24l01.o(i.nrf24l01_writeRegisters)
    osSystickHandler                         0x08006dad   Thumb Code    16  cmsis_os.o(i.osSystickHandler)
    pause_accel                              0x08006dbd   Thumb Code    12  accelerometer.o(i.pause_accel)
    processing_run                           0x08006dc9   Thumb Code   128  processing.o(i.processing_run)
    pvPortMalloc                             0x08007465   Thumb Code   296  heap_4.o(i.pvPortMalloc)
    pvTaskIncrementMutexHeldCount            0x080075a1   Thumb Code    26  tasks.o(i.pvTaskIncrementMutexHeldCount)
    pxPortInitialiseStack                    0x080075c1   Thumb Code    34  port.o(i.pxPortInitialiseStack)
    read_sample                              0x080075e9   Thumb Code    58  accelerometer.o(i.read_sample)
    runAccelGest                             0x080076a1   Thumb Code   330  accelerometeraq.o(i.runAccelGest)
    runAccelSimple                           0x08007801   Thumb Code   182  accelerometeraq.o(i.runAccelSimple)
    runGyroGest                              0x080078c5   Thumb Code   294  gyroaq.o(i.runGyroGest)
    setInterruptState                        0x08007a0d   Thumb Code   132  keypad.o(i.setInterruptState)
    simpleProc                               0x08007a91   Thumb Code   102  processing.o(i.simpleProc)
    simpleProcessing                         0x08007b01   Thumb Code   156  simpleprocessing.o(i.simpleProcessing)
    start_accel                              0x08007b9d   Thumb Code    60  accelerometer.o(i.start_accel)
    test_DSP_mult                            0x08007be1   Thumb Code    46  hmm.o(i.test_DSP_mult)
    usDelay                                  0x08007c11   Thumb Code    68  usdelay.o(i.usDelay)
    uxListRemove                             0x08007c5d   Thumb Code    40  list.o(i.uxListRemove)
    uxTaskResetEventItemValue                0x08007c85   Thumb Code    24  tasks.o(i.uxTaskResetEventItemValue)
    vListInitialise                          0x08007ca1   Thumb Code    26  list.o(i.vListInitialise)
    vListInitialiseItem                      0x08007cbb   Thumb Code     6  list.o(i.vListInitialiseItem)
    vListInsert                              0x08007cc1   Thumb Code    52  list.o(i.vListInsert)
    vListInsertEnd                           0x08007cf5   Thumb Code    24  list.o(i.vListInsertEnd)
    vPortEnterCritical                       0x08007d0d   Thumb Code    76  port.o(i.vPortEnterCritical)
    vPortExitCritical                        0x08007d61   Thumb Code    56  port.o(i.vPortExitCritical)
    vPortFree                                0x08007d9d   Thumb Code   140  heap_4.o(i.vPortFree)
    vPortSetupTimerInterrupt                 0x08007e31   Thumb Code    76  port.o(i.vPortSetupTimerInterrupt)
    vPortSuppressTicksAndSleep               0x08007e8d   Thumb Code   312  port.o(i.vPortSuppressTicksAndSleep)
    vPortValidateInterruptPriority           0x08007fd1   Thumb Code   106  port.o(i.vPortValidateInterruptPriority)
    vTaskDelete                              0x08008049   Thumb Code   186  tasks.o(i.vTaskDelete)
    vTaskMissedYield                         0x08008129   Thumb Code     8  tasks.o(i.vTaskMissedYield)
    vTaskPlaceOnEventList                    0x08008135   Thumb Code   108  tasks.o(i.vTaskPlaceOnEventList)
    vTaskPlaceOnUnorderedEventList           0x080081b1   Thumb Code   160  tasks.o(i.vTaskPlaceOnUnorderedEventList)
    vTaskPriorityInherit                     0x08008265   Thumb Code   164  tasks.o(i.vTaskPriorityInherit)
    vTaskPrioritySet                         0x08008315   Thumb Code   260  tasks.o(i.vTaskPrioritySet)
    vTaskResume                              0x08008429   Thumb Code   130  tasks.o(i.vTaskResume)
    vTaskSetTimeOutState                     0x080084bd   Thumb Code    38  tasks.o(i.vTaskSetTimeOutState)
    vTaskStartScheduler                      0x080084ed   Thumb Code    92  tasks.o(i.vTaskStartScheduler)
    vTaskStepTick                            0x0800855d   Thumb Code    56  tasks.o(i.vTaskStepTick)
    vTaskSuspend                             0x0800859d   Thumb Code   198  tasks.o(i.vTaskSuspend)
    vTaskSuspendAll                          0x08008685   Thumb Code    12  tasks.o(i.vTaskSuspendAll)
    vTaskSwitchContext                       0x08008695   Thumb Code   118  tasks.o(i.vTaskSwitchContext)
    vec_content_sum                          0x08008721   Thumb Code    38  hmm.o(i.vec_content_sum)
    xEventGroupCreate                        0x0800874d   Thumb Code    26  event_groups.o(i.xEventGroupCreate)
    xEventGroupSetBits                       0x08008767   Thumb Code   206  event_groups.o(i.xEventGroupSetBits)
    xEventGroupWaitBits                      0x08008835   Thumb Code   334  event_groups.o(i.xEventGroupWaitBits)
    xPortStartScheduler                      0x08008989   Thumb Code   288  port.o(i.xPortStartScheduler)
    xPortSysTickHandler                      0x08008ac5   Thumb Code    48  port.o(i.xPortSysTickHandler)
    xQueueCreateCountingSemaphore            0x08008af9   Thumb Code   116  queue.o(i.xQueueCreateCountingSemaphore)
    xQueueCreateMutex                        0x08008b6d   Thumb Code   100  queue.o(i.xQueueCreateMutex)
    xQueueGenericCreate                      0x08008bd1   Thumb Code   140  queue.o(i.xQueueGenericCreate)
    xQueueGenericReceive                     0x08008c5d   Thumb Code   424  queue.o(i.xQueueGenericReceive)
    xQueueGenericReset                       0x08008e09   Thumb Code   144  queue.o(i.xQueueGenericReset)
    xQueueGenericSend                        0x08008e9d   Thumb Code   412  queue.o(i.xQueueGenericSend)
    xQueueGenericSendFromISR                 0x0800903d   Thumb Code   240  queue.o(i.xQueueGenericSendFromISR)
    xQueueGiveFromISR                        0x0800912d   Thumb Code   214  queue.o(i.xQueueGiveFromISR)
    xTaskCheckForTimeOut                     0x08009205   Thumb Code   132  tasks.o(i.xTaskCheckForTimeOut)
    xTaskGenericCreate                       0x08009291   Thumb Code   340  tasks.o(i.xTaskGenericCreate)
    xTaskGenericNotify                       0x08009401   Thumb Code   242  tasks.o(i.xTaskGenericNotify)
    xTaskGetSchedulerState                   0x08009505   Thumb Code    24  tasks.o(i.xTaskGetSchedulerState)
    xTaskGetTickCount                        0x08009525   Thumb Code     6  tasks.o(i.xTaskGetTickCount)
    xTaskIncrementTick                       0x08009531   Thumb Code   286  tasks.o(i.xTaskIncrementTick)
    xTaskNotifyWait                          0x0800967d   Thumb Code   208  tasks.o(i.xTaskNotifyWait)
    xTaskPriorityDisinherit                  0x08009761   Thumb Code   188  tasks.o(i.xTaskPriorityDisinherit)
    xTaskRemoveFromEventList                 0x08009829   Thumb Code   132  tasks.o(i.xTaskRemoveFromEventList)
    xTaskRemoveFromUnorderedEventList        0x080098c5   Thumb Code   154  tasks.o(i.xTaskRemoveFromUnorderedEventList)
    xTaskResumeAll                           0x08009975   Thumb Code   224  tasks.o(i.xTaskResumeAll)
    APBAHBPrescTable                         0x08009a78   Data          16  stm32f4xx_hal_rcc.o(.constdata)
    AT                                       0x08009a88   Data        3200  hmm_param.o(.constdata)
    BT                                       0x0800a708   Data       10240  hmm_param.o(.constdata)
    Pi                                       0x0800cf08   Data         320  hmm_param.o(.constdata)
    codeBookData                             0x0800d048   Data         768  codebook_param.o(.constdata)
    __mathlib_zero                           0x0800d380   Data           8  qnan.o(.constdata)
    Region$$Table$$Base                      0x0800d3d4   Number         0  anon$$obj.o(Region$$Table)
    Region$$Table$$Limit                     0x0800d3f4   Number         0  anon$$obj.o(Region$$Table)
    pxCurrentTCB                             0x20000030   Data           4  tasks.o(.data)
    SystemCoreClock                          0x20000068   Data           4  system_stm32f4xx.o(.data)
    aqManagerHandle                          0x2000006c   Data           4  main.o(.data)
    preProcThreadHandle                      0x20000070   Data           4  main.o(.data)
    communicationThreadHandle                0x20000074   Data           4  main.o(.data)
    keypadThreadHandle                       0x20000078   Data           4  main.o(.data)
    gmotePwrCtrl                             0x2000007c   Data           4  main.o(.data)
    communicationMsgQ                        0x20000084   Data           4  comunication.o(.data)
    dummy                                    0x20000088   Data           4  gmoteisr.o(.data)
    accelFrameReadyMsgQ                      0x20000090   Data           4  sensoraq.o(.data)
    accelSampleReadyMsgQ                     0x20000094   Data           4  sensoraq.o(.data)
    gyroFrameReadyMsgQ                       0x20000098   Data           4  sensoraq.o(.data)
    accelGestThreadHandle                    0x2000009c   Data           4  sensoraq.o(.data)
    accelSimpleThreadHandle                  0x200000a0   Data           4  sensoraq.o(.data)
    gyroThreadHandle                         0x200000a4   Data           4  sensoraq.o(.data)
    notification                             0x200000a8   Data           4  sensoraq.o(.data)
    last                                     0x200000ac   Data           4  sensoraq.o(.data)
    keypadMsgQ                               0x200000b4   Data           4  keypad.o(.data)
    buttons                                  0x200000b8   Data          52  keypad.o(.data)
    preProcFramReadyMsgQ                     0x200000f0   Data           4  processing.o(.data)
    simpleProcFramReadyMsgQ                  0x200000f4   Data           4  processing.o(.data)
    simpleProcTaskHandle                     0x200000f8   Data           4  processing.o(.data)
    gestureProcTaskHandle                    0x200000fc   Data           4  processing.o(.data)
    gestureRecTaskHandle                     0x20000100   Data           4  processing.o(.data)
    gyroAq                                   0x20000108   Data           8  gyroaq.o(.data)
    interruptEn                              0x20000110   Data           4  gyroaq.o(.data)
    gyroDrdySemaph                           0x20000114   Data           4  gyroaq.o(.data)
    accelAq                                  0x20000118   Data           8  accelerometeraq.o(.data)
    accelDrdySemaph                          0x20000120   Data           4  accelerometeraq.o(.data)
    writeStrInc                              0x20000124   Data           7  accelerometer.o(.data)
    accelMutex                               0x2000012c   Data           4  accelerometer.o(.data)
    codebook                                 0x20000130   Data           4  codebook.o(.data)
    framesRdy                                0x20000134   Data           4  hmm.o(.data)
    likelyGest                               0x20000138   Data           4  hmm.o(.data)
    hmmCtrlTsk                               0x2000013c   Data           4  hmm.o(.data)
    goForward                                0x20000140   Data           4  hmm.o(.data)
    fwComplete                               0x20000144   Data           4  hmm.o(.data)
    __stdout                                 0x20000148   Data           4  retarget.o(.data)
    __stdin                                  0x2000014c   Data           4  retarget.o(.data)
    __nrfOut                                 0x20000150   Data           4  retarget.o(.data)
    __microlib_freelist                      0x20000160   Data           4  mvars.o(.data)
    __microlib_freelist_initialised          0x20000164   Data           4  mvars.o(.data)
    hi2c1                                    0x2000c5d4   Data          60  main.o(.bss)
    hspi1                                    0x2000c610   Data          88  main.o(.bss)
    hspi3                                    0x2000c668   Data          88  main.o(.bss)
    htim6                                    0x2000c6c0   Data          60  main.o(.bss)
    htim7                                    0x2000c6fc   Data          60  main.o(.bss)
    huart2                                   0x2000c738   Data          64  main.o(.bss)
    data                                     0x2000c778   Data        7200  sensor.o(.bss)
    alphabet_Models                          0x2000e398   Data         192  hmm.o(.bss)
    fwData                                   0x2000e458   Data        7488  hmm.o(.bss)
    forwardTsks                              0x20010198   Data          32  hmm.o(.bss)
    __heap_base                              0x20010338   Data           0  startup_stm32f407xx.o(HEAP)
    __heap_limit                             0x20010538   Data           0  startup_stm32f407xx.o(HEAP)
    __initial_sp                             0x20010938   Data           0  startup_stm32f407xx.o(STACK)



==============================================================================

Memory Map of the image

  Image Entry point : 0x08000189

  Load Region LR_IROM1 (Base: 0x08000000, Size: 0x0000d560, Max: 0x00100000, ABSOLUTE, COMPRESSED[0x0000d41c])

    Execution Region ER_IROM1 (Base: 0x08000000, Size: 0x0000d3f4, Max: 0x00100000, ABSOLUTE)

    Base Addr    Size         Type   Attr      Idx    E Section Name        Object

    0x08000000   0x00000188   Data   RO            3    RESET               startup_stm32f407xx.o
    0x08000188   0x00000000   Code   RO         5716  * .ARM.Collect$$$$00000000  mc_w.l(entry.o)
    0x08000188   0x00000004   Code   RO         6054    .ARM.Collect$$$$00000001  mc_w.l(entry2.o)
    0x0800018c   0x00000004   Code   RO         6057    .ARM.Collect$$$$00000004  mc_w.l(entry5.o)
    0x08000190   0x00000000   Code   RO         6059    .ARM.Collect$$$$00000008  mc_w.l(entry7b.o)
    0x08000190   0x00000000   Code   RO         6061    .ARM.Collect$$$$0000000A  mc_w.l(entry8b.o)
    0x08000190   0x00000008   Code   RO         6062    .ARM.Collect$$$$0000000B  mc_w.l(entry9a.o)
    0x08000198   0x00000000   Code   RO         6064    .ARM.Collect$$$$0000000D  mc_w.l(entry10a.o)
    0x08000198   0x00000000   Code   RO         6066    .ARM.Collect$$$$0000000F  mc_w.l(entry11a.o)
    0x08000198   0x00000004   Code   RO         6055    .ARM.Collect$$$$00002712  mc_w.l(entry2.o)
    0x0800019c   0x000000ba   Code   RO          133    .emb_text           port.o
    0x08000256   0x00000002   PAD
    0x08000258   0x00000024   Code   RO            4    .text               startup_stm32f407xx.o
    0x0800027c   0x000000d0   Code   RO         5595    .text               arm_cortexM4lf_math.lib(arm_mult_f32.o)
    0x0800034c   0x00000092   Code   RO         5640    .text               arm_cortexM4lf_math.lib(arm_scale_f32.o)
    0x080003de   0x00000002   PAD
    0x080003e0   0x00000072   Code   RO         5660    .text               arm_cortexM4lf_math.lib(arm_copy_f32.o)
    0x08000452   0x00000002   PAD
    0x08000454   0x0000008c   Code   RO         5680    .text               arm_cortexM4lf_math.lib(arm_fill_f32.o)
    0x080004e0   0x00000024   Code   RO         5719    .text               mc_w.l(memcpya.o)
    0x08000504   0x00000024   Code   RO         5721    .text               mc_w.l(memseta.o)
    0x08000528   0x0000014e   Code   RO         6014    .text               mf_w.l(dadd.o)
    0x08000676   0x000000e4   Code   RO         6016    .text               mf_w.l(dmul.o)
    0x0800075a   0x00000026   Code   RO         6018    .text               mf_w.l(f2d.o)
    0x08000780   0x00000030   Code   RO         6020    .text               mf_w.l(cdcmple.o)
    0x080007b0   0x00000030   Code   RO         6022    .text               mf_w.l(cdrcmple.o)
    0x080007e0   0x00000038   Code   RO         6024    .text               mf_w.l(d2f.o)
    0x08000818   0x0000002c   Code   RO         6068    .text               mc_w.l(uidiv.o)
    0x08000844   0x00000062   Code   RO         6070    .text               mc_w.l(uldiv.o)
    0x080008a6   0x0000001e   Code   RO         6072    .text               mc_w.l(llshl.o)
    0x080008c4   0x00000024   Code   RO         6074    .text               mc_w.l(llsshr.o)
    0x080008e8   0x00000000   Code   RO         6085    .text               mc_w.l(iusefp.o)
    0x080008e8   0x0000006e   Code   RO         6086    .text               mf_w.l(fepilogue.o)
    0x08000956   0x000000ba   Code   RO         6088    .text               mf_w.l(depilogue.o)
    0x08000a10   0x000000de   Code   RO         6090    .text               mf_w.l(ddiv.o)
    0x08000aee   0x00000022   Code   RO         6094    .text               mf_w.l(dflti.o)
    0x08000b10   0x00000030   Code   RO         6096    .text               mf_w.l(dfixul.o)
    0x08000b40   0x00000024   Code   RO         6101    .text               mc_w.l(init.o)
    0x08000b64   0x00000020   Code   RO         6103    .text               mc_w.l(llushr.o)
    0x08000b84   0x00000056   Code   RO         6113    .text               mc_w.l(__dczerorl2.o)
    0x08000bda   0x0000000a   Code   RO         1580    i.EXTI0_IRQHandler  stm32f4xx_it.o
    0x08000be4   0x00000034   Code   RO         1581    i.EXTI15_10_IRQHandler  stm32f4xx_it.o
    0x08000c18   0x0000000a   Code   RO         1582    i.EXTI1_IRQHandler  stm32f4xx_it.o
    0x08000c22   0x0000000a   Code   RO         1583    i.EXTI2_IRQHandler  stm32f4xx_it.o
    0x08000c2c   0x0000000a   Code   RO         1584    i.EXTI3_IRQHandler  stm32f4xx_it.o
    0x08000c36   0x0000000a   Code   RO         1585    i.EXTI4_IRQHandler  stm32f4xx_it.o
    0x08000c40   0x00000026   Code   RO         1586    i.EXTI9_5_IRQHandler  stm32f4xx_it.o
    0x08000c66   0x0000001a   Code   RO         2715    i.HAL_Delay         stm32f4xx_hal.o
    0x08000c80   0x000000d4   Code   RO         4448    i.HAL_GPIO_EXTI_Callback  gmoteisr.o
    0x08000d54   0x0000001c   Code   RO         2167    i.HAL_GPIO_EXTI_IRQHandler  stm32f4xx_hal_gpio.o
    0x08000d70   0x00000208   Code   RO         2168    i.HAL_GPIO_Init     stm32f4xx_hal_gpio.o
    0x08000f78   0x00000010   Code   RO         2170    i.HAL_GPIO_ReadPin  stm32f4xx_hal_gpio.o
    0x08000f88   0x0000000c   Code   RO         2172    i.HAL_GPIO_WritePin  stm32f4xx_hal_gpio.o
    0x08000f94   0x0000000c   Code   RO         2721    i.HAL_GetTick       stm32f4xx_hal.o
    0x08000fa0   0x00000120   Code   RO         1706    i.HAL_I2C_Init      stm32f4xx_hal_i2c.o
    0x080010c0   0x0000011c   Code   RO         1713    i.HAL_I2C_Master_Transmit  stm32f4xx_hal_i2c.o
    0x080011dc   0x0000022c   Code   RO         1718    i.HAL_I2C_Mem_Read  stm32f4xx_hal_i2c.o
    0x08001408   0x00000058   Code   RO         1323    i.HAL_I2C_MspInit   stm32f4xx_hal_msp.o
    0x08001460   0x00000010   Code   RO         2722    i.HAL_IncTick       stm32f4xx_hal.o
    0x08001470   0x0000003c   Code   RO         2723    i.HAL_Init          stm32f4xx_hal.o
    0x080014ac   0x00000024   Code   RO         2724    i.HAL_InitTick      stm32f4xx_hal.o
    0x080014d0   0x00000014   Code   RO         1324    i.HAL_MspInit       stm32f4xx_hal_msp.o
    0x080014e4   0x0000001c   Code   RO         2233    i.HAL_NVIC_DisableIRQ  stm32f4xx_hal_cortex.o
    0x08001500   0x0000001a   Code   RO         2234    i.HAL_NVIC_EnableIRQ  stm32f4xx_hal_cortex.o
    0x0800151a   0x0000007c   Code   RO         2240    i.HAL_NVIC_SetPriority  stm32f4xx_hal_cortex.o
    0x08001596   0x00000002   PAD
    0x08001598   0x00000028   Code   RO         2241    i.HAL_NVIC_SetPriorityGrouping  stm32f4xx_hal_cortex.o
    0x080015c0   0x000002b0   Code   RO         2360    i.HAL_RCC_ClockConfig  stm32f4xx_hal_rcc.o
    0x08001870   0x00000038   Code   RO         2365    i.HAL_RCC_GetHCLKFreq  stm32f4xx_hal_rcc.o
    0x080018a8   0x0000002c   Code   RO         2367    i.HAL_RCC_GetPCLK1Freq  stm32f4xx_hal_rcc.o
    0x080018d4   0x0000002c   Code   RO         2368    i.HAL_RCC_GetPCLK2Freq  stm32f4xx_hal_rcc.o
    0x08001900   0x000000b4   Code   RO         2369    i.HAL_RCC_GetSysClockFreq  stm32f4xx_hal_rcc.o
    0x080019b4   0x00000404   Code   RO         2372    i.HAL_RCC_OscConfig  stm32f4xx_hal_rcc.o
    0x08001db8   0x00000088   Code   RO         2472    i.HAL_SPI_Init      stm32f4xx_hal_spi.o
    0x08001e40   0x000000a4   Code   RO         1326    i.HAL_SPI_MspInit   stm32f4xx_hal_msp.o
    0x08001ee4   0x0000023c   Code   RO         2475    i.HAL_SPI_Receive   stm32f4xx_hal_spi.o
    0x08002120   0x000001be   Code   RO         2480    i.HAL_SPI_Transmit  stm32f4xx_hal_spi.o
    0x080022de   0x00000352   Code   RO         2481    i.HAL_SPI_TransmitReceive  stm32f4xx_hal_spi.o
    0x08002630   0x00000028   Code   RO         2243    i.HAL_SYSTICK_CLKSourceConfig  stm32f4xx_hal_cortex.o
    0x08002658   0x00000034   Code   RO         2245    i.HAL_SYSTICK_Config  stm32f4xx_hal_cortex.o
    0x0800268c   0x00000002   Code   RO         3525    i.HAL_TIMEx_BreakCallback  stm32f4xx_hal_tim_ex.o
    0x0800268e   0x00000002   Code   RO         3526    i.HAL_TIMEx_CommutationCallback  stm32f4xx_hal_tim_ex.o
    0x08002690   0x00000062   Code   RO         3542    i.HAL_TIMEx_MasterConfigSynchronization  stm32f4xx_hal_tim_ex.o
    0x080026f2   0x00000034   Code   RO         3766    i.HAL_TIM_Base_Init  stm32f4xx_hal_tim.o
    0x08002726   0x00000002   PAD
    0x08002728   0x0000006c   Code   RO         1328    i.HAL_TIM_Base_MspInit  stm32f4xx_hal_msp.o
    0x08002794   0x00000002   Code   RO         3795    i.HAL_TIM_IC_CaptureCallback  stm32f4xx_hal_tim.o
    0x08002796   0x00000196   Code   RO         3808    i.HAL_TIM_IRQHandler  stm32f4xx_hal_tim.o
    0x0800292c   0x00000002   Code   RO         3811    i.HAL_TIM_OC_DelayElapsedCallback  stm32f4xx_hal_tim.o
    0x0800292e   0x00000002   PAD
    0x08002930   0x0000004c   Code   RO         3816    i.HAL_TIM_OC_Start  stm32f4xx_hal_tim.o
    0x0800297c   0x00000080   Code   RO         3819    i.HAL_TIM_OC_Stop   stm32f4xx_hal_tim.o
    0x080029fc   0x00000002   Code   RO         3838    i.HAL_TIM_PWM_PulseFinishedCallback  stm32f4xx_hal_tim.o
    0x080029fe   0x00000002   Code   RO         3845    i.HAL_TIM_PeriodElapsedCallback  stm32f4xx_hal_tim.o
    0x08002a00   0x00000002   Code   RO         3849    i.HAL_TIM_TriggerCallback  stm32f4xx_hal_tim.o
    0x08002a02   0x0000006e   Code   RO         2924    i.HAL_UART_Init     stm32f4xx_hal_uart.o
    0x08002a70   0x00000058   Code   RO         1330    i.HAL_UART_MspInit  stm32f4xx_hal_msp.o
    0x08002ac8   0x000000f0   Code   RO         2932    i.HAL_UART_Transmit  stm32f4xx_hal_uart.o
    0x08002bb8   0x00000188   Code   RO         4964    i.HMM_ControlTsk    hmm.o
    0x08002d40   0x00000364   Code   RO         4965    i.HMM_ForwardTsk    hmm.o
    0x080030a4   0x000000dc   Code   RO         4966    i.HMM_Init          hmm.o
    0x08003180   0x00000080   Code   RO         4967    i.HMM_Init_models   hmm.o
    0x08003200   0x0000008c   Code   RO         1744    i.I2C_MasterRequestWrite  stm32f4xx_hal_i2c.o
    0x0800328c   0x00000114   Code   RO         1747    i.I2C_RequestMemoryRead  stm32f4xx_hal_i2c.o
    0x080033a0   0x000000de   Code   RO         1756    i.I2C_WaitOnFlagUntilTimeout  stm32f4xx_hal_i2c.o
    0x0800347e   0x000000aa   Code   RO         1757    i.I2C_WaitOnMasterAddressFlagUntilTimeout  stm32f4xx_hal_i2c.o
    0x08003528   0x00000060   Code   RO         4704    i.MPU_GetGyro_Sample  mpu6050_gyro.o
    0x08003588   0x0000009c   Code   RO         4705    i.MPU_Initialize    mpu6050_gyro.o
    0x08003624   0x00000024   Code   RO         4706    i.MPU_Register_Read  mpu6050_gyro.o
    0x08003648   0x00000024   Code   RO         4707    i.MPU_Register_Write  mpu6050_gyro.o
    0x0800366c   0x00000274   Code   RO         1398    i.MX_GPIO_Init      main.o
    0x080038e0   0x00000038   Code   RO         1399    i.MX_I2C1_Init      main.o
    0x08003918   0x00000040   Code   RO         1400    i.MX_SPI1_Init      main.o
    0x08003958   0x0000003c   Code   RO         1401    i.MX_SPI3_Init      main.o
    0x08003994   0x00000030   Code   RO         1402    i.MX_TIM6_Init      main.o
    0x080039c4   0x00000038   Code   RO         1403    i.MX_TIM7_Init      main.o
    0x080039fc   0x00000030   Code   RO         1404    i.MX_USART2_UART_Init  main.o
    0x08003a2c   0x00000010   Code   RO         2247    i.NVIC_GetPriorityGrouping  stm32f4xx_hal_cortex.o
    0x08003a3c   0x00000028   Code   RO         2248    i.NVIC_SetPriority  stm32f4xx_hal_cortex.o
    0x08003a64   0x0000003c   Code   RO         5389    i.SPI_Send          nrf24l01.o
    0x08003aa0   0x00000114   Code   RO         2503    i.SPI_WaitOnFlagUntilTimeout  stm32f4xx_hal_spi.o
    0x08003bb4   0x0000000c   Code   RO         1587    i.SysTick_Handler   stm32f4xx_it.o
    0x08003bc0   0x00000094   Code   RO         1406    i.SystemClock_Config  main.o
    0x08003c54   0x00000064   Code   RO         1285    i.SystemInit        system_stm32f4xx.o
    0x08003cb8   0x00000010   Code   RO         1588    i.TIM7_IRQHandler   stm32f4xx_it.o
    0x08003cc8   0x000000e4   Code   RO         3850    i.TIM_Base_SetConfig  stm32f4xx_hal_tim.o
    0x08003dac   0x0000001c   Code   RO         3851    i.TIM_CCxChannelCmd  stm32f4xx_hal_tim.o
    0x08003dc8   0x00000224   Code   RO         2944    i.UART_SetConfig    stm32f4xx_hal_uart.o
    0x08003fec   0x000000fa   Code   RO         2946    i.UART_WaitOnFlagUntilTimeout  stm32f4xx_hal_uart.o
    0x080040e6   0x00000002   PAD
    0x080040e8   0x0000001c   Code   RO         5957    i.__0fprintf        mc_w.l(printfa.o)
    0x08004104   0x00000020   Code   RO         5958    i.__0printf         mc_w.l(printfa.o)
    0x08004124   0x00000004   PAD
    0x08004128   0x000003c4   Code   RO         6040    i.__hardfp_log      m_wm.l(log.o)
    0x080044ec   0x00000004   PAD
    0x080044f0   0x00000130   Code   RO         5704    i.__hardfp_log10    m_wm.l(log10.o)
    0x08004620   0x000000f8   Code   RO         6098    i.__kernel_poly     m_wm.l(poly.o)
    0x08004718   0x00000030   Code   RO         6026    i.__mathlib_dbl_divzero  m_wm.l(dunder.o)
    0x08004748   0x00000014   Code   RO         6027    i.__mathlib_dbl_infnan  m_wm.l(dunder.o)
    0x0800475c   0x00000004   PAD
    0x08004760   0x00000020   Code   RO         6029    i.__mathlib_dbl_invalid  m_wm.l(dunder.o)
    0x08004780   0x0000000e   Code   RO         6107    i.__scatterload_copy  mc_w.l(handlers.o)
    0x0800478e   0x00000002   Code   RO         6108    i.__scatterload_null  mc_w.l(handlers.o)
    0x08004790   0x0000000e   Code   RO         6109    i.__scatterload_zeroinit  mc_w.l(handlers.o)
    0x0800479e   0x00000002   PAD
    0x080047a0   0x0000000c   Code   RO         6080    i.__set_errno       mc_w.l(errno.o)
    0x080047ac   0x00000164   Code   RO         5965    i._fp_digits        mc_w.l(printfa.o)
    0x08004910   0x000006dc   Code   RO         5966    i._printf_core      mc_w.l(printfa.o)
    0x08004fec   0x00000024   Code   RO         5967    i._printf_post_padding  mc_w.l(printfa.o)
    0x08005010   0x0000002e   Code   RO         5968    i._printf_pre_padding  mc_w.l(printfa.o)
    0x0800503e   0x00000002   PAD
    0x08005040   0x00000028   Code   RO         4833    i.accelInit         accelerometer.o
    0x08005068   0x00000078   Code   RO         4885    i.accel_byteByByte  accelerometer.o
    0x080050e0   0x00000084   Code   RO         4879    i.accel_fifoEnable  accelerometer.o
    0x08005164   0x00000074   Code   RO         4834    i.accel_multiRead   accelerometer.o
    0x080051d8   0x00000094   Code   RO         4835    i.accel_read        accelerometer.o
    0x0800526c   0x00000070   Code   RO         4836    i.accel_write       accelerometer.o
    0x080052dc   0x00000138   Code   RO         4476    i.aqManager         sensoraq.o
    0x08005414   0x00000020   Code   RO         5030    i.clear_results     kdtree.o
    0x08005434   0x000000dc   Code   RO         4913    i.codeBook_init     codebook.o
    0x08005510   0x00000048   Code   RO         4914    i.codebook_idx      codebook.o
    0x08005558   0x0000006c   Code   RO         4915    i.codebook_vecToIdx  codebook.o
    0x080055c4   0x0000001c   Code   RO         4405    i.communication_init  comunication.o
    0x080055e0   0x0000004c   Code   RO         4406    i.communication_run  comunication.o
    0x0800562c   0x00000006   Code   RO         4407    i.communication_validate  comunication.o
    0x08005632   0x00000002   PAD
    0x08005634   0x0000003c   Code   RO          465    i.eTaskConfirmSleepModeStatus  tasks.o
    0x08005670   0x00000084   Code   RO          466    i.eTaskGetState     tasks.o
    0x080056f4   0x0000014c   Code   RO         5547    i.error             error.o
    0x08005840   0x00000038   Code   RO         5333    i.fputc             retarget.o
    0x08005878   0x000000e8   Code   RO         4477    i.gEquilib          sensoraq.o
    0x08005960   0x000001a0   Code   RO         4478    i.gPress            sensoraq.o
    0x08005b00   0x00000084   Code   RO         4605    i.gestPreprocessing  processing.o
    0x08005b84   0x0000009c   Code   RO         4606    i.gestReconResult   processing.o
    0x08005c20   0x00000064   Code   RO         5032    i.hyperrect_create  kdtree.o
    0x08005c84   0x00000194   Code   RO         5033    i.hyperrect_dist_sq  kdtree.o
    0x08005e18   0x0000000e   Code   RO         5034    i.hyperrect_duplicate  kdtree.o
    0x08005e26   0x00000098   Code   RO         5035    i.hyperrect_extend  kdtree.o
    0x08005ebe   0x00000018   Code   RO         5036    i.hyperrect_free    kdtree.o
    0x08005ed6   0x00000002   PAD
    0x08005ed8   0x0000002c   Code   RO         4793    i.initAccelAq       accelerometeraq.o
    0x08005f04   0x00000008   Code   RO         4674    i.initBuffer        sensor.o
    0x08005f0c   0x00000028   Code   RO         4759    i.initGyroAq        gyroaq.o
    0x08005f34   0x000000bc   Code   RO         5037    i.insert_rec        kdtree.o
    0x08005ff0   0x0000001e   Code   RO         5039    i.kd_create         kdtree.o
    0x0800600e   0x0000003e   Code   RO         5042    i.kd_insert         kdtree.o
    0x0800604c   0x00000068   Code   RO         5045    i.kd_insertf        kdtree.o
    0x080060b4   0x0000015c   Code   RO         5046    i.kd_nearest        kdtree.o
    0x08006210   0x000001cc   Code   RO         5049    i.kd_nearest_i      kdtree.o
    0x080063dc   0x00000064   Code   RO         5054    i.kd_nearestf       kdtree.o
    0x08006440   0x00000018   Code   RO         5056    i.kd_res_free       kdtree.o
    0x08006458   0x0000002a   Code   RO         5057    i.kd_res_item       kdtree.o
    0x08006482   0x0000000e   Code   RO         5060    i.kd_res_item_data  kdtree.o
    0x08006490   0x00000008   Code   RO         5063    i.kd_res_rewind     kdtree.o
    0x08006498   0x0000009c   Code   RO         4525    i.keypad_actionPressed  keypad.o
    0x08006534   0x00000024   Code   RO         4526    i.keypad_actionReleased  keypad.o
    0x08006558   0x000000e4   Code   RO         4527    i.keypad_buttonState  keypad.o
    0x0800663c   0x00000050   Code   RO         4528    i.keypad_debounceButton  keypad.o
    0x0800668c   0x00000012   Code   RO         4529    i.keypad_getButtonFromPin  keypad.o
    0x0800669e   0x0000006a   Code   RO         4530    i.keypad_getCMD     keypad.o
    0x08006708   0x000000d8   Code   RO         4531    i.keypad_init       keypad.o
    0x080067e0   0x0000006c   Code   RO         4532    i.keypad_run        keypad.o
    0x0800684c   0x00000010   Code   RO         6042    i.log               m_wm.l(log.o)
    0x0800685c   0x00000108   Code   RO         1407    i.main              main.o
    0x08006964   0x0000006c   Code   RO         5987    i.malloc            mc_w.l(malloc.o)
    0x080069d0   0x0000011c   Code   RO         5390    i.nrf24l01_Init     nrf24l01.o
    0x08006aec   0x00000024   Code   RO         5392    i.nrf24l01_flushTXfifo  nrf24l01.o
    0x08006b10   0x00000028   Code   RO         5393    i.nrf24l01_getStatus  nrf24l01.o
    0x08006b38   0x00000030   Code   RO         5397    i.nrf24l01_readregister  nrf24l01.o
    0x08006b68   0x0000001c   Code   RO         5399    i.nrf24l01_revaddress  nrf24l01.o
    0x08006b84   0x0000002c   Code   RO         5401    i.nrf24l01_setRxAddr  nrf24l01.o
    0x08006bb0   0x00000048   Code   RO         5402    i.nrf24l01_setTX    nrf24l01.o
    0x08006bf8   0x00000030   Code   RO         5403    i.nrf24l01_setTxAddr  nrf24l01.o
    0x08006c28   0x0000001e   Code   RO         5404    i.nrf24l01_setcrclength  nrf24l01.o
    0x08006c46   0x0000001c   Code   RO         5405    i.nrf24l01_setdatarate  nrf24l01.o
    0x08006c62   0x0000001c   Code   RO         5406    i.nrf24l01_setpalevel  nrf24l01.o
    0x08006c7e   0x00000018   Code   RO         5407    i.nrf24l01_txSend   nrf24l01.o
    0x08006c96   0x00000002   PAD
    0x08006c98   0x00000098   Code   RO         5408    i.nrf24l01_write    nrf24l01.o
    0x08006d30   0x00000034   Code   RO         5409    i.nrf24l01_writeRegister  nrf24l01.o
    0x08006d64   0x00000048   Code   RO         5410    i.nrf24l01_writeRegisters  nrf24l01.o
    0x08006dac   0x00000010   Code   RO          929    i.osSystickHandler  cmsis_os.o
    0x08006dbc   0x0000000c   Code   RO         4897    i.pause_accel       accelerometer.o
    0x08006dc8   0x000000d4   Code   RO         4608    i.processing_run    processing.o
    0x08006e9c   0x00000054   Code   RO          467    i.prvAddCurrentTaskToDelayedList  tasks.o
    0x08006ef0   0x00000042   Code   RO          468    i.prvAllocateTCBAndStack  tasks.o
    0x08006f32   0x00000002   PAD
    0x08006f34   0x00000064   Code   RO          469    i.prvCheckTasksWaitingTermination  tasks.o
    0x08006f98   0x0000002a   Code   RO          287    i.prvCopyDataFromQueue  queue.o
    0x08006fc2   0x00000080   Code   RO          288    i.prvCopyDataToQueue  queue.o
    0x08007042   0x00000012   Code   RO          470    i.prvDeleteTCB      tasks.o
    0x08007054   0x00000034   Code   RO          471    i.prvGetExpectedIdleTime  tasks.o
    0x08007088   0x0000007c   Code   RO           54    i.prvHeapInit       heap_4.o
    0x08007104   0x0000008c   Code   RO          472    i.prvIdleTask       tasks.o
    0x08007190   0x00000062   Code   RO          473    i.prvInitialiseTCBVariables  tasks.o
    0x080071f2   0x00000002   PAD
    0x080071f4   0x00000068   Code   RO          474    i.prvInitialiseTaskLists  tasks.o
    0x0800725c   0x00000068   Code   RO           55    i.prvInsertBlockIntoFreeList  heap_4.o
    0x080072c4   0x0000001a   Code   RO          289    i.prvIsQueueEmpty   queue.o
    0x080072de   0x0000001e   Code   RO          290    i.prvIsQueueFull    queue.o
    0x080072fc   0x00000034   Code   RO          476    i.prvResetNextTaskUnblockTime  tasks.o
    0x08007330   0x00000040   Code   RO          134    i.prvTaskExitError  port.o
    0x08007370   0x00000058   Code   RO          478    i.prvTaskIsTaskSuspended  tasks.o
    0x080073c8   0x0000001e   Code   RO          213    i.prvTestWaitCondition  event_groups.o
    0x080073e6   0x0000007e   Code   RO          291    i.prvUnlockQueue    queue.o
    0x08007464   0x0000013c   Code   RO           56    i.pvPortMalloc      heap_4.o
    0x080075a0   0x00000020   Code   RO          479    i.pvTaskIncrementMutexHeldCount  tasks.o
    0x080075c0   0x00000028   Code   RO          135    i.pxPortInitialiseStack  port.o
    0x080075e8   0x00000044   Code   RO         4837    i.read_sample       accelerometer.o
    0x0800762c   0x00000074   Code   RO         5065    i.rlist_insert      kdtree.o
    0x080076a0   0x00000160   Code   RO         4794    i.runAccelGest      accelerometeraq.o
    0x08007800   0x000000c4   Code   RO         4795    i.runAccelSimple    accelerometeraq.o
    0x080078c4   0x00000148   Code   RO         4760    i.runGyroGest       gyroaq.o
    0x08007a0c   0x00000084   Code   RO         4533    i.setInterruptState  keypad.o
    0x08007a90   0x00000070   Code   RO         4609    i.simpleProc        processing.o
    0x08007b00   0x0000009c   Code   RO         5293    i.simpleProcessing  simpleprocessing.o
    0x08007b9c   0x00000044   Code   RO         4891    i.start_accel       accelerometer.o
    0x08007be0   0x0000002e   Code   RO         4968    i.test_DSP_mult     hmm.o
    0x08007c0e   0x00000002   PAD
    0x08007c10   0x0000004c   Code   RO         5571    i.usDelay           usdelay.o
    0x08007c5c   0x00000028   Code   RO         1245    i.uxListRemove      list.o
    0x08007c84   0x0000001c   Code   RO          486    i.uxTaskResetEventItemValue  tasks.o
    0x08007ca0   0x0000001a   Code   RO         1246    i.vListInitialise   list.o
    0x08007cba   0x00000006   Code   RO         1247    i.vListInitialiseItem  list.o
    0x08007cc0   0x00000034   Code   RO         1248    i.vListInsert       list.o
    0x08007cf4   0x00000018   Code   RO         1249    i.vListInsertEnd    list.o
    0x08007d0c   0x00000054   Code   RO          137    i.vPortEnterCritical  port.o
    0x08007d60   0x0000003c   Code   RO          138    i.vPortExitCritical  port.o
    0x08007d9c   0x00000094   Code   RO           57    i.vPortFree         heap_4.o
    0x08007e30   0x0000005c   Code   RO          139    i.vPortSetupTimerInterrupt  port.o
    0x08007e8c   0x00000144   Code   RO          140    i.vPortSuppressTicksAndSleep  port.o
    0x08007fd0   0x00000078   Code   RO          141    i.vPortValidateInterruptPriority  port.o
    0x08008048   0x000000e0   Code   RO          488    i.vTaskDelete       tasks.o
    0x08008128   0x0000000c   Code   RO          490    i.vTaskMissedYield  tasks.o
    0x08008134   0x0000007c   Code   RO          492    i.vTaskPlaceOnEventList  tasks.o
    0x080081b0   0x000000b4   Code   RO          493    i.vTaskPlaceOnUnorderedEventList  tasks.o
    0x08008264   0x000000b0   Code   RO          494    i.vTaskPriorityInherit  tasks.o
    0x08008314   0x00000114   Code   RO          495    i.vTaskPrioritySet  tasks.o
    0x08008428   0x00000094   Code   RO          496    i.vTaskResume       tasks.o
    0x080084bc   0x00000030   Code   RO          498    i.vTaskSetTimeOutState  tasks.o
    0x080084ec   0x00000070   Code   RO          499    i.vTaskStartScheduler  tasks.o
    0x0800855c   0x00000040   Code   RO          500    i.vTaskStepTick     tasks.o
    0x0800859c   0x000000e8   Code   RO          501    i.vTaskSuspend      tasks.o
    0x08008684   0x00000010   Code   RO          502    i.vTaskSuspendAll   tasks.o
    0x08008694   0x0000008c   Code   RO          503    i.vTaskSwitchContext  tasks.o
    0x08008720   0x0000002c   Code   RO         4970    i.vec_content_sum   hmm.o
    0x0800874c   0x0000001a   Code   RO          219    i.xEventGroupCreate  event_groups.o
    0x08008766   0x000000ce   Code   RO          221    i.xEventGroupSetBits  event_groups.o
    0x08008834   0x00000154   Code   RO          223    i.xEventGroupWaitBits  event_groups.o
    0x08008988   0x0000013c   Code   RO          142    i.xPortStartScheduler  port.o
    0x08008ac4   0x00000034   Code   RO          143    i.xPortSysTickHandler  port.o
    0x08008af8   0x00000074   Code   RO          301    i.xQueueCreateCountingSemaphore  queue.o
    0x08008b6c   0x00000064   Code   RO          302    i.xQueueCreateMutex  queue.o
    0x08008bd0   0x0000008c   Code   RO          303    i.xQueueGenericCreate  queue.o
    0x08008c5c   0x000001ac   Code   RO          304    i.xQueueGenericReceive  queue.o
    0x08008e08   0x00000094   Code   RO          305    i.xQueueGenericReset  queue.o
    0x08008e9c   0x000001a0   Code   RO          306    i.xQueueGenericSend  queue.o
    0x0800903c   0x000000f0   Code   RO          307    i.xQueueGenericSendFromISR  queue.o
    0x0800912c   0x000000d6   Code   RO          308    i.xQueueGiveFromISR  queue.o
    0x08009202   0x00000002   PAD
    0x08009204   0x0000008c   Code   RO          504    i.xTaskCheckForTimeOut  tasks.o
    0x08009290   0x00000170   Code   RO          505    i.xTaskGenericCreate  tasks.o
    0x08009400   0x00000104   Code   RO          506    i.xTaskGenericNotify  tasks.o
    0x08009504   0x00000020   Code   RO          508    i.xTaskGetSchedulerState  tasks.o
    0x08009524   0x0000000c   Code   RO          509    i.xTaskGetTickCount  tasks.o
    0x08009530   0x0000014c   Code   RO          511    i.xTaskIncrementTick  tasks.o
    0x0800967c   0x000000e4   Code   RO          513    i.xTaskNotifyWait   tasks.o
    0x08009760   0x000000c8   Code   RO          514    i.xTaskPriorityDisinherit  tasks.o
    0x08009828   0x0000009c   Code   RO          515    i.xTaskRemoveFromEventList  tasks.o
    0x080098c4   0x000000b0   Code   RO          516    i.xTaskRemoveFromUnorderedEventList  tasks.o
    0x08009974   0x00000104   Code   RO          517    i.xTaskResumeAll    tasks.o
    0x08009a78   0x00000010   Data   RO         2373    .constdata          stm32f4xx_hal_rcc.o
    0x08009a88   0x000035c0   Data   RO         4949    .constdata          hmm_param.o
    0x0800d048   0x00000300   Data   RO         5314    .constdata          codebook_param.o
    0x0800d348   0x00000038   Data   RO         6043    .constdata          m_wm.l(log.o)
    0x0800d380   0x00000008   Data   RO         6100    .constdata          m_wm.l(qnan.o)
    0x0800d388   0x0000004c   Data   RO         4838    .conststring        accelerometer.o
    0x0800d3d4   0x00000020   Data   RO         6105    Region$$Table       anon$$obj.o


    Execution Region RW_IRAM1 (Base: 0x20000000, Size: 0x00010938, Max: 0x00020000, ABSOLUTE, COMPRESSED[0x00000028])

    Base Addr    Size         Type   Attr      Idx    E Section Name        Object

    0x20000000   0x00000018   Data   RW           62    .data               heap_4.o
    0x20000018   0x00000018   Data   RW          144    .data               port.o
    0x20000030   0x00000038   Data   RW          520    .data               tasks.o
    0x20000068   0x00000004   Data   RW         1287    .data               system_stm32f4xx.o
    0x2000006c   0x00000014   Data   RW         1409    .data               main.o
    0x20000080   0x00000004   Data   RW         2729    .data               stm32f4xx_hal.o
    0x20000084   0x00000004   Data   RW         4408    .data               comunication.o
    0x20000088   0x00000008   Data   RW         4449    .data               gmoteisr.o
    0x20000090   0x00000024   Data   RW         4480    .data               sensoraq.o
    0x200000b4   0x0000003c   Data   RW         4535    .data               keypad.o
    0x200000f0   0x00000018   Data   RW         4610    .data               processing.o
    0x20000108   0x00000010   Data   RW         4761    .data               gyroaq.o
    0x20000118   0x0000000c   Data   RW         4796    .data               accelerometeraq.o
    0x20000124   0x0000000c   Data   RW         4839    .data               accelerometer.o
    0x20000130   0x00000004   Data   RW         4916    .data               codebook.o
    0x20000134   0x00000014   Data   RW         4972    .data               hmm.o
    0x20000148   0x0000000c   Data   RW         5334    .data               retarget.o
    0x20000154   0x0000000a   Data   RW         5412    .data               nrf24l01.o
    0x2000015e   0x00000002   PAD
    0x20000160   0x00000004   Data   RW         6076    .data               mc_w.l(mvars.o)
    0x20000164   0x00000004   Data   RW         6077    .data               mc_w.l(mvars.o)
    0x20000168   0x00000004   Data   RW         6081    .data               mc_w.l(errno.o)
    0x2000016c   0x0000c350   Zero   RW           61    .bss                heap_4.o
    0x2000c4bc   0x00000118   Zero   RW          519    .bss                tasks.o
    0x2000c5d4   0x000001a4   Zero   RW         1408    .bss                main.o
    0x2000c778   0x00001c20   Zero   RW         4675    .bss                sensor.o
    0x2000e398   0x00001e20   Zero   RW         4971    .bss                hmm.o
    0x200101b8   0x00000180   Zero   RW         5066    .bss                kdtree.o
    0x20010338   0x00000200   Zero   RW            2    HEAP                startup_stm32f407xx.o
    0x20010538   0x00000400   Zero   RW            1    STACK               startup_stm32f407xx.o


==============================================================================

Image component sizes


      Code (inc. data)   RO Data    RW Data    ZI Data      Debug   Object Name

       816        176         76         12          0       6250   accelerometer.o
       592         44          0         12          0       2492   accelerometeraq.o
        16          0          0          0          0       2947   cmsis_os.o
       400        132          0          4          0       2550   codebook.o
         0          0        768          0          0        543   codebook_param.o
       110         20          0          4          0       1886   comunication.o
         0          0          0          0          0      13372   croutine.o
       332         26          0          0          0        732   error.o
       602          6          0          0          0       5719   event_groups.o
       212         26          0          8          0        853   gmoteisr.o
       368         42          0         16          0       1611   gyroaq.o
       692         62          0         24      50000       8771   heap_4.o
      1698        136          0         20       7712       9870   hmm.o
         0          0      13760          0          0        607   hmm_param.o
      2222         54          0          0        384      14551   kdtree.o
      1080         44          0         60          0       7300   keypad.o
       148          0          0          0          0       3630   list.o
      1372        186          0         20        420      22435   main.o
       324         32          0          0          0       2863   mpu6050_gyro.o
      1046         90          0         10          0       9911   nrf24l01.o
      1338        112          0         24          0      18894   port.o
       612        120          0         24          0       3131   processing.o
      2154         12          0          0          0      14913   queue.o
        56         12          0         12          0       2476   retarget.o
         8          0          0          0       7200       1588   sensor.o
       960        188          0         36          0       2667   sensoraq.o
       156          0          0          0          0       1059   simpleprocessing.o
        36          8        392          0       1536        968   startup_stm32f407xx.o
       150         16          0          4          0       4250   stm32f4xx_hal.o
       366         28          0          0          0      31819   stm32f4xx_hal_cortex.o
       576         52          0          0          0       3746   stm32f4xx_hal_gpio.o
      1936         36          0          0          0       7196   stm32f4xx_hal_i2c.o
       468         62          0          0          0       3584   stm32f4xx_hal_msp.o
      2040         66         16          0          0       6063   stm32f4xx_hal_rcc.o
      2280          0          0          0          0       5846   stm32f4xx_hal_spi.o
       928         60          0          0          0       7888   stm32f4xx_hal_tim.o
       102          0          0          0          0       2386   stm32f4xx_hal_tim_ex.o
      1148         10          0          0          0       3792   stm32f4xx_hal_uart.o
       168          6          0          0          0       4543   stm32f4xx_it.o
       100         18          0          4          0       2605   system_stm32f4xx.o
      4970        630          0         56        280     397665   tasks.o
         0          0          0          0          0       3052   timers.o
        76          8          0          0          0        538   usdelay.o

    ----------------------------------------------------------------------
     32682       2520      15044        352      67532     649562   Object Totals
         0          0         32          0          0          0   (incl. Generated)
        24          0          0          2          0          0   (incl. Padding)

    ----------------------------------------------------------------------

      Code (inc. data)   RO Data    RW Data    ZI Data      Debug   Library Member Name

       114          0          0          0          0        855   arm_copy_f32.o
       140          0          0          0          0       1267   arm_fill_f32.o
       208          0          0          0          0      15527   arm_mult_f32.o
       146          0          0          0          0       1008   arm_scale_f32.o
       100         28          0          0          0        372   dunder.o
       980         92         56          0          0        440   log.o
       304         44          0          0          0        200   log10.o
       248          0          0          0          0        152   poly.o
         0          0          8          0          0          0   qnan.o
        86          0          0          0          0          0   __dczerorl2.o
         0          0          0          0          0          0   entry.o
         0          0          0          0          0          0   entry10a.o
         0          0          0          0          0          0   entry11a.o
         8          4          0          0          0          0   entry2.o
         4          0          0          0          0          0   entry5.o
         0          0          0          0          0          0   entry7b.o
         0          0          0          0          0          0   entry8b.o
         8          4          0          0          0          0   entry9a.o
        12          6          0          4          0         68   errno.o
        30          0          0          0          0          0   handlers.o
        36          8          0          0          0         68   init.o
         0          0          0          0          0          0   iusefp.o
        30          0          0          0          0         68   llshl.o
        36          0          0          0          0         68   llsshr.o
        32          0          0          0          0         68   llushr.o
       108         16          0          0          0         84   malloc.o
        36          0          0          0          0         68   memcpya.o
        36          0          0          0          0        108   memseta.o
         0          0          0          8          0          0   mvars.o
      2254         96          0          0          0        528   printfa.o
        44          0          0          0          0         80   uidiv.o
        98          0          0          0          0         92   uldiv.o
        48          0          0          0          0         68   cdcmple.o
        48          0          0          0          0         68   cdrcmple.o
        56          0          0          0          0         88   d2f.o
       334          0          0          0          0        148   dadd.o
       222          0          0          0          0        100   ddiv.o
       186          0          0          0          0        176   depilogue.o
        48          0          0          0          0         68   dfixul.o
        34          0          0          0          0         76   dflti.o
       228          0          0          0          0         96   dmul.o
        38          0          0          0          0         68   f2d.o
       110          0          0          0          0        168   fepilogue.o

    ----------------------------------------------------------------------
      6470        306         64         12          0      22245   Library Totals
        20          8          0          0          0          0   (incl. Padding)

    ----------------------------------------------------------------------

      Code (inc. data)   RO Data    RW Data    ZI Data      Debug   Library Name

       608          0          0          0          0      18657   arm_cortexM4lf_math.lib
      1632        164         64          0          0       1164   m_wm.l
      2858        134          0         12          0       1300   mc_w.l
      1352          0          0          0          0       1124   mf_w.l

    ----------------------------------------------------------------------
      6470        306         64         12          0      22245   Library Totals

    ----------------------------------------------------------------------

==============================================================================


      Code (inc. data)   RO Data    RW Data    ZI Data      Debug   

     39152       2826      15108        364      67532     646743   Grand Totals
     39152       2826      15108         40      67532     646743   ELF Image Totals (compressed)
     39152       2826      15108         40          0          0   ROM Totals

==============================================================================

    Total RO  Size (Code + RO Data)                54260 (  52.99kB)
    Total RW  Size (RW Data + ZI Data)             67896 (  66.30kB)
    Total ROM Size (Code + RO Data + RW Data)      54300 (  53.03kB)

==============================================================================

